06-04 12:27:30.104  1173  3058 W WindowManager: Changing focus fromWindow{ff0360d u0 com.android.settings/com.android.settings.SubSettings} to null displayId=0 Callers=com.android.server.wm.RootWindowContainer.updateFocusedWindowLocked:457 com.android.server.wm.WindowManagerService.updateFocusedWindowLocked:5602 com.android.server.wm.DisplayContent.setFocusedApp:5517 com.android.server.wm.ActivityTaskManagerService.setResumedActivityUncheckLocked:5510 
06-04 12:27:30.146  1173  1504 I ActivityManager: Process pl.mindmade.pim (pid 10516) has died: fg  TOP 
06-04 12:27:30.203  1173  1192 W ActivityManager: setHasOverlayUi called on unknown pid: 10516
06-04 12:27:30.265  1173  1200 W ActivityManager: Slow operation: 55ms so far, now at startProcess: returned from zygote!
06-04 12:27:30.266  1173  1200 W ActivityManager: Slow operation: 56ms so far, now at startProcess: done updating battery stats
06-04 12:27:30.267  1173  1200 W ActivityManager: Slow operation: 57ms so far, now at startProcess: building log message
06-04 12:27:30.267  1173  1200 I ActivityManager: Start proc 10796:pl.mindmade.pim/u0a170 for top-activity {pl.mindmade.pim/pl.mindmade.pim.splash.SplashActivity}
06-04 12:27:30.267  1173  1200 W ActivityManager: Slow operation: 57ms so far, now at startProcess: starting to update pids map
06-04 12:27:30.271  1173  1200 W ActivityManager: Slow operation: 60ms so far, now at startProcess: done updating pids map
06-04 12:27:32.851  1173  1717 I WindowManager: Relayout Window{6d617fb u0 pl.mindmade.pim/pl.mindmade.pim.splash.SplashActivity}: oldVis=4 newVis=0 focusMayChange = true
06-04 12:27:32.856  1173  1717 W WindowManager: Changing focus fromnull to Window{6d617fb u0 pl.mindmade.pim/pl.mindmade.pim.splash.SplashActivity} displayId=0 Callers=com.android.server.wm.RootWindowContainer.updateFocusedWindowLocked:457 com.android.server.wm.WindowManagerService.updateFocusedWindowLocked:5602 com.android.server.wm.WindowManagerService.relayoutWindow:2395 com.android.server.wm.Session.relayout:213 
06-04 12:27:33.073  1173  1205 E KernelCpuSpeedReader: Failed to read cpu-freq: /sys/devices/system/cpu/cpu4/cpufreq/stats/time_in_state: open failed: ENOENT (No such file or directory)
06-04 12:27:33.074  1173  1205 E KernelCpuSpeedReader: Failed to read cpu-freq: /sys/devices/system/cpu/cpu0/cpufreq/stats/time_in_state: open failed: ENOENT (No such file or directory)
06-04 12:27:34.150  1173  1173 W NotificationHistory: Attempted to add notif for locked/gone/disabled user 0
06-04 12:27:35.517  1173  4139 I ActivityTaskManager: START u0 {cmp=pl.mindmade.pim/.main.MainActivity} from uid 10170
06-04 12:27:35.542  1173  1717 W ActivityTaskManager: Tried to set launchTime (0) < mLastActivityLaunchTime (671897)
06-04 12:27:35.546  1173  1717 W WindowManager: Changing focus fromWindow{6d617fb u0 pl.mindmade.pim/pl.mindmade.pim.splash.SplashActivity} to null displayId=0 Callers=com.android.server.wm.RootWindowContainer.updateFocusedWindowLocked:457 com.android.server.wm.WindowManagerService.updateFocusedWindowLocked:5602 com.android.server.wm.DisplayContent.setFocusedApp:5517 com.android.server.wm.ActivityTaskManagerService.setResumedActivityUncheckLocked:5510 
06-04 12:27:36.624  1173  1717 I WindowManager: Relayout Window{a94ff8f u0 pl.mindmade.pim/pl.mindmade.pim.main.MainActivity}: oldVis=4 newVis=0 focusMayChange = true
06-04 12:27:36.630  1173  1717 W WindowManager: Changing focus fromnull to Window{a94ff8f u0 pl.mindmade.pim/pl.mindmade.pim.main.MainActivity} displayId=0 Callers=com.android.server.wm.RootWindowContainer.updateFocusedWindowLocked:457 com.android.server.wm.WindowManagerService.updateFocusedWindowLocked:5602 com.android.server.wm.WindowManagerService.relayoutWindow:2395 com.android.server.wm.Session.relayout:213 
06-04 12:27:39.079  1173  1186 W WindowManager: Changing focus fromWindow{a94ff8f u0 pl.mindmade.pim/pl.mindmade.pim.main.MainActivity} to Window{f4f1775 u0 pl.mindmade.pim/pl.mindmade.pim.main.MainActivity} displayId=0 Callers=com.android.server.wm.RootWindowContainer.updateFocusedWindowLocked:457 com.android.server.wm.WindowManagerService.updateFocusedWindowLocked:5602 com.android.server.wm.WindowManagerService.addWindow:1733 com.android.server.wm.Session.addToDisplayAsUser:176 
06-04 12:27:41.054  1173  3058 W WindowManager: Changing focus fromWindow{f4f1775 u0 pl.mindmade.pim/pl.mindmade.pim.main.MainActivity EXITING} to Window{a94ff8f u0 pl.mindmade.pim/pl.mindmade.pim.main.MainActivity} displayId=0 Callers=com.android.server.wm.RootWindowContainer.updateFocusedWindowLocked:457 com.android.server.wm.WindowManagerService.updateFocusedWindowLocked:5602 com.android.server.wm.WindowState.setupWindowForRemoveOnExit:2358 com.android.server.wm.WindowState.removeIfPossible:2327 
06-04 12:28:11.823  1173  3058 W WindowManager: Changing focus fromWindow{a94ff8f u0 pl.mindmade.pim/pl.mindmade.pim.main.MainActivity} to Window{3272b28 u0 pl.mindmade.pim/pl.mindmade.pim.main.MainActivity} displayId=0 Callers=com.android.server.wm.RootWindowContainer.updateFocusedWindowLocked:457 com.android.server.wm.WindowManagerService.updateFocusedWindowLocked:5602 com.android.server.wm.WindowManagerService.addWindow:1733 com.android.server.wm.Session.addToDisplayAsUser:176 
--------- beginning of main
06-04 12:28:13.587   568  8511 I AudioEffect: set() 0xb40000723ff54250 OK effect: Automatic Gain Control id: 67 status 0 enabled 0 pid 568
06-04 12:28:13.587   568  8511 I AudioPolicyEffects: addInputEffects(): added Fx agc on source: 7
06-04 12:28:13.587   568  8511 I AudioEffect: enable 0xb40000723ff4f710
06-04 12:28:13.587   568  8511 I AudioEffect: enable 0xb40000723ff514d0
06-04 12:28:13.587   568  8511 I AudioEffect: enable 0xb40000723ff54250
06-04 12:28:13.593 10796 10882 I AudioEffect: set 0xb400007dbf4b7f10 mUserData: 0x0 uuid: 0xb400007e0f4c0fcc timeLow 7b491460
06-04 12:28:13.594   568  8511 I AudioFlinger: createEffect pid 10796, effectClient 0xb4000071aff59260, priority 0, sessionId 361, io 0, factory 0xb40000719ff4d190
06-04 12:28:13.594   540   645 I EffectsFactory: EffectQueryNumberEffects(): 15
06-04 12:28:13.595   568  8511 I AudioFlinger_Threads: createEffect_l() thread 0xb4000074023ad040 effect Acoustic Echo Canceler on session 361
06-04 12:28:13.595   568  8511 I AudioFlinger_Threads: createEffect_l() got effect 0xb40000724ff58bc0 on chain 0xb40000720ff4ef90
06-04 12:28:13.595   568  8511 I AudioEffect: controlStatusChanged 0xb40000723ff4f710 control 0 callback 0x0 mUserData 0x0
06-04 12:28:13.596 10796 10882 I AudioEffect: set() 0xb400007dbf4b7f10 OK effect: Acoustic Echo Canceler id: 51 status 0 enabled 1 pid 10796
06-04 12:28:13.597 10796 10882 I AudioEffect: set 0xb400007dbf4c4310 mUserData: 0x0 uuid: 0xb400007e0f4c1094 timeLow 0a8abfe0
06-04 12:28:13.597   568  8511 I AudioFlinger: createEffect pid 10796, effectClient 0xb4000071aff5a1b0, priority 0, sessionId 361, io 0, factory 0xb40000719ff4d190
06-04 12:28:13.598   540   645 I EffectsFactory: EffectQueryNumberEffects(): 15
06-04 12:28:13.598   568  8511 I AudioFlinger_Threads: createEffect_l() thread 0xb4000074023ad040 effect Automatic Gain Control on session 361
06-04 12:28:13.598   568  8511 I AudioFlinger_Threads: createEffect_l() got effect 0xb40000724ff52aa0 on chain 0xb40000720ff4ef90
06-04 12:28:13.598   568  8511 I AudioEffect: controlStatusChanged 0xb40000723ff54250 control 0 callback 0x0 mUserData 0x0
06-04 12:28:13.599 10796 10882 I AudioEffect: set() 0xb400007dbf4c4310 OK effect: Automatic Gain Control id: 67 status 0 enabled 1 pid 10796
06-04 12:28:13.599 10796 10882 I AudioEffect: set 0xb400007dbf4c8ad0 mUserData: 0x0 uuid: 0xb400007e0f4c115c timeLow 58b4b260
06-04 12:28:13.599   568  8511 I AudioFlinger: createEffect pid 10796, effectClient 0xb4000071aff5a200, priority 0, sessionId 361, io 0, factory 0xb40000719ff4d190
06-04 12:28:13.600   540   645 I EffectsFactory: EffectQueryNumberEffects(): 15
06-04 12:28:13.600   568  8511 I AudioFlinger_Threads: createEffect_l() thread 0xb4000074023ad040 effect Noise Suppression on session 361
06-04 12:28:13.600   568  8511 I AudioFlinger_Threads: createEffect_l() got effect 0xb40000724ff52cf0 on chain 0xb40000720ff4ef90
06-04 12:28:13.600   568  8511 I AudioEffect: controlStatusChanged 0xb40000723ff514d0 control 0 callback 0x0 mUserData 0x0
06-04 12:28:13.601 10796 10882 I AudioEffect: set() 0xb400007dbf4c8ad0 OK effect: Noise Suppression id: 59 status 0 enabled 1 pid 10796
06-04 12:28:13.607   568  8511 D APM_AudioPolicyManager: [MTK_APM_Input]startInput input 70 portId 31 session:361)
06-04 12:28:13.608   568  8511 I APM_AudioPolicyManager: [MTK_APM_Route]setInputDevice input 70 force 1 Device [0x80000004]->[0x80000004]
06-04 12:28:13.610   540   645 I EffectsFactory: Effect_Command(): self = 0xf1fdedb0, cmdCode = 13
06-04 12:28:13.610   540   645 I EffectsFactory: Effect_Command(): self = 0xf1fdee90, cmdCode = 13
06-04 12:28:13.611   540   540 I EffectsFactory: Effect_Command(): self = 0xf1fdecd0, cmdCode = 13
06-04 12:28:13.611  1173  4139 I system_server: oneway function results will be dropped but finished with status OK and parcel size 4
06-04 12:28:13.612   540  1021 W AudioALSAStreamManager: -routingInputDevice(), input_device(0x80000004) is AUDIO_DEVICE_NONE(0x0) or current_input_device(0x80000004), return
06-04 12:28:13.613  1173  4139 I system_server: oneway function results will be dropped but finished with status OK and parcel size 4
06-04 12:28:13.619  1173  4139 I SoundTriggerMiddlewareLogging: setCaptureState[this=com.android.server.soundtrigger_middleware.SoundTriggerMiddlewareImpl@8ba2b8a, caller=1041/568](true)
06-04 12:28:13.620   540   645 W StreamHAL: Error from HAL stream in function set_microphone_direction: Function not implemented
06-04 12:28:13.621   540   540 I EffectsFactory: Effect_Command(): self = 0xf1fdedb0, cmdCode = 3
06-04 12:28:13.621   540   645 W StreamHAL: Error from HAL stream in function set_microphone_field_dimension: Function not implemented
06-04 12:28:13.621   573  1216 I BufferQueueProducer: [StatusBar#0](this:0xb4000076810d1e78,id:6,api:1,p:1336,c:573) queueBuffer: fps=1.80 dur=1112.97 max=588.11 min=524.86
06-04 12:28:13.621 10796 10882 I libBARESIP: audio: source started with sample format S16LE
06-04 12:28:13.622 10796 10882 I libBARESIP: audio tx pipeline:    opensles ---> aubuf ---> opus
06-04 12:28:13.622 10796 10882 I libBARESIP: audio rx pipeline:    opensles <--- aubuf <--- opus
06-04 12:28:13.622   540   645 I StreamHAL: addEffect(): halEffect = 0xf1fdedb0, effectId = 6
06-04 12:28:13.622   540  1021 I EffectsFactory: Effect_Command(): self = 0xf1fdee90, cmdCode = 3
06-04 12:28:13.623   540  1665 I StreamHAL: addEffect(): halEffect = 0xf1fdee90, effectId = 7
06-04 12:28:13.623 10796 10882 I System.out: Call secured -5476376605728739616
06-04 12:28:13.623 10796 10882 I chatty  : uid=10170(pl.mindmade.pim) Thread-7 identical 5 lines
06-04 12:28:13.624 10796 10882 I System.out: Call secured -5476376605728739616
06-04 12:28:13.624   540   646 I EffectsFactory: Effect_Command(): self = 0xf1fdecd0, cmdCode = 3
06-04 12:28:13.624 10796 10882 I System.out: Call secured -5476376605728739616
06-04 12:28:13.624 10796 10882 I chatty  : uid=10170(pl.mindmade.pim) Thread-7 identical 2 lines
06-04 12:28:13.624 10796 10882 I System.out: Call secured -5476376605728739616
06-04 12:28:13.624   540 11005 I StreamHAL: addEffect(): halEffect = 0xf1fdecd0, effectId = 8
06-04 12:28:13.626   540  1021 E FMQ     : grantorIdx must be less than 3
06-04 12:28:13.626   540  1021 E FMQ     : grantorIdx must be less than 3
06-04 12:28:13.627   568 11004 E FMQ     : grantorIdx must be less than 3
06-04 12:28:13.627 10796 10882 I libBARESIP: audio: Set audio decoder: opus 16000Hz 1ch
06-04 12:28:13.628   568 11004 E FMQ     : grantorIdx must be less than 3
06-04 12:28:13.629   540 11006 E AudioALSAStreamManager: createCaptureHandler(), ptr is NULL!!
06-04 12:28:13.629 10796 10882 I libBARESIP: stream: Enable RTP timeout (60000 milliseconds)
06-04 12:28:13.629 10796 10882 I libBARESIP: stream: Enable RTP timeout (60000 milliseconds)
06-04 12:28:13.629 10796 10882 I libBARESIP: jakbuc_u1@test.pik.mindmade.pl: Call established: sip:jakbuc_d@test.pik.mindmade.pl
06-04 12:28:13.635  1173  4139 I MediaFocusControl: requestAudioFocus() from uid/pid 10170/10796 clientId=android.media.AudioManager@e16bbc7 callingPack=pl.mindmade.pim req=4 flags=0x0 sdk=34
06-04 12:28:13.637 10796 10882 I HardwarePttLogic: Setting a call. state=ESTABLISHED type=VIDEO
06-04 12:28:13.637 10796 10882 I System.out: Call established -5476376605728739616
06-04 12:28:13.658   741 11010 I hw-BpHwBinder: onLastStrongRef automatically unlinking death recipients
06-04 12:28:13.658   837  1775 I hw-BpHwBinder: onLastStrongRef automatically unlinking death recipients
06-04 12:28:13.664   741  4531 W AMessage: failed to post message as target looper for handler 0 is gone.
06-04 12:28:13.673 10796 10796 W MediaPlayer: mediaplayer went away with unhandled events
06-04 12:28:13.673 10796 10796 W MediaPlayer: mediaplayer went away with unhandled events
06-04 12:28:13.683  1173  1504 I ActivityTaskManager: START u0 {cmp=pl.mindmade.pim/.videocall.VideoCallActivity (has extras)} from uid 10170
06-04 12:28:13.683   540 11009 W AudioALSACaptureDataClientAurisysNormal: data_count_raw_ul 7680, mRawDataPeriodBufSize 7680, data_count_raw_aec 412, mEchoRefDataPeriodBufSize 3840
06-04 12:28:13.686   564   598 I mtkpower@impl: [setMode] type:5, enabled:1
06-04 12:28:13.687   564   633 I libPowerHal: [perfLockAcq] idx:0 hdl:319 hint:11 pid:564 duration:30000 => ret_hdl:319
06-04 12:28:13.687   564   633 I libPowerHal: [PE] scn:0 hdl:319 hint:11 comm:mtkpower@1.0-se pid:564
06-04 12:28:13.688   564   633 I libPowerHal: LAUNCH: cpu_ctrl set cpu freq: 2001000 -1 1500000 -1
06-04 12:28:13.688   564   633 I libPowerHal: [PE] LAUNCH update cmd:1000000, param:0
06-04 12:28:13.688   564   633 I libPowerHal: [PE] LAUNCH update cmd:1408300, param:100
06-04 12:28:13.688   564   633 I libPowerHal: [PE] LAUNCH update cmd:1000000 param:0
06-04 12:28:13.689   564   633 I libPowerHal: [perfLockRel] hdl:316, idx:-1
06-04 12:28:13.689   564   633 I libPowerHal: [perfLockAcq] idx:1 hdl:320 hint:23 pid:564 duration:10000 => ret_hdl:320
06-04 12:28:13.689   564   633 I libPowerHal: [PE] scn:1 hdl:320 hint:23 comm:mtkpower@1.0-se pid:564
06-04 12:28:13.695   564   633 I libPowerHal: [perfLockAcq] idx:2 hdl:321 hint:39 pid:564 duration:268435455 => ret_hdl:321
06-04 12:28:13.695   564   633 I libPowerHal: [PE] scn:2 hdl:321 hint:39 comm:mtkpower@1.0-se pid:564
06-04 12:28:13.695   564   633 I libPowerHal: [PE] MTKPOWER_HINT_AUDIO_DISABLE_WIFI_POWER_SAVE update cmd:2800000, param:1
06-04 12:28:13.695   564   633 I libPowerHal: [PE] (more) /proc/net/wlan/setCAM set +prefix:CAM 1;
06-04 12:28:13.696   568  8511 D APM_AudioPolicyManager: [MTK_APM_Route]setPhoneState() state 3
06-04 12:28:13.698   568  8511 W APM::AudioPolicyEngine: getDevicesForStrategy() unknown strategy: -1
06-04 12:28:13.698   568  8511 W APM::AudioPolicyEngine: getDevicesForStrategy() unknown strategy: -1
06-04 12:28:13.700  1173  1504 I InputDispatcher: setInputWindows displayId=0 Window{43cdcd4 u0 NavigationBar0} Window{b4d31cf u0 StatusBar} Window{3272b28 u0 pl.mindmade.pim/pl.mindmade.pim.main.MainActivity} Window{a94ff8f u0 pl.mindmade.pim/pl.mindmade.pim.main.MainActivity} Window{1440c16 u0 com.android.systemui.ImageWallpaper} 
06-04 12:28:13.700 10796 10796 I PTTDashboardFragment: onPause
06-04 12:28:13.704  1173  1504 I system_server: oneway function results will be dropped but finished with status OK and parcel size 4
06-04 12:28:13.705  1173  1504 I system_server: oneway function results will be dropped but finished with status OK and parcel size 4
06-04 12:28:13.705  1173  3058 W ActivityTaskManager: Tried to set launchTime (0) < mLastActivityLaunchTime (677057)
06-04 12:28:13.708   568  8511 I APM_AudioPolicyManager: [MTK_APM_Route]setOutputDevices mIoHandle 13 : changing device 0x1 to 0x1, delayMs = 0, force = 1
06-04 12:28:13.708   540  1021 I EffectsFactory: Effect_Command(): self = 0xf1fdedb0, cmdCode = 9
06-04 12:28:13.708   540  1021 I EffectsFactory: Effect_Command(): self = 0xf1fdee90, cmdCode = 9
06-04 12:28:13.709   540 11005 I EffectsFactory: Effect_Command(): self = 0xf1fdecd0, cmdCode = 9
06-04 12:28:13.709   568   805 I AudioFlinger::EffectChain: -setDevices_l()  chain 0xb40000720ff4ef90, size, size3
06-04 12:28:13.710   564   597 I mtkpower@impl: [notifyAppState] act pl.mindmade.pim.main.MainActivity => pl.mindmade.pim.videocall.VideoCallActivity
06-04 12:28:13.711  1173  3058 W WindowManager: Changing focus fromWindow{3272b28 u0 pl.mindmade.pim/pl.mindmade.pim.main.MainActivity} to null displayId=0 Callers=com.android.server.wm.RootWindowContainer.updateFocusedWindowLocked:457 com.android.server.wm.WindowManagerService.updateFocusedWindowLocked:5602 com.android.server.wm.DisplayContent.setFocusedApp:5517 com.android.server.wm.ActivityTaskManagerService.setResumedActivityUncheckLocked:5510 
06-04 12:28:13.715  1173  1504 I InputDispatcher: setInputWindows displayId=0 Window{43cdcd4 u0 NavigationBar0} Window{b4d31cf u0 StatusBar} Window{3272b28 u0 pl.mindmade.pim/pl.mindmade.pim.main.MainActivity} Window{a94ff8f u0 pl.mindmade.pim/pl.mindmade.pim.main.MainActivity} Window{1440c16 u0 com.android.systemui.ImageWallpaper} 
06-04 12:28:13.716   568  1020 I AudioFlinger::EffectChain: -setDevices_l()  chain 0xb40000720ff4f310, size, size1
06-04 12:28:13.717   540 11005 W AudioALSAStreamManager: routingOutputDevice(), flag: 0x6, output_devices == current_output_devices(0x00000001), return
06-04 12:28:13.727   568  8511 I APM_AudioPolicyManager: [MTK_APM_Route]setOutputDevices mIoHandle 13 : changing device 0x1 to 0x1, delayMs = 0, force = 1
06-04 12:28:13.728   540  1021 I EffectsFactory: Effect_Command(): self = 0xf1fdedb0, cmdCode = 9
06-04 12:28:13.728   540 11005 I EffectsFactory: Effect_Command(): self = 0xf1fdee90, cmdCode = 9
06-04 12:28:13.729   540 11005 I EffectsFactory: Effect_Command(): self = 0xf1fdecd0, cmdCode = 9
06-04 12:28:13.729   568   805 I AudioFlinger::EffectChain: -setDevices_l()  chain 0xb40000720ff4ef90, size, size3
06-04 12:28:13.732  1173  3058 I InputDispatcher: setInputWindows displayId=0 Window{43cdcd4 u0 NavigationBar0} Window{b4d31cf u0 StatusBar} Window{3272b28 u0 pl.mindmade.pim/pl.mindmade.pim.main.MainActivity} Window{a94ff8f u0 pl.mindmade.pim/pl.mindmade.pim.main.MainActivity} Window{1440c16 u0 com.android.systemui.ImageWallpaper} 
06-04 12:28:13.737   568  1020 I AudioFlinger::EffectChain: -setDevices_l()  chain 0xb40000720ff4f310, size, size1
06-04 12:28:13.738   540 11005 W AudioALSAStreamManager: routingOutputDevice(), flag: 0x6, output_devices == current_output_devices(0x00000001), return
06-04 12:28:13.745  1173  1504 I system_server: oneway function results will be dropped but finished with status OK and parcel size 4
06-04 12:28:13.747  1173  1504 I InputDispatcher: setInputWindows displayId=0 Window{43cdcd4 u0 NavigationBar0} Window{b4d31cf u0 StatusBar} pl.mindmade.pim/pl.mindmade.pim.main.MainActivity#1 pl.mindmade.pim/pl.mindmade.pim.main.MainActivity#0 Window{1440c16 u0 com.android.systemui.ImageWallpaper} 
06-04 12:28:13.747  1173  1504 I InputDispatcher: Focus left window: Window{3272b28 u0 pl.mindmade.pim/pl.mindmade.pim.main.MainActivity} in display 0
06-04 12:28:13.747  1173  1504 I InputDispatcher: Window went away: Window{3272b28 u0 pl.mindmade.pim/pl.mindmade.pim.main.MainActivity}
06-04 12:28:13.747  1173  1504 I InputDispatcher: Window went away: Window{a94ff8f u0 pl.mindmade.pim/pl.mindmade.pim.main.MainActivity}
06-04 12:28:13.747   568  8511 I APM_AudioPolicyManager: [MTK_APM_Route]setOutputDevices mIoHandle 21 : changing device 0x1 to 0x1, delayMs = 0, force = 1
06-04 12:28:13.748   540 11005 W AudioALSAStreamManager: routingOutputDevice(), flag: 0x8, output_devices == current_output_devices(0x00000001), return
06-04 12:28:13.755   568   806 D APM_AudioPolicyManager: [MTK_APM_Output]stopOutput() output 13, stream 2, session 345 portId 28
06-04 12:28:13.758   568   806 W APM::AudioPolicyEngine: getDevicesForStrategy() unknown strategy: -1
06-04 12:28:13.758   568   806 W APM::AudioPolicyEngine: getDevicesForStrategy() unknown strategy: -1
06-04 12:28:13.758   568   806 D APM_AudioPolicyManager: [MTK_APM_Output]releaseOutput() 13 portId 28
06-04 12:28:13.788   568   844 D APM_AudioPolicyManager: [MTK_APM_Route]setForceUse() usage 7, config 0, mPhoneState 3
06-04 12:28:13.788  1336  1722 I vol.Events: writeEvent level_changed STREAM_SYSTEM 10
06-04 12:28:13.790  1336  1722 I vol.Events: writeEvent level_changed STREAM_RING 10
06-04 12:28:13.809 10796 10882 I System.out: Call established -5476376605728739616
06-04 12:28:13.811 10796 10882 W libBARESIP: ### PIM (#28890): Ignore video payload type change: 103  to: 39
06-04 12:28:13.814   568  7749 D APM_AudioPolicyManager: [MTK_APM_Route]setForceUse() usage 0, config 0, mPhoneState 3
06-04 12:28:13.825 10796 10882 I libBARESIP: video: receiving with resolution 640 x 480 and format 'yuv420p'
06-04 12:28:13.850   573  1216 I SurfaceFlinger: [SF client] NEW(0xb4000075d10b1170) for (10796:pl.mindmade.pim)
06-04 12:28:13.851 10796 10882 W libBARESIP: avcodec: decode: unknown NAL type 0
06-04 12:28:13.851 10796 10882 W libBARESIP: video: H264 decode error (seq=12842, 254 bytes): Not a data message [74]
06-04 12:28:13.852 10796 10882 W libBARESIP: avcodec: decode: unknown NAL type 0
06-04 12:28:13.852 10796 10882 W libBARESIP: video: H264 decode error (seq=12843, 254 bytes): Not a data message [74]
06-04 12:28:13.877  1173  1173 W NotificationHistory: Attempted to add notif for locked/gone/disabled user 0
06-04 12:28:13.878 10796 10882 W libBARESIP: avcodec: decode: unknown NAL type 0
06-04 12:28:13.878 10796 10882 W libBARESIP: video: H264 decode error (seq=12845, 254 bytes): Not a data message [74]
06-04 12:28:13.879 10796 10882 W libBARESIP: avcodec: decode: unknown NAL type 0
06-04 12:28:13.879 10796 10882 W libBARESIP: video: H264 decode error (seq=12846, 254 bytes): Not a data message [74]
06-04 12:28:13.881 10796 10882 W libBARESIP: avcodec: decode: unknown NAL type 0
06-04 12:28:13.881 10796 10882 W libBARESIP: video: H264 decode error (seq=12847, 254 bytes): Not a data message [74]
06-04 12:28:13.895  1336  1336 W NotifBindPipeline: Row is not set so pipeline will not run. notif = 0|pl.mindmade.pim|2|null|10170
06-04 12:28:13.939  1336  1336 W TouchableRegionManager: onHeadsUpPinnedModeChanged
06-04 12:28:13.965  1173  1504 I InputDispatcher: setInputWindows displayId=0 Window{43cdcd4 u0 NavigationBar0} Window{b4d31cf u0 StatusBar} pl.mindmade.pim/pl.mindmade.pim.main.MainActivity#1 pl.mindmade.pim/pl.mindmade.pim.main.MainActivity#0 Window{1440c16 u0 com.android.systemui.ImageWallpaper} 
06-04 12:28:13.983  1173  1504 I InputDispatcher: setInputWindows displayId=0 Window{43cdcd4 u0 NavigationBar0} Window{b4d31cf u0 StatusBar} pl.mindmade.pim/pl.mindmade.pim.main.MainActivity#1 pl.mindmade.pim/pl.mindmade.pim.main.MainActivity#0 Window{1440c16 u0 com.android.systemui.ImageWallpaper} 
06-04 12:28:14.000  1173  4139 I InputDispatcher: setInputWindows displayId=0 Window{43cdcd4 u0 NavigationBar0} Window{b4d31cf u0 StatusBar} pl.mindmade.pim/pl.mindmade.pim.main.MainActivity#1 pl.mindmade.pim/pl.mindmade.pim.main.MainActivity#0 Window{1440c16 u0 com.android.systemui.ImageWallpaper} 
06-04 12:28:14.005  1173  4139 I WindowManager: Relayout Window{f4fa032 u0 NotificationShade}: oldVis=4 newVis=0 focusMayChange = true
06-04 12:28:14.008   573  1216 I BufferQueueConsumer: [](id:23d00000069,api:0,p:-1,c:573) connect(): controlledByApp=false
06-04 12:28:14.009   706  1386 W ServiceManager: Permission failure: android.permission.SYSTEM_CAMERA from uid=10170 pid=10796
06-04 12:28:14.009   573  1216 I BufferQueue: [unnamed-573-105](this:0xb4000076810d9ef8,id:105,api:0,p:-1,c:-1) BufferQueue core=(573:/system/bin/surfaceflinger)
06-04 12:28:14.009   706  2064 W ServiceManager: Permission failure: android.permission.SYSTEM_CAMERA from uid=10170 pid=10796
06-04 12:28:14.014   706  2064 I chatty  : uid=1047(cameraserver) Binder:706_4 identical 4 lines
06-04 12:28:14.014   706  2064 W ServiceManager: Permission failure: android.permission.SYSTEM_CAMERA from uid=10170 pid=10796
06-04 12:28:14.015   573   663 I BufferQueueProducer: [NotificationShade#0](id:23d00000069,api:1,p:1336,c:573) connect(): api=1 producerControlledByApp=false
06-04 12:28:14.016  1173  3058 I InputDispatcher: setInputWindows displayId=0 Window{43cdcd4 u0 NavigationBar0} NotificationShade#0 Window{b4d31cf u0 StatusBar} pl.mindmade.pim/pl.mindmade.pim.main.MainActivity#1 pl.mindmade.pim/pl.mindmade.pim.main.MainActivity#0 Window{1440c16 u0 com.android.systemui.ImageWallpaper} 
06-04 12:28:14.020   706  2064 W ServiceManager: Permission failure: android.permission.SYSTEM_CAMERA from uid=10170 pid=10796
06-04 12:28:14.020   706  2064 I chatty  : uid=1047(cameraserver) Binder:706_4 identical 1 line
06-04 12:28:14.021   706  2064 W ServiceManager: Permission failure: android.permission.SYSTEM_CAMERA from uid=10170 pid=10796
06-04 12:28:14.034  1173  3058 I InputDispatcher: setInputWindows displayId=0 Window{43cdcd4 u0 NavigationBar0} Window{f4fa032 u0 NotificationShade} Window{b4d31cf u0 StatusBar} pl.mindmade.pim/pl.mindmade.pim.main.MainActivity#1 pl.mindmade.pim/pl.mindmade.pim.main.MainActivity#0 Window{1440c16 u0 com.android.systemui.ImageWallpaper} 
06-04 12:28:14.034  1173  3058 I InputDispatcher: Window went away: NotificationShade#0
06-04 12:28:14.041   706  2064 W ServiceManager: Permission failure: android.permission.SYSTEM_CAMERA from uid=10170 pid=10796
06-04 12:28:14.041   706  2064 I CameraService: CameraService::connect call (PID -1 "pl.mindmade.pim", camera ID 1) for HAL version default and Camera API version 1
06-04 12:28:14.046   706  2064 I Camera2ClientBase: Camera 1: Opened. Client: pl.mindmade.pim (PID 10796, UID 10170)
06-04 12:28:14.051  1173  1504 I InputDispatcher: setInputWindows displayId=0 Window{43cdcd4 u0 NavigationBar0} Window{f4fa032 u0 NotificationShade} Window{b4d31cf u0 StatusBar} pl.mindmade.pim/pl.mindmade.pim.main.MainActivity#1 pl.mindmade.pim/pl.mindmade.pim.main.MainActivity#0 Window{1440c16 u0 com.android.systemui.ImageWallpaper} 
06-04 12:28:14.055   801   801 I mtkcam-dev3: 1[CameraDevice3Impl::open] open camera3 device (device@3.6/internal/1) systraceLevel(1) instanceId(1) vid(1)
06-04 12:28:14.055   801   801 I mtkcam-dev3-hidl: [1-hidl-session::HidlCameraDeviceSession] ctor
06-04 12:28:14.056   801   801 I mtkcam-dev3-hidl: [1-hidl-session::initialize] FMQ request size : 2097152, result size : 16777216
06-04 12:28:14.056   801   801 E FMQ     : grantorIdx must be less than 3
06-04 12:28:14.056   801   801 E FMQ     : grantorIdx must be less than 3
06-04 12:28:14.057   801   801 I mtkcam-dev3: [1-session::open] +
06-04 12:28:14.057   801   801 I mtkpower_client: perf_lock_acq, hdl:0, dur:0, num:6, tid:801
06-04 12:28:14.057   573   573 I BufferQueueProducer: [FramebufferSurface](this:0xb4000076710b0030,id:-1,api:1,p:573,c:573) queueBuffer: fps=0.71 dur=43843.94 max=43338.48 min=14.34
06-04 12:28:14.058   552   653 I hwcomposer: [HWCDisplay] [Display_0 (type:1)] fps:31.536228,dur:1014.71,max:220.17,min:3.79  
06-04 12:28:14.059   564   633 I libPowerHal: cmdSetting - unknown cmd:1010100, scmd:(null) ,param_1:1
06-04 12:28:14.059   564   633 I libPowerHal: cmdSetting - unknown cmd:1404100, scmd:(null) ,param_1:1
06-04 12:28:14.059   564   633 I libPowerHal: [perfLockAcq] idx:3 hdl:322 hint:-1 pid:801 duration:0 => ret_hdl:322
06-04 12:28:14.059   564   633 I libPowerHal: [PE] scn:3 hdl:322 lock_user:camerahalserver pid:801 tid:801 dur:0
06-04 12:28:14.059   564   633 I libPowerHal: [PE] camerahalserver update cmd:1404300, param:1
06-04 12:28:14.060   564   633 I libPowerHal: [PE] (more) /proc/perfmgr/boost_ctrl/eas_ctrl/perf_prefer_idle set +prefix:3 1;
06-04 12:28:14.061   801   801 I mtkpower_client: ret_hdl:322
06-04 12:28:14.061   801   801 I mtkpower_client: perf_lock_acq, hdl:0, dur:1000, num:2, tid:801
06-04 12:28:14.062   564   633 I libPowerHal: [perfLockAcq] idx:4 hdl:323 hint:-1 pid:801 duration:1000 => ret_hdl:323
06-04 12:28:14.062   564   633 I libPowerHal: [PE] scn:4 hdl:323 lock_user:camerahalserver pid:801 tid:801 dur:1000
06-04 12:28:14.062   801   801 I mtkpower_client: ret_hdl:323
06-04 12:28:14.063   801   801 I mtkpower_client: perf_lock_acq, hdl:0, dur:0, num:2, tid:801
06-04 12:28:14.064   564   633 I libPowerHal: [perfLockAcq] idx:5 hdl:324 hint:-1 pid:801 duration:0 => ret_hdl:324
06-04 12:28:14.064   564   633 I libPowerHal: [PE] scn:5 hdl:324 lock_user:camerahalserver pid:801 tid:801 dur:0
06-04 12:28:14.064   564   633 I libPowerHal: [PE] camerahalserver update cmd:240c000, param:100
06-04 12:28:14.064   801   801 I mtkpower_client: ret_hdl:324
06-04 12:28:14.065   801   801 I mtkcam-devicemgr: [attachOpenDeviceLocked] device: device@3.6/internal/1 openTimestamp:06-04 12:28:14.065
06-04 12:28:14.067   801   801 I mtkcam-AppStreamMgr: [1-CallbackHandler::CallbackHandler] enableMetaMerge 1
06-04 12:28:14.068   801   801 I mtkcam-AppStreamMgr: [1-FrameHandler::FrameHandler] IsDejitterEnabled = 1, EnableMetaPending = 1, EnableMetaHitched = 1
06-04 12:28:14.068  1173  4139 I InputDispatcher: setInputWindows displayId=0 Window{43cdcd4 u0 NavigationBar0} Window{f4fa032 u0 NotificationShade} Window{b4d31cf u0 StatusBar} pl.mindmade.pim/pl.mindmade.pim.main.MainActivity#1 pl.mindmade.pim/pl.mindmade.pim.main.MainActivity#0 Window{1440c16 u0 com.android.systemui.ImageWallpaper} 
06-04 12:28:14.069   801   801 I mtkcam-dev3: [1-session::tryRunCommandLocked] Run command onOpenLocked -
06-04 12:28:14.070   706  2064 E FMQ     : grantorIdx must be less than 3
06-04 12:28:14.071   706  2064 E FMQ     : grantorIdx must be less than 3
06-04 12:28:14.073   706  2064 E Camera2-Parameters: buildFastInfo: Unknown override AE mode: 0
06-04 12:28:14.075   706  2064 E Camera2-Parameters: Error finding static metadata entry 'android.distortionCorrection.availableModes' (1b0001)
06-04 12:28:14.076   706  2064 I Camera2-Parameters: Camera 1: Disabling ZSL mode
06-04 12:28:14.076   706  2064 I Camera2-Parameters: initialize: allowZslMode: 0 slowJpegMode 1
06-04 12:28:14.077   801 11019 I mtkcam-DeviceAdapter: 1[HalDeviceAdapter::powerOn] powerOn +
06-04 12:28:14.082   801 11019 I Drv/HWsync: Drv/HWsync[init] +, user&cnt(HW_SYNC_USER_AE,0),srIdxNum(0)
06-04 12:28:14.082   801 11019 I Drv/HWsync: Drv/HWsync[init] mAECyclePeriod(3)
06-04 12:28:14.082   801 11019 W nvbuf_util.cpp: [getInstance:398] getInstance, bInit(1)
06-04 12:28:14.082   801 11019 W nvbuf_util.cpp: [getBufAndReadNoLock:684] ramId(1), sensorDev(2), p(0xb400007e74df9040), bForceRead(0) +
06-04 12:28:14.083   801 11019 W nvbuf_util.cpp: [getInstance:398] getInstance, bInit(1)
06-04 12:28:14.084   801 11019 W nvbuf_util.cpp: [getBufAndReadNoLock:684] ramId(4), sensorDev(2), p(0xb400007e74925040), bForceRead(0) +
06-04 12:28:14.084   801 11019 W nvbuf_util.cpp: [getInstance:398] getInstance, bInit(1)
06-04 12:28:14.084   801 11019 W nvbuf_util.cpp: [getBufAndReadNoLock:684] ramId(0), sensorDev(2), p(0x0), bForceRead(0) +
06-04 12:28:14.084   801 11019 I af_mgr_v3: AF-init           : + Dev 2
06-04 12:28:14.085   706  1386 W ServiceManager: Permission failure: android.permission.SYSTEM_CAMERA from uid=10170 pid=10796
06-04 12:28:14.086   706  1386 W ServiceManager: Permission failure: android.permission.SYSTEM_CAMERA from uid=10170 pid=10796
06-04 12:28:14.086   801 11019 I af_mgr_v3: Dev(2):enable SensorProvider success for Gyro 
06-04 12:28:14.086   801 11019 I af_mgr_v3: Dev(2):enable SensorProvider success for Acce 
06-04 12:28:14.087   801 11019 I af_mgr_v3: AF-init           : EnAF 0, Algo(0xb400007bd5cf0040), users 1
06-04 12:28:14.087   801 11019 I af_mgr_v3: AF-init           : -
06-04 12:28:14.087   801 11019 I FlashHal: init().
06-04 12:28:14.087   801 11019 I FlashMgrM: init().
06-04 12:28:14.087   801 11019 I FlashNvram: nvRead3A().
06-04 12:28:14.087   801 11019 W nvbuf_util.cpp: [getInstance:398] getInstance, bInit(1)
06-04 12:28:14.087   801 11019 W nvbuf_util.cpp: [getBufAndReadNoLock:684] ramId(1), sensorDev(2), p(0xb400007e74df9040), bForceRead(0) +
06-04 12:28:14.087   801 11019 I FlashNvram: nvReadStrobe().
06-04 12:28:14.087   801 11019 W nvbuf_util.cpp: [getInstance:398] getInstance, bInit(1)
06-04 12:28:14.087   801 11019 W nvbuf_util.cpp: [getBufAndReadNoLock:684] ramId(5), sensorDev(2), p(0xb400007dd31bf010), bForceRead(0) +
06-04 12:28:14.087   801 11019 I FlashNvram: nvReadFlashCali().
06-04 12:28:14.087   801 11019 W nvbuf_util.cpp: [getInstance:398] getInstance, bInit(1)
06-04 12:28:14.087   801 11019 W nvbuf_util.cpp: [getBufAndReadNoLock:684] ramId(12), sensorDev(2), p(0xb400007e331c2e40), bForceRead(0) +
06-04 12:28:14.087   801 11019 I FlickerHal: init(). m_sensorDev(2)
06-04 12:28:14.087   801 11019 I FlickerHal: init flicker custom adaptor.
06-04 12:28:14.087   801 11019 I FlickerPlatformAdapter: createBuf(). Create buf success.
06-04 12:28:14.087   801 11019 W nvbuf_util.cpp: [getInstance:398] getInstance, bInit(1)
06-04 12:28:14.087   801 11019 W nvbuf_util.cpp: [getBufAndReadNoLock:684] ramId(0), sensorDev(2), p(0x0), bForceRead(0) +
06-04 12:28:14.087   801 11019 E paramctrl_lifetime: open /proc/driver/thermal/clNR_status failed, disable NR cooler
06-04 12:28:14.087   801 11019 E paramctrl_lifetime:  (Paramctrl){#256:vendor/mediatek/proprietary/hardware/mtkcam/aaa/source/mt6765/isp_tuning/paramctrl/paramctrl_lifetime.cpp}
06-04 12:28:14.090   801 11019 E lsc_mgr_dft: sprintf return negative result. (init){#170:vendor/mediatek/proprietary/hardware/mtkcam/aaa/source/mt6765/lsc_mgr/LscMgrDefault.cpp}
06-04 12:28:14.092  1173  1214 E JavaBinder: *** Uncaught remote exception!  (Exceptions are not yet supported across processes.)
06-04 12:28:14.092  1173  1214 E JavaBinder: java.lang.RuntimeException: android.os.RemoteException: Couldn't get ApplicationInfo for package android.frameworks.sensorservice@1.0::ISensorManager
06-04 12:28:14.092  1173  1214 E JavaBinder: 	at android.os.Parcel.writeException(Parcel.java:2159)
06-04 12:28:14.092  1173  1214 E JavaBinder: 	at android.os.Binder.execTransactInternal(Binder.java:1178)
06-04 12:28:14.092  1173  1214 E JavaBinder: 	at android.os.Binder.execTransact(Binder.java:1123)
06-04 12:28:14.092  1173  1214 E JavaBinder: Caused by: android.os.RemoteException: Couldn't get ApplicationInfo for package android.frameworks.sensorservice@1.0::ISensorManager
06-04 12:28:14.092  1173  1214 E JavaBinder: 	at com.android.server.pm.PackageManagerService$PackageManagerNative.getTargetSdkVersionForPackage(PackageManagerService.java:24164)
06-04 12:28:14.092  1173  1214 E JavaBinder: 	at android.content.pm.IPackageManagerNative$Stub.onTransact(IPackageManagerNative.java:255)
06-04 12:28:14.092  1173  1214 E JavaBinder: 	at android.os.Binder.execTransactInternal(Binder.java:1159)
06-04 12:28:14.092  1173  1214 E JavaBinder: 	... 1 more
06-04 12:28:14.094   798   798 I Gyroscope: batch: handle:3, flag:0,samplingPeriodNs:20000000 maxBatchReportLatencyNs:0
06-04 12:28:14.094   801 11019 E lsc_mgr_dft: sprintf return negative result. (init){#170:vendor/mediatek/proprietary/hardware/mtkcam/aaa/source/mt6765/lsc_mgr/LscMgrDefault.cpp}
06-04 12:28:14.095   801 11019 E lsc_mgr_dft: sprintf return negative result. (init){#170:vendor/mediatek/proprietary/hardware/mtkcam/aaa/source/mt6765/lsc_mgr/LscMgrDefault.cpp}
06-04 12:28:14.096   798   798 I Gyroscope: enable: handle:3, en:1
06-04 12:28:14.096   801 11019 E lsc_mgr_dft: sprintf return negative result. (init){#170:vendor/mediatek/proprietary/hardware/mtkcam/aaa/source/mt6765/lsc_mgr/LscMgrDefault.cpp}
06-04 12:28:14.096   801 11019 E lsc_mgr_dft: sprintf return negative result. (init){#182:vendor/mediatek/proprietary/hardware/mtkcam/aaa/source/mt6765/lsc_mgr/LscMgrDefault.cpp}
06-04 12:28:14.097   801 11019 I chatty  : uid=1047(cameraserver) /vendor/bin/hw/camerahalserver identical 1 line
06-04 12:28:14.097   801 11019 E lsc_mgr_dft: sprintf return negative result. (init){#182:vendor/mediatek/proprietary/hardware/mtkcam/aaa/source/mt6765/lsc_mgr/LscMgrDefault.cpp}
06-04 12:28:14.097   801 11019 E lsc_mgr_dft: sprintf return negative result. (init){#194:vendor/mediatek/proprietary/hardware/mtkcam/aaa/source/mt6765/lsc_mgr/LscMgrDefault.cpp}
06-04 12:28:14.097   801 11019 I chatty  : uid=1047(cameraserver) /vendor/bin/hw/camerahalserver identical 1 line
06-04 12:28:14.098   801 11019 E lsc_mgr_dft: sprintf return negative result. (init){#194:vendor/mediatek/proprietary/hardware/mtkcam/aaa/source/mt6765/lsc_mgr/LscMgrDefault.cpp}
06-04 12:28:14.103   798   798 I Accelerometer: batch: handle:0, flag:0,samplingPeriodNs:20000000 maxBatchReportLatencyNs:0
06-04 12:28:14.105   798   798 I Accelerometer: flush, flushCnt:1
06-04 12:28:14.112 10796 10882 I System.out: Call stats -5476376605728739616
06-04 12:28:14.115 10796 10882 I chatty  : uid=10170(pl.mindmade.pim) Thread-7 identical 9 lines
06-04 12:28:14.115 10796 10882 I System.out: Call stats -5476376605728739616
06-04 12:28:14.125 10796 11013 W AudioCapabilities: Unsupported mime audio/x-adpcm-ms
06-04 12:28:14.127 10796 11013 W AudioCapabilities: Unsupported mime audio/x-adpcm-dvi-ima
06-04 12:28:14.128 10796 11013 W AudioCapabilities: Unsupported mime audio/alac
06-04 12:28:14.129 10796 11013 W AudioCapabilities: Unsupported mime audio/ape
06-04 12:28:14.143 10796 11013 W VideoCapabilities: Unrecognized profile/level 1/32 for video/mp4v-es
06-04 12:28:14.144 10796 11013 W VideoCapabilities: Unrecognized profile/level 32768/2 for video/mp4v-es
06-04 12:28:14.144 10796 11013 W VideoCapabilities: Unrecognized profile/level 32768/64 for video/mp4v-es
06-04 12:28:14.151   801 11027 I Drv/HWsync: Drv/HWsync[init] +, user&cnt(HW_SYNC_USER_HALSENSOR,1),srIdxNum(0)
06-04 12:28:14.151 10796 11013 W VideoCapabilities: Unsupported mime video/x-ms-wmv
06-04 12:28:14.152   801 11019 I mtkcam-DeviceAdapter: 1[HalDeviceAdapter::powerOn] 3A notifyPowerOn
06-04 12:28:14.152   801 11019 I af_mgr_v3: AF-CamPwrOnState  : + Dev 2
06-04 12:28:14.152   801 11019 I af_mgr_v3: AF-CamPwrOnState  : -
06-04 12:28:14.152   801 11019 I mtkcam-DeviceAdapter: 1[HalDeviceAdapter::powerOn] powerOn -
06-04 12:28:14.153 10796 11013 W VideoCapabilities: Unsupported mime video/xvid
06-04 12:28:14.164 10796 11013 W VideoCapabilities: Unrecognized profile/level 1/32 for video/mp4v-es
06-04 12:28:14.179   798   839 I Accelerometer: flush complete, flushCnt:0
06-04 12:28:14.183   573   664 I SurfaceFlinger: [SF client] NEW(0xb4000075d10aa090) for (10796:pl.mindmade.pim)
06-04 12:28:14.203  1173  1504 I InputDispatcher: setInputWindows displayId=0 Window{43cdcd4 u0 NavigationBar0} Window{f4fa032 u0 NotificationShade} Window{b4d31cf u0 StatusBar} pl.mindmade.pim/pl.mindmade.pim.main.MainActivity#1 pl.mindmade.pim/pl.mindmade.pim.main.MainActivity#0 Window{1440c16 u0 com.android.systemui.ImageWallpaper} 
06-04 12:28:14.205 10796 10796 I InputTransport: Create ARC handle: 0xb400007d0f524ad0
06-04 12:28:14.214 10796 10796 I Choreographer: Skipped 30 frames!  The application may be doing too much work on its main thread.
06-04 12:28:14.221  1173  1504 I InputDispatcher: setInputWindows displayId=0 Window{43cdcd4 u0 NavigationBar0} Window{f4fa032 u0 NotificationShade} Window{b4d31cf u0 StatusBar} pl.mindmade.pim/pl.mindmade.pim.main.MainActivity#1 pl.mindmade.pim/pl.mindmade.pim.main.MainActivity#0 Window{1440c16 u0 com.android.systemui.ImageWallpaper} 
06-04 12:28:14.252 10796 11033 I OMXClient: IOmx service obtained
06-04 12:28:14.254   797   797 I OMXMaster: makeComponentInstance(OMX.MTK.VIDEO.ENCODER.AVC) in android.hardwar process
06-04 12:28:14.259   797   797 I VDO_LOG : [ION][eVideoOpenIonDevFd] mt_ion_open val_public, i4IonDevFd = 8 
06-04 12:28:14.259   797   797 E MtkOmxVenc: [0xeaa82cb0] bufk = 0
06-04 12:28:14.267   797  1377 E MtkOmxVenc: [0xeaa82cb0] MtkOmxVenc::GetExtensionIndex Unknown parameter name: OMX.google.android.index.enableAndroidNativeBuffers
06-04 12:28:14.267   797  1377 E MtkOmxVenc: [0xeaa82cb0] OMX_GoogleAndroidIndexAllocateAndroidNativeHandle: does not support input port
06-04 12:28:14.267   797  1377 E OMXNodeInstance: setParameter(0xeaa82cb4:MTK.ENCODER.AVC, OMX.google.android.index.allocateNativeHandle(0x7f20040e): Input:0 en=0) ERROR: BadParameter(0x80001005)
06-04 12:28:14.267   797  1377 E MtkOmxVenc: [0xeaa82cb0] MtkOmxVenc::GetExtensionIndex Unknown parameter name: OMX.google.android.index.enableAndroidNativeBuffers
06-04 12:28:14.268   797  1377 E MtkOmxVenc: [0xeaa82cb0] MtkOmxVenc::GetExtensionIndex Unknown parameter name: OMX.google.android.index.prepareForAdaptivePlayback
06-04 12:28:14.268   797  1377 E MtkOmxVenc: [0xeaa82cb0] MtkOmxVenc::GetExtensionIndex Unknown parameter name: OMX.google.android.index.configureVideoTunnelMode
06-04 12:28:14.268   797  1377 E MtkOmxVenc: [0xeaa82cb0] MtkOmxVenc::GetExtensionIndex Unknown parameter name: OMX.google.android.index.useAndroidNativeBuffer2
06-04 12:28:14.268   797  1377 E MtkOmxVenc: [0xeaa82cb0] MtkOmxVenc::GetExtensionIndex Unknown parameter name: OMX.google.android.index.useAndroidNativeBuffer
06-04 12:28:14.268   797  1377 E MtkOmxVenc: [0xeaa82cb0] MtkOmxVenc::GetExtensionIndex Unknown parameter name: OMX.google.android.index.enableAndroidNativeBuffers
06-04 12:28:14.268   797  1377 E MtkOmxVenc: [0xeaa82cb0] MtkOmxVenc::GetExtensionIndex Unknown parameter name: OMX.google.android.index.getAndroidNativeBufferUsage
06-04 12:28:14.268   797  1377 E OMXNodeInstance: getParameter(0xeaa82cb4:MTK.ENCODER.AVC, ??(0x7f200405)) ERROR: UnsupportedIndex(0x8000101a)
06-04 12:28:14.268 10796 11033 W OMXUtils: do not know color format 0x7f000200 = 2130706944
06-04 12:28:14.270   797  1377 E OMXNodeInstance: getParameter(0xeaa82cb4:MTK.ENCODER.AVC, ??(0x7f200405)) ERROR: UnsupportedIndex(0x8000101a)
06-04 12:28:14.270 10796 11033 W OMXUtils: do not know color format 0x7f000789 = 2130708361
06-04 12:28:14.271   797  7951 E OMXNodeInstance: getParameter(0xeaa82cb4:MTK.ENCODER.AVC, ??(0x7f200405)) ERROR: UnsupportedIndex(0x8000101a)
06-04 12:28:14.272 10796 11033 W OMXUtils: do not know color format 0x7f000200 = 2130706944
06-04 12:28:14.273   797   797 E OMXNodeInstance: getParameter(0xeaa82cb4:MTK.ENCODER.AVC, ??(0x7f200405)) ERROR: UnsupportedIndex(0x8000101a)
06-04 12:28:14.274 10796 11033 W OMXUtils: do not know color format 0x6 = 6
06-04 12:28:14.274   797  7957 E OMXNodeInstance: getParameter(0xeaa82cb4:MTK.ENCODER.AVC, ??(0x7f200405)) ERROR: UnsupportedIndex(0x8000101a)
06-04 12:28:14.274 10796 11033 W OMXUtils: do not know color format 0xb = 11
06-04 12:28:14.274   797 10594 E OMXNodeInstance: getParameter(0xeaa82cb4:MTK.ENCODER.AVC, ??(0x7f200405)) ERROR: UnsupportedIndex(0x8000101a)
06-04 12:28:14.274 10796 11033 W OMXUtils: do not know color format 0x10 = 16
06-04 12:28:14.275   797   916 E OMXNodeInstance: getParameter(0xeaa82cb4:MTK.ENCODER.AVC, ??(0x7f200405)) ERROR: UnsupportedIndex(0x8000101a)
06-04 12:28:14.275 10796 11033 W OMXUtils: do not know color format 0x7f000300 = 2130707200
06-04 12:28:14.275   797  7956 E OMXNodeInstance: getParameter(0xeaa82cb4:MTK.ENCODER.AVC, ??(0x7f200405)) ERROR: UnsupportedIndex(0x8000101a)
06-04 12:28:14.275 10796 11033 W OMXUtils: do not know color format 0xf = 15
06-04 12:28:14.276   797   916 E OMXNodeInstance: getParameter(0xeaa82cb4:MTK.ENCODER.AVC, ??(0x7f200405)) ERROR: UnsupportedIndex(0x8000101a)
06-04 12:28:14.278   797   916 E MtkOmxVenc: [0xeaa82cb0] setprop setValue to 300
06-04 12:28:14.279 10796 11033 I MtkACodecExt: setViLTEParameters, width: 480
06-04 12:28:14.279 10796 11033 I MtkACodecExt: setViLTEParameters, height: 640
06-04 12:28:14.280 10796 11033 I ACodec  : setupAVCEncoderParameters with [profile: High] [level: Level41]
06-04 12:28:14.281   797  7957 E MtkOmxVenc: [0xeaa82cb0] MtkOmxVenc::GetExtensionIndex Unknown parameter name: OMX.google.android.index.describeHDRStaticInfo
06-04 12:28:14.281 10796 11033 I ACodec  : [OMX.MTK.VIDEO.ENCODER.AVC] cannot encode HDR static metadata. Ignoring.
06-04 12:28:14.281 10796 11033 I ACodec  : setupVideoEncoder succeeded
06-04 12:28:14.281 10796 11033 I MtkACodecExt: setViLTEParameters, width: 480
06-04 12:28:14.281 10796 11033 I MtkACodecExt: setViLTEParameters, height: 640
06-04 12:28:14.281 10796 11033 I ACodec_roi: + setRoiParameters 239
06-04 12:28:14.281 10796 11033 I ACodec_roi: - setRoiParameters 245
06-04 12:28:14.282   797  7950 E OMXNodeInstance: getParameter(0xeaa82cb4:MTK.ENCODER.AVC, ??(0x7f200405)) ERROR: UnsupportedIndex(0x8000101a)
06-04 12:28:14.283   797  7950 E MtkOmxVenc: [0xeaa82cb0] MtkOmxVenc::GetConfig unsupported nConfigIndex(0x6F100004)
06-04 12:28:14.283   797  7950 E OMXNodeInstance: getConfig(0xeaa82cb4:MTK.ENCODER.AVC, ConfigAndroidVendorExtension(0x6f100004)) ERROR: UnsupportedIndex(0x8000101a)
06-04 12:28:14.302 10796 10810 I pl.mindmade.pi: Background concurrent copying GC freed 10509(483KB) AllocSpace objects, 6(7224KB) LOS objects, 26% free, 16MB/22MB, paused 283us total 265.368ms
06-04 12:28:14.309 10796 10812 W MediaPlayer-JNI: MediaPlayer finalized without being released
06-04 12:28:14.315 10796 10812 W System  : A resource failed to call release. 
06-04 12:28:14.335   741  4531 W ResourceManagerService: Ignoring request to add new resource entry with value <= 0
06-04 12:28:14.341 10796 11033 I ACodec_roi: + setRoiParameters 239
06-04 12:28:14.341 10796 11033 I ACodec_roi: - setRoiParameters 245
06-04 12:28:14.374  1173  1504 I WindowManager: Relayout Window{a0666d0 u0 pl.mindmade.pim/pl.mindmade.pim.videocall.VideoCallActivity}: oldVis=4 newVis=0 focusMayChange = true
06-04 12:28:14.379   573   664 I BufferQueueConsumer: [](id:23d0000006a,api:0,p:-1,c:573) connect(): controlledByApp=false
06-04 12:28:14.379   573   664 I BufferQueue: [unnamed-573-106](this:0xb400007681104198,id:106,api:0,p:-1,c:-1) BufferQueue core=(573:/system/bin/surfaceflinger)
06-04 12:28:14.383  1173  1504 W WindowManager: Changing focus fromnull to Window{a0666d0 u0 pl.mindmade.pim/pl.mindmade.pim.videocall.VideoCallActivity} displayId=0 Callers=com.android.server.wm.RootWindowContainer.updateFocusedWindowLocked:457 com.android.server.wm.WindowManagerService.updateFocusedWindowLocked:5602 com.android.server.wm.WindowManagerService.relayoutWindow:2395 com.android.server.wm.Session.relayout:213 
06-04 12:28:14.388  1173  1504 I InputDispatcher: setInputWindows displayId=0 Window{43cdcd4 u0 NavigationBar0} Window{f4fa032 u0 NotificationShade} Window{b4d31cf u0 StatusBar} pl.mindmade.pim/pl.mindmade.pim.videocall.VideoCallActivity#0 pl.mindmade.pim/pl.mindmade.pim.main.MainActivity#1 pl.mindmade.pim/pl.mindmade.pim.main.MainActivity#0 Window{1440c16 u0 com.android.systemui.ImageWallpaper} 
06-04 12:28:14.395   573  1216 I BufferQueueProducer: [pl.mindmade.pim/pl.mindmade.pim.videocall.VideoCallActivity#0](id:23d0000006a,api:1,p:10796,c:573) connect(): api=1 producerControlledByApp=false
06-04 12:28:14.405  1173  1504 I InputDispatcher: setInputWindows displayId=0 Window{43cdcd4 u0 NavigationBar0} Window{f4fa032 u0 NotificationShade} Window{b4d31cf u0 StatusBar} Window{a0666d0 u0 pl.mindmade.pim/pl.mindmade.pim.videocall.VideoCallActivity} pl.mindmade.pim/pl.mindmade.pim.main.MainActivity#1 pl.mindmade.pim/pl.mindmade.pim.main.MainActivity#0 Window{1440c16 u0 com.android.systemui.ImageWallpaper} 
06-04 12:28:14.405  1173  1504 I InputDispatcher: Window went away: pl.mindmade.pim/pl.mindmade.pim.videocall.VideoCallActivity#0
06-04 12:28:14.417 10796 10796 W View    : requestLayout() improperly called by com.google.android.material.textview.MaterialTextView{c57fbd2 V.ED..... ......ID 47,230-673,289 #7f090361 app:id/videoCallPeerName} during layout: running second layout pass
06-04 12:28:14.417 10796 10796 W View    : requestLayout() improperly called by com.google.android.material.textview.MaterialTextView{69c64a3 V.ED..... ......ID 298,309-423,347 #7f090363 app:id/videoCallStatusText} during layout: running second layout pass
06-04 12:28:14.418 10796 10796 W View    : requestLayout() improperly called by android.view.View{3b16b59 V.ED..... ......ID 0,0-720,1368 #7f09035f app:id/videoCallFullShade} during layout: running second layout pass
06-04 12:28:14.449   573  1761 I BufferQueueConsumer: [](id:23d0000006b,api:0,p:-1,c:573) connect(): controlledByApp=false
06-04 12:28:14.450   573  1761 I BufferQueue: [unnamed-573-107](this:0xb4000076810e9ff8,id:107,api:0,p:-1,c:-1) BufferQueue core=(573:/system/bin/surfaceflinger)
06-04 12:28:14.456  1173  1504 I InputDispatcher: setInputWindows displayId=0 Window{43cdcd4 u0 NavigationBar0} Window{f4fa032 u0 NotificationShade} Window{b4d31cf u0 StatusBar} Window{a0666d0 u0 pl.mindmade.pim/pl.mindmade.pim.videocall.VideoCallActivity} SurfaceView - pl.mindmade.pim/pl.mindmade.pim.videocall.VideoCallActivity#0 pl.mindmade.pim/pl.mindmade.pim.main.MainActivity#1 pl.mindmade.pim/pl.mindmade.pim.main.MainActivity#0 Window{1440c16 u0 com.android.systemui.ImageWallpaper} 
06-04 12:28:14.456   573  1761 I BufferQueueProducer: [SurfaceView - pl.mindmade.pim/pl.mindmade.pim.videocall.VideoCallActivity#0](id:23d0000006b,api:2,p:10796,c:573) connect(): api=2 producerControlledByApp=false
06-04 12:28:14.472   573   573 E SurfaceFlinger: [SurfaceView - pl.mindmade.pim/pl.mindmade.pim.videocall.VideoCallActivity#0] rejecting buffer: bufWidth=5, bufHeight=10, front.active_legacy.{w=22, h=41}
