06-04 12:21:27.760  1173  3642 I ExplicitHealthCheckController: No more health check requests, unbinding...
06-04 12:21:27.764  1173  3642 I ExplicitHealthCheckController: Explicit health check service is unbound
06-04 12:21:27.958  1173  4139 I RescueParty: Starting to observe: [com.google.android.networkstack], updated namespace: connectivity
06-04 12:21:27.960  1173  4139 I PackageWatchdog: Updated health check state for package com.google.android.networkstack: INACTIVE -> INACTIVE
06-04 12:21:27.961  1173  1198 I PackageWatchdog: Syncing state, reason: observing new packages
06-04 12:21:27.961  1173  1198 I PackageWatchdog: Removing 217ms from all packages on all observers
06-04 12:21:27.961  1173  1198 I PackageWatchdog: Updated health check state for package android: PASSED -> PASSED
06-04 12:21:27.961  1173  1198 I PackageWatchdog: Scheduling next state sync in 172799783ms
06-04 12:21:27.961  1173  1198 I PackageWatchdog: Syncing state, reason: updated observers
06-04 12:21:27.961  1173  1198 I PackageWatchdog: Not pruning observers, elapsed time: 0ms
06-04 12:21:27.962  1173  1198 I PackageWatchdog: Scheduling next state sync in 172799783ms
06-04 12:21:27.962  1173  1198 I PackageWatchdog: Saving observer state to file
06-04 12:21:27.970  1173  1173 I PackageWatchdog: Syncing health check requests for packages: {com.google.android.networkstack}
06-04 12:21:27.971  1173  1173 I ExplicitHealthCheckController: Service not ready to get health check supported packages. Binding...
06-04 12:21:27.975  1173  1173 I ExplicitHealthCheckController: Explicit health check service is bound
06-04 12:21:27.983  1173  1173 I ExplicitHealthCheckController: Explicit health check service is connected ComponentInfo{com.google.android.ext.services/android.ext.services.watchdog.ExplicitHealthCheckServiceImpl}
06-04 12:21:27.983  1173  1173 I ExplicitHealthCheckController: Service initialized, syncing requests
06-04 12:21:27.986  1173  1173 I PackageWatchdog: Syncing health check requests for packages: {com.google.android.networkstack}
06-04 12:21:27.990  1173  3642 I ExplicitHealthCheckController: Explicit health check supported packages [PackageConfig{com.google.android.networkstack, 86400000}]
06-04 12:21:27.990  1173  3642 I PackageWatchdog: Updated health check state for package android: PASSED -> PASSED
06-04 12:21:27.990  1173  3642 I PackageWatchdog: Updated health check state for package com.google.android.networkstack: INACTIVE -> ACTIVE
06-04 12:21:27.990  1173  3642 I PackageWatchdog: Syncing state, reason: updated health check supported packages [PackageConfig{com.google.android.networkstack, 86400000}]
06-04 12:21:27.990  1173  3642 I PackageWatchdog: Removing 28ms from all packages on all observers
06-04 12:21:27.990  1173  3642 I PackageWatchdog: Updated health check state for package android: PASSED -> PASSED
06-04 12:21:27.990  1173  3642 I PackageWatchdog: Updated health check state for package com.google.android.networkstack: ACTIVE -> ACTIVE
06-04 12:21:27.991  1173  3642 I PackageWatchdog: Scheduling next state sync in 86399972ms
06-04 12:21:27.991  1173  1198 I PackageWatchdog: Saving observer state to file
06-04 12:21:27.992  1173  3642 I ExplicitHealthCheckController: Explicit health check requested packages []
06-04 12:21:27.992  1173  3642 I ExplicitHealthCheckController: Requesting health check for package com.google.android.networkstack
06-04 12:21:28.015  1173  3642 I PackageWatchdog: Health check passed for package: com.google.android.networkstack
06-04 12:21:28.016  1173  3642 I PackageWatchdog: Updated health check state for package com.google.android.networkstack: ACTIVE -> PASSED
06-04 12:21:28.016  1173  3642 I PackageWatchdog: Syncing state, reason: health check passed for com.google.android.networkstack
06-04 12:21:28.016  1173  3642 I PackageWatchdog: Removing 25ms from all packages on all observers
06-04 12:21:28.016  1173  3642 I PackageWatchdog: Updated health check state for package android: PASSED -> PASSED
06-04 12:21:28.016  1173  3642 I PackageWatchdog: Updated health check state for package com.google.android.networkstack: PASSED -> PASSED
06-04 12:21:28.018  1173  3642 I PackageWatchdog: Scheduling next state sync in 172799730ms
06-04 12:21:28.018  1173  1198 I PackageWatchdog: Saving observer state to file
06-04 12:21:28.019  1173  1173 I PackageWatchdog: Syncing health check requests for packages: {}
06-04 12:21:28.021  1173  3642 I ExplicitHealthCheckController: Explicit health check supported packages [PackageConfig{com.google.android.networkstack, 86400000}]
06-04 12:21:28.025  1173  3642 I PackageWatchdog: Updated health check state for package android: PASSED -> PASSED
06-04 12:21:28.026  1173  3642 I PackageWatchdog: Updated health check state for package com.google.android.networkstack: PASSED -> PASSED
06-04 12:21:28.027  1173  3642 I ExplicitHealthCheckController: Explicit health check requested packages []
06-04 12:21:28.027  1173  3642 I ExplicitHealthCheckController: No more health check requests, unbinding...
06-04 12:21:28.031  1173  3642 I ExplicitHealthCheckController: Explicit health check service is unbound
06-04 12:21:28.095  1173  4139 I RescueParty: Starting to observe: [android], updated namespace: wifi
06-04 12:21:28.096  1173  4139 I PackageWatchdog: Updated health check state for package android: INACTIVE -> INACTIVE
06-04 12:21:28.097  1173  1198 I PackageWatchdog: Syncing state, reason: observing new packages
06-04 12:21:28.097  1173  1198 I PackageWatchdog: Removing 79ms from all packages on all observers
06-04 12:21:28.097  1173  1198 I PackageWatchdog: Updated health check state for package android: PASSED -> PASSED
06-04 12:21:28.097  1173  1198 I PackageWatchdog: Updated health check state for package com.google.android.networkstack: PASSED -> PASSED
06-04 12:21:28.097  1173  1198 I PackageWatchdog: Scheduling next state sync in 172799651ms
06-04 12:21:28.098  1173  1198 I PackageWatchdog: Syncing state, reason: updated observers
06-04 12:21:28.098  1173  1198 I PackageWatchdog: Removing 1ms from all packages on all observers
06-04 12:21:28.098  1173  1198 I PackageWatchdog: Updated health check state for package android: PASSED -> PASSED
06-04 12:21:28.098  1173  1198 I PackageWatchdog: Updated health check state for package com.google.android.networkstack: PASSED -> PASSED
06-04 12:21:28.098  1173  1198 I PackageWatchdog: Scheduling next state sync in 172799867ms
06-04 12:21:28.098  1173  1198 I PackageWatchdog: Saving observer state to file
06-04 12:21:28.111  1173  1173 I PackageWatchdog: Syncing health check requests for packages: {}
06-04 12:21:28.111  1173  1173 I ExplicitHealthCheckController: Service not ready to get health check supported packages. Binding...
06-04 12:21:28.118  1173  1173 I ExplicitHealthCheckController: Explicit health check service is bound
06-04 12:21:28.121  1173  1173 I ExplicitHealthCheckController: Explicit health check service is connected ComponentInfo{com.google.android.ext.services/android.ext.services.watchdog.ExplicitHealthCheckServiceImpl}
06-04 12:21:28.122  1173  1173 I ExplicitHealthCheckController: Service initialized, syncing requests
06-04 12:21:28.123  1173  1173 I PackageWatchdog: Syncing health check requests for packages: {}
06-04 12:21:28.127  1173  4139 I ExplicitHealthCheckController: Explicit health check supported packages [PackageConfig{com.google.android.networkstack, 86400000}]
06-04 12:21:28.128  1173  4139 I PackageWatchdog: Updated health check state for package android: PASSED -> PASSED
06-04 12:21:28.128  1173  4139 I PackageWatchdog: Updated health check state for package com.google.android.networkstack: PASSED -> PASSED
06-04 12:21:28.130  1173  4139 I ExplicitHealthCheckController: Explicit health check requested packages []
06-04 12:21:28.131  1173  4139 I ExplicitHealthCheckController: No more health check requests, unbinding...
06-04 12:21:28.134  1173  4139 I ExplicitHealthCheckController: Explicit health check service is unbound
06-04 12:21:28.137  1173  3642 I RescueParty: Starting to observe: [android], updated namespace: settings_stats
06-04 12:21:28.138  1173  3642 I PackageWatchdog: Updated health check state for package android: INACTIVE -> INACTIVE
06-04 12:21:28.139  1173  1198 I PackageWatchdog: Syncing state, reason: observing new packages
06-04 12:21:28.139  1173  1198 I PackageWatchdog: Removing 41ms from all packages on all observers
06-04 12:21:28.139  1173  1198 I PackageWatchdog: Updated health check state for package android: PASSED -> PASSED
06-04 12:21:28.139  1173  1198 I PackageWatchdog: Updated health check state for package com.google.android.networkstack: PASSED -> PASSED
06-04 12:21:28.139  1173  1198 I PackageWatchdog: Scheduling next state sync in 172799826ms
06-04 12:21:28.140  1173  1198 I PackageWatchdog: Syncing state, reason: updated observers
06-04 12:21:28.140  1173  1198 I PackageWatchdog: Not pruning observers, elapsed time: 0ms
06-04 12:21:28.140  1173  1198 I PackageWatchdog: Scheduling next state sync in 172799826ms
06-04 12:21:28.140  1173  1198 I PackageWatchdog: Saving observer state to file
06-04 12:21:28.140  1173  1173 I PackageWatchdog: Syncing health check requests for packages: {}
06-04 12:21:28.141  1173  1173 I ExplicitHealthCheckController: Service not ready to get health check supported packages. Binding...
06-04 12:21:28.145  1173  1173 I ExplicitHealthCheckController: Explicit health check service is bound
06-04 12:21:28.148  1173  1173 I PackageWatchdog: Syncing health check requests for packages: {}
06-04 12:21:28.148  1173  1173 I ExplicitHealthCheckController: Service not ready to get health check supported packages. Binding...
06-04 12:21:28.149  1173  1173 I ExplicitHealthCheckController: Not binding to service, service already connecting
06-04 12:21:28.149  1173  1173 I ExplicitHealthCheckController: Explicit health check service is connected ComponentInfo{com.google.android.ext.services/android.ext.services.watchdog.ExplicitHealthCheckServiceImpl}
06-04 12:21:28.150  1173  1173 I ExplicitHealthCheckController: Service initialized, syncing requests
06-04 12:21:28.150  1173  1173 I PackageWatchdog: Syncing health check requests for packages: {}
06-04 12:21:28.153  1173  3642 I ExplicitHealthCheckController: Explicit health check supported packages [PackageConfig{com.google.android.networkstack, 86400000}]
06-04 12:21:28.154  1173  3642 I PackageWatchdog: Updated health check state for package android: PASSED -> PASSED
06-04 12:21:28.154  1173  3642 I PackageWatchdog: Updated health check state for package com.google.android.networkstack: PASSED -> PASSED
06-04 12:21:28.155  1173  1187 I ExplicitHealthCheckController: Explicit health check requested packages []
06-04 12:21:28.155  1173  1187 I ExplicitHealthCheckController: No more health check requests, unbinding...
06-04 12:21:28.159  1173  1187 I ExplicitHealthCheckController: Explicit health check service is unbound
06-04 12:21:28.819  1173  4139 I RescueParty: Starting to observe: [android], updated namespace: autofill
06-04 12:21:28.820  1173  4139 I PackageWatchdog: Updated health check state for package android: INACTIVE -> INACTIVE
06-04 12:21:28.820  1173  1198 I PackageWatchdog: Syncing state, reason: observing new packages
06-04 12:21:28.820  1173  1198 I PackageWatchdog: Removing 680ms from all packages on all observers
06-04 12:21:28.820  1173  1198 I PackageWatchdog: Updated health check state for package android: PASSED -> PASSED
06-04 12:21:28.821  1173  1198 I PackageWatchdog: Updated health check state for package com.google.android.networkstack: PASSED -> PASSED
06-04 12:21:28.821  1173  1198 I PackageWatchdog: Scheduling next state sync in 172799146ms
06-04 12:21:28.821  1173  1198 I PackageWatchdog: Syncing state, reason: updated observers
06-04 12:21:28.821  1173  1198 I PackageWatchdog: Not pruning observers, elapsed time: 0ms
06-04 12:21:28.821  1173  1198 I PackageWatchdog: Scheduling next state sync in 172799146ms
06-04 12:21:28.821  1173  1198 I PackageWatchdog: Saving observer state to file
06-04 12:21:28.834  1173  1173 I PackageWatchdog: Syncing health check requests for packages: {}
06-04 12:21:28.834  1173  1173 I ExplicitHealthCheckController: Service not ready to get health check supported packages. Binding...
06-04 12:21:28.838  1173  1173 I ExplicitHealthCheckController: Explicit health check service is bound
06-04 12:21:28.838  1173  1173 I AutofillManagerService: Ignoring change on augmented_autofill_mode
06-04 12:21:28.842  1173  1173 I ExplicitHealthCheckController: Explicit health check service is connected ComponentInfo{com.google.android.ext.services/android.ext.services.watchdog.ExplicitHealthCheckServiceImpl}
06-04 12:21:28.842  1173  1173 I ExplicitHealthCheckController: Service initialized, syncing requests
06-04 12:21:28.843  1173  1173 I PackageWatchdog: Syncing health check requests for packages: {}
06-04 12:21:28.846  1173  3642 I ExplicitHealthCheckController: Explicit health check supported packages [PackageConfig{com.google.android.networkstack, 86400000}]
06-04 12:21:28.846  1173  3642 I PackageWatchdog: Updated health check state for package android: PASSED -> PASSED
06-04 12:21:28.846  1173  3642 I PackageWatchdog: Updated health check state for package com.google.android.networkstack: PASSED -> PASSED
06-04 12:21:28.847  1173  3642 I ExplicitHealthCheckController: Explicit health check requested packages []
06-04 12:21:28.847  1173  3642 I ExplicitHealthCheckController: No more health check requests, unbinding...
06-04 12:21:28.851  1173  3642 I ExplicitHealthCheckController: Explicit health check service is unbound
06-04 12:21:29.044  1173  4139 I RescueParty: Starting to observe: [android], updated namespace: content_capture
06-04 12:21:29.044  1173  4139 I PackageWatchdog: Updated health check state for package android: INACTIVE -> INACTIVE
06-04 12:21:29.045  1173  1198 I PackageWatchdog: Syncing state, reason: observing new packages
06-04 12:21:29.045  1173  1198 I PackageWatchdog: Removing 224ms from all packages on all observers
06-04 12:21:29.045  1173  1198 I PackageWatchdog: Updated health check state for package android: PASSED -> PASSED
06-04 12:21:29.045  1173  1198 I PackageWatchdog: Updated health check state for package com.google.android.networkstack: PASSED -> PASSED
06-04 12:21:29.045  1173  1198 I PackageWatchdog: Scheduling next state sync in 172798922ms
06-04 12:21:29.045  1173  1198 I PackageWatchdog: Syncing state, reason: updated observers
06-04 12:21:29.045  1173  1198 I PackageWatchdog: Not pruning observers, elapsed time: 0ms
06-04 12:21:29.045  1173  1198 I PackageWatchdog: Scheduling next state sync in 172798922ms
06-04 12:21:29.045  1173  1198 I PackageWatchdog: Saving observer state to file
06-04 12:21:29.053  1173  1173 I PackageWatchdog: Syncing health check requests for packages: {}
06-04 12:21:29.053  1173  1173 I ExplicitHealthCheckController: Service not ready to get health check supported packages. Binding...
06-04 12:21:29.056  1173  1173 I ExplicitHealthCheckController: Explicit health check service is bound
06-04 12:21:29.060  1173  1173 I ExplicitHealthCheckController: Explicit health check service is connected ComponentInfo{com.google.android.ext.services/android.ext.services.watchdog.ExplicitHealthCheckServiceImpl}
06-04 12:21:29.062  1173  1173 I ExplicitHealthCheckController: Service initialized, syncing requests
06-04 12:21:29.062  1173  1173 I PackageWatchdog: Syncing health check requests for packages: {}
06-04 12:21:29.066  1173  1187 I ExplicitHealthCheckController: Explicit health check supported packages [PackageConfig{com.google.android.networkstack, 86400000}]
06-04 12:21:29.066  1173  1187 I PackageWatchdog: Updated health check state for package android: PASSED -> PASSED
06-04 12:21:29.066  1173  1187 I PackageWatchdog: Updated health check state for package com.google.android.networkstack: PASSED -> PASSED
06-04 12:21:29.067  1173  1187 I ExplicitHealthCheckController: Explicit health check requested packages []
06-04 12:21:29.067  1173  1187 I ExplicitHealthCheckController: No more health check requests, unbinding...
06-04 12:21:29.070  1173  1187 I ExplicitHealthCheckController: Explicit health check service is unbound
06-04 12:21:29.250  1173  4139 I RescueParty: Starting to observe: [android], updated namespace: telephony
06-04 12:21:29.251  1173  4139 I PackageWatchdog: Updated health check state for package android: INACTIVE -> INACTIVE
06-04 12:21:29.252  1173  1198 I PackageWatchdog: Syncing state, reason: observing new packages
06-04 12:21:29.252  1173  1198 I PackageWatchdog: Removing 207ms from all packages on all observers
06-04 12:21:29.252  1173  1198 I PackageWatchdog: Updated health check state for package android: PASSED -> PASSED
06-04 12:21:29.252  1173  1198 I PackageWatchdog: Updated health check state for package com.google.android.networkstack: PASSED -> PASSED
06-04 12:21:29.253  1173  1198 I PackageWatchdog: Scheduling next state sync in 172798715ms
06-04 12:21:29.253  1173  1198 I PackageWatchdog: Syncing state, reason: updated observers
06-04 12:21:29.253  1173  1198 I PackageWatchdog: Not pruning observers, elapsed time: 0ms
06-04 12:21:29.253  1173  1198 I PackageWatchdog: Scheduling next state sync in 172798715ms
06-04 12:21:29.254  1173  1198 I PackageWatchdog: Saving observer state to file
06-04 12:21:29.267  1173  1173 I PackageWatchdog: Syncing health check requests for packages: {}
06-04 12:21:29.267  1173  1173 I ExplicitHealthCheckController: Service not ready to get health check supported packages. Binding...
06-04 12:21:29.271  1173  1173 I ExplicitHealthCheckController: Explicit health check service is bound
06-04 12:21:29.275  1173  1173 I ExplicitHealthCheckController: Explicit health check service is connected ComponentInfo{com.google.android.ext.services/android.ext.services.watchdog.ExplicitHealthCheckServiceImpl}
06-04 12:21:29.276  1173  1173 I ExplicitHealthCheckController: Service initialized, syncing requests
06-04 12:21:29.276  1173  1173 I PackageWatchdog: Syncing health check requests for packages: {}
06-04 12:21:29.279  1173  1187 I ExplicitHealthCheckController: Explicit health check supported packages [PackageConfig{com.google.android.networkstack, 86400000}]
06-04 12:21:29.280  1173  1187 I PackageWatchdog: Updated health check state for package android: PASSED -> PASSED
06-04 12:21:29.280  1173  1187 I PackageWatchdog: Updated health check state for package com.google.android.networkstack: PASSED -> PASSED
06-04 12:21:29.281  1173  1187 I ExplicitHealthCheckController: Explicit health check requested packages []
06-04 12:21:29.281  1173  1187 I ExplicitHealthCheckController: No more health check requests, unbinding...
06-04 12:21:29.284  1173  1187 I ExplicitHealthCheckController: Explicit health check service is unbound
06-04 12:21:29.348  1173  4139 I RescueParty: Starting to observe: [com.android.launcher3], updated namespace: launcher
06-04 12:21:29.349  1173  4139 I PackageWatchdog: Updated health check state for package com.android.launcher3: INACTIVE -> INACTIVE
06-04 12:21:29.350  1173  1198 I PackageWatchdog: Syncing state, reason: observing new packages
06-04 12:21:29.350  1173  1198 I PackageWatchdog: Removing 96ms from all packages on all observers
06-04 12:21:29.350  1173  1198 I PackageWatchdog: Updated health check state for package android: PASSED -> PASSED
06-04 12:21:29.350  1173  1198 I PackageWatchdog: Updated health check state for package com.google.android.networkstack: PASSED -> PASSED
06-04 12:21:29.350  1173  1198 I PackageWatchdog: Scheduling next state sync in 172798619ms
06-04 12:21:29.351  1173  1198 I PackageWatchdog: Syncing state, reason: updated observers
06-04 12:21:29.351  1173  1198 I PackageWatchdog: Not pruning observers, elapsed time: 0ms
06-04 12:21:29.351  1173  1198 I PackageWatchdog: Scheduling next state sync in 172798619ms
06-04 12:21:29.352  1173  1198 I PackageWatchdog: Saving observer state to file
06-04 12:21:29.361  1173  1173 I PackageWatchdog: Syncing health check requests for packages: {com.android.launcher3}
06-04 12:21:29.361  1173  1173 I ExplicitHealthCheckController: Service not ready to get health check supported packages. Binding...
06-04 12:21:29.365  1173  1173 I ExplicitHealthCheckController: Explicit health check service is bound
06-04 12:21:29.369  1173  1173 I ExplicitHealthCheckController: Explicit health check service is connected ComponentInfo{com.google.android.ext.services/android.ext.services.watchdog.ExplicitHealthCheckServiceImpl}
06-04 12:21:29.370  1173  1173 I ExplicitHealthCheckController: Service initialized, syncing requests
06-04 12:21:29.370  1173  1173 I PackageWatchdog: Syncing health check requests for packages: {com.android.launcher3}
06-04 12:21:29.374  1173  1187 I ExplicitHealthCheckController: Explicit health check supported packages [PackageConfig{com.google.android.networkstack, 86400000}]
06-04 12:21:29.374  1173  1187 I PackageWatchdog: Updated health check state for package android: PASSED -> PASSED
06-04 12:21:29.374  1173  1187 I PackageWatchdog: Updated health check state for package com.android.launcher3: INACTIVE -> PASSED
06-04 12:21:29.374  1173  1187 I PackageWatchdog: Updated health check state for package com.google.android.networkstack: PASSED -> PASSED
06-04 12:21:29.374  1173  1187 I PackageWatchdog: Syncing state, reason: updated health check supported packages [PackageConfig{com.google.android.networkstack, 86400000}]
06-04 12:21:29.374  1173  1187 I PackageWatchdog: Removing 23ms from all packages on all observers
06-04 12:21:29.374  1173  1187 I PackageWatchdog: Updated health check state for package android: PASSED -> PASSED
06-04 12:21:29.374  1173  1187 I PackageWatchdog: Updated health check state for package com.android.launcher3: PASSED -> PASSED
06-04 12:21:29.374  1173  1187 I PackageWatchdog: Updated health check state for package com.google.android.networkstack: PASSED -> PASSED
06-04 12:21:29.375  1173  1187 I PackageWatchdog: Scheduling next state sync in 172798596ms
06-04 12:21:29.375  1173  1198 I PackageWatchdog: Saving observer state to file
06-04 12:21:29.376  1173  1173 I PackageWatchdog: Syncing health check requests for packages: {}
06-04 12:21:29.377  1173  1187 I ExplicitHealthCheckController: Explicit health check requested packages []
06-04 12:21:29.377  1173  4139 I ExplicitHealthCheckController: Explicit health check supported packages [PackageConfig{com.google.android.networkstack, 86400000}]
06-04 12:21:29.377  1173  1187 I ExplicitHealthCheckController: No more health check requests, unbinding...
06-04 12:21:29.381  1173  1187 I ExplicitHealthCheckController: Explicit health check service is unbound
06-04 12:21:29.383  1173  4139 I PackageWatchdog: Updated health check state for package android: PASSED -> PASSED
06-04 12:21:29.384  1173  4139 I PackageWatchdog: Updated health check state for package com.android.launcher3: PASSED -> PASSED
06-04 12:21:29.384  1173  4139 I PackageWatchdog: Updated health check state for package com.google.android.networkstack: PASSED -> PASSED
06-04 12:21:29.384  1173  4139 I ExplicitHealthCheckController: Service not ready to get health check requested packages. Binding...
06-04 12:21:29.388  1173  2980 E SettingsToPropertiesMapper: adservices/disable_sdk_sandbox,adservices/enforce_broadcast_receiver_restrictions,adservices/fledge_ad_selection_enforce_foreground_status_custom_audience,adservices/fledge_custom_audience_max_count,adservices/fledge_custom_audience_max_num_ads,adservices/fledge_custom_audience_max_owner_count,adservices/fledge_custom_audience_per_app_max_count,adservices/fledge_js_isolate_enforce_max_heap_size,adservices/fledge_js_isolate_max_heap_size_bytes,adservices/sdk_request_permits_per_second,adservices/sdksandbox_customized_sdk_context_enabled,configuration/namespace_to_package_mapping,constrain_display_apis/always_constrain_display_apis,constrain_display_apis/never_constrain_display_apis,constrain_display_apis/never_constrain_display_apis_all_packages,device_policy_manager/disable_resources_updatability,flipendo/default_savings_mode_launch,flipendo/essential_apps,flipendo/flipendo_enabled_launch,flipendo/grayscale_enabled_launch,flipendo/lever_ble_scanning_enabled_launch,flipendo/lever_hotspot_enabled_launch,flipendo/lever_work_profile_enabled_launch,flipendo/resuspend_delay_minutes,namespace/key,namespace1/key1,namespace1/key2,namespace2/key1,namespace2/key2,package_manager_service/incfs_default_timeouts,package_manager_service/known_digesters_list,privacy/location_access_check_periodic_interval_millis,rollback/enable_rollback_timeout,rollback/watchdog_explicit_health_check_enabled,rollback/watchdog_request_timeout_millis,rollback/watchdog_trigger_failure_count,rollback/watchdog_trigger_failure_duration_millis,rollback_boot/rollback_lifetime_in_millis,systemui/nas_generate_actions,systemui/nas_generate_replies,systemui/nas_max_messages_to_extract,systemui/nas_max_suggestions,testspace/another,testspace/flagname,textclassifier/config_updater_model_enabled,textclassifier/key,textclassifier/key2,textclassifier/manifest_url_annotator_en,textclassifier/manifest_url_annotator_ru,textclassifier/model_download_backoff_delay_in_millis,textclassifier/model_download_manager_enabled,textclassifier/multi_language_support_enabled,textclassifier/testing_locale_list_override,textclassifier/textclassifier_service_package_override,window_manager/enable_default_rescind_bal_privileges_from_pending_intent_sender,wrong/nas_generate_replies, exceeds system property max length.
06-04 12:21:29.389  1173  4139 I ExplicitHealthCheckController: Explicit health check service is bound
06-04 12:21:29.393  1173  1173 I ExplicitHealthCheckController: Explicit health check service is connected ComponentInfo{com.google.android.ext.services/android.ext.services.watchdog.ExplicitHealthCheckServiceImpl}
06-04 12:21:29.394  1173  1173 I ExplicitHealthCheckController: Service initialized, syncing requests
06-04 12:21:29.394  1173  1173 I PackageWatchdog: Syncing health check requests for packages: {}
06-04 12:21:29.399  1173  1187 I ExplicitHealthCheckController: Explicit health check supported packages [PackageConfig{com.google.android.networkstack, 86400000}]
06-04 12:21:29.400  1173  1187 I PackageWatchdog: Updated health check state for package android: PASSED -> PASSED
06-04 12:21:29.400  1173  1187 I PackageWatchdog: Updated health check state for package com.android.launcher3: PASSED -> PASSED
06-04 12:21:29.400  1173  1187 I PackageWatchdog: Updated health check state for package com.google.android.networkstack: PASSED -> PASSED
06-04 12:21:29.401  1173  3894 I ExplicitHealthCheckController: Explicit health check requested packages []
06-04 12:21:29.402  1173  3894 I ExplicitHealthCheckController: No more health check requests, unbinding...
06-04 12:21:29.405  1173  3894 I ExplicitHealthCheckController: Explicit health check service is unbound
06-04 12:21:29.433  1173  4139 I RescueParty: Starting to observe: [com.google.android.permissioncontroller], updated namespace: privacy
06-04 12:21:29.434  1173  4139 I PackageWatchdog: Updated health check state for package com.google.android.permissioncontroller: INACTIVE -> INACTIVE
06-04 12:21:29.436  1173  1198 I PackageWatchdog: Syncing state, reason: observing new packages
06-04 12:21:29.436  1173  1198 I PackageWatchdog: Removing 61ms from all packages on all observers
06-04 12:21:29.437  1173  1198 I PackageWatchdog: Updated health check state for package android: PASSED -> PASSED
06-04 12:21:29.437  1173  1198 I PackageWatchdog: Updated health check state for package com.android.launcher3: PASSED -> PASSED
06-04 12:21:29.438  1173  1198 I PackageWatchdog: Updated health check state for package com.google.android.networkstack: PASSED -> PASSED
06-04 12:21:29.438  1173  1198 I PackageWatchdog: Scheduling next state sync in 172798535ms
06-04 12:21:29.438  1173  1198 I PackageWatchdog: Syncing state, reason: updated observers
06-04 12:21:29.438  1173  1198 I PackageWatchdog: Not pruning observers, elapsed time: 0ms
06-04 12:21:29.438  1173  1198 I PackageWatchdog: Scheduling next state sync in 172798535ms
06-04 12:21:29.439  1173  1198 I PackageWatchdog: Saving observer state to file
06-04 12:21:29.439  1173  1173 I PackageWatchdog: Syncing health check requests for packages: {com.google.android.permissioncontroller}
06-04 12:21:29.439  1173  1173 I ExplicitHealthCheckController: Service not ready to get health check supported packages. Binding...
06-04 12:21:29.444  1173  1173 I ExplicitHealthCheckController: Explicit health check service is bound
06-04 12:21:29.449  1173  1173 I ExplicitHealthCheckController: Explicit health check service is connected ComponentInfo{com.google.android.ext.services/android.ext.services.watchdog.ExplicitHealthCheckServiceImpl}
06-04 12:21:29.449  1173  1173 I ExplicitHealthCheckController: Service initialized, syncing requests
06-04 12:21:29.449  1173  1173 I PackageWatchdog: Syncing health check requests for packages: {com.google.android.permissioncontroller}
06-04 12:21:29.453  1173  4139 I ExplicitHealthCheckController: Explicit health check supported packages [PackageConfig{com.google.android.networkstack, 86400000}]
06-04 12:21:29.453  1173  4139 I PackageWatchdog: Updated health check state for package android: PASSED -> PASSED
06-04 12:21:29.453  1173  4139 I PackageWatchdog: Updated health check state for package com.android.launcher3: PASSED -> PASSED
06-04 12:21:29.453  1173  4139 I PackageWatchdog: Updated health check state for package com.google.android.permissioncontroller: INACTIVE -> PASSED
06-04 12:21:29.454  1173  4139 I PackageWatchdog: Updated health check state for package com.google.android.networkstack: PASSED -> PASSED
06-04 12:21:29.454  1173  4139 I PackageWatchdog: Syncing state, reason: updated health check supported packages [PackageConfig{com.google.android.networkstack, 86400000}]
06-04 12:21:29.454  1173  4139 I PackageWatchdog: Removing 15ms from all packages on all observers
06-04 12:21:29.454  1173  4139 I PackageWatchdog: Updated health check state for package android: PASSED -> PASSED
06-04 12:21:29.455  1173  4139 I PackageWatchdog: Updated health check state for package com.android.launcher3: PASSED -> PASSED
06-04 12:21:29.455  1173  4139 I PackageWatchdog: Updated health check state for package com.google.android.permissioncontroller: PASSED -> PASSED
06-04 12:21:29.455  1173  4139 I PackageWatchdog: Updated health check state for package com.google.android.networkstack: PASSED -> PASSED
06-04 12:21:29.455  1173  1198 I PackageWatchdog: Saving observer state to file
06-04 12:21:29.457  1173  4139 I PackageWatchdog: Scheduling next state sync in 172798520ms
06-04 12:21:29.458  1173  1173 I PackageWatchdog: Syncing health check requests for packages: {}
06-04 12:21:29.459  1173  4139 I ExplicitHealthCheckController: Explicit health check requested packages []
06-04 12:21:29.460  1173  4139 I ExplicitHealthCheckController: No more health check requests, unbinding...
06-04 12:21:29.463  1173  4139 I ExplicitHealthCheckController: Explicit health check service is unbound
06-04 12:21:29.465  1173  1187 I ExplicitHealthCheckController: Explicit health check supported packages [PackageConfig{com.google.android.networkstack, 86400000}]
06-04 12:21:29.466  1173  1187 I PackageWatchdog: Updated health check state for package android: PASSED -> PASSED
06-04 12:21:29.466  1173  1187 I PackageWatchdog: Updated health check state for package com.android.launcher3: PASSED -> PASSED
06-04 12:21:29.467  1173  1187 I PackageWatchdog: Updated health check state for package com.google.android.permissioncontroller: PASSED -> PASSED
06-04 12:21:29.467  1173  1187 I PackageWatchdog: Updated health check state for package com.google.android.networkstack: PASSED -> PASSED
06-04 12:21:29.467  1173  1187 I ExplicitHealthCheckController: Service not ready to get health check requested packages. Binding...
06-04 12:21:29.471  1173  1187 I ExplicitHealthCheckController: Explicit health check service is bound
06-04 12:21:29.474  1173  1173 I ExplicitHealthCheckController: Explicit health check service is connected ComponentInfo{com.google.android.ext.services/android.ext.services.watchdog.ExplicitHealthCheckServiceImpl}
06-04 12:21:29.474  1173  1173 I ExplicitHealthCheckController: Service initialized, syncing requests
06-04 12:21:29.475  1173  1173 I PackageWatchdog: Syncing health check requests for packages: {}
06-04 12:21:29.476  1173  3894 I ExplicitHealthCheckController: Explicit health check supported packages [PackageConfig{com.google.android.networkstack, 86400000}]
06-04 12:21:29.476  1173  3894 I PackageWatchdog: Updated health check state for package android: PASSED -> PASSED
06-04 12:21:29.476  1173  3894 I PackageWatchdog: Updated health check state for package com.android.launcher3: PASSED -> PASSED
06-04 12:21:29.476  1173  3894 I PackageWatchdog: Updated health check state for package com.google.android.permissioncontroller: PASSED -> PASSED
06-04 12:21:29.476  1173  3894 I PackageWatchdog: Updated health check state for package com.google.android.networkstack: PASSED -> PASSED
06-04 12:21:29.477  1173  1187 I RescueParty: Starting to observe: [com.google.android.ext.services, android, com.android.systemui], updated namespace: systemui
06-04 12:21:29.478  1173  1187 I PackageWatchdog: Updated health check state for package com.google.android.ext.services: INACTIVE -> INACTIVE
06-04 12:21:29.478  1173  3894 I ExplicitHealthCheckController: Explicit health check requested packages []
06-04 12:21:29.478  1173  3894 I ExplicitHealthCheckController: No more health check requests, unbinding...
06-04 12:21:29.478  1173  1187 I PackageWatchdog: Updated health check state for package android: INACTIVE -> INACTIVE
06-04 12:21:29.479  1173  1187 I PackageWatchdog: Updated health check state for package com.android.systemui: INACTIVE -> INACTIVE
06-04 12:21:29.479  1173  1198 I PackageWatchdog: Syncing state, reason: observing new packages
06-04 12:21:29.479  1173  1198 I PackageWatchdog: Removing 22ms from all packages on all observers
06-04 12:21:29.479  1173  1198 I PackageWatchdog: Updated health check state for package android: PASSED -> PASSED
06-04 12:21:29.479  1173  1198 I PackageWatchdog: Updated health check state for package com.android.launcher3: PASSED -> PASSED
06-04 12:21:29.479  1173  1198 I PackageWatchdog: Updated health check state for package com.google.android.permissioncontroller: PASSED -> PASSED
06-04 12:21:29.479  1173  1198 I PackageWatchdog: Updated health check state for package com.google.android.networkstack: PASSED -> PASSED
06-04 12:21:29.480  1173  1198 I PackageWatchdog: Scheduling next state sync in 172798498ms
06-04 12:21:29.480  1173  1198 I PackageWatchdog: Syncing state, reason: updated observers
06-04 12:21:29.480  1173  1198 I PackageWatchdog: Not pruning observers, elapsed time: 0ms
06-04 12:21:29.480  1173  1198 I PackageWatchdog: Scheduling next state sync in 172798498ms
06-04 12:21:29.480  1173  1198 I PackageWatchdog: Saving observer state to file
06-04 12:21:29.482  1173  3894 I ExplicitHealthCheckController: Explicit health check service is unbound
06-04 12:21:29.491  1173  1173 I PackageWatchdog: Syncing health check requests for packages: {com.google.android.ext.services, com.android.systemui}
06-04 12:21:29.492  1173  1173 I ExplicitHealthCheckController: Service not ready to get health check supported packages. Binding...
06-04 12:21:29.496  1173  1173 I ExplicitHealthCheckController: Explicit health check service is bound
06-04 12:21:29.500  1173  1173 I ExplicitHealthCheckController: Explicit health check service is connected ComponentInfo{com.google.android.ext.services/android.ext.services.watchdog.ExplicitHealthCheckServiceImpl}
06-04 12:21:29.501  1173  1173 I ExplicitHealthCheckController: Service initialized, syncing requests
06-04 12:21:29.502  1173  1173 I PackageWatchdog: Syncing health check requests for packages: {com.google.android.ext.services, com.android.systemui}
06-04 12:21:29.509  1173  4139 I ExplicitHealthCheckController: Explicit health check supported packages [PackageConfig{com.google.android.networkstack, 86400000}]
06-04 12:21:29.509  1173  4139 I PackageWatchdog: Updated health check state for package com.google.android.ext.services: INACTIVE -> PASSED
06-04 12:21:29.509  1173  4139 I PackageWatchdog: Updated health check state for package android: PASSED -> PASSED
06-04 12:21:29.510  1173  4139 I PackageWatchdog: Updated health check state for package com.android.launcher3: PASSED -> PASSED
06-04 12:21:29.510  1173  4139 I PackageWatchdog: Updated health check state for package com.google.android.permissioncontroller: PASSED -> PASSED
06-04 12:21:29.510  1173  4139 I PackageWatchdog: Updated health check state for package com.google.android.networkstack: PASSED -> PASSED
06-04 12:21:29.510  1173  4139 I PackageWatchdog: Updated health check state for package com.android.systemui: INACTIVE -> PASSED
06-04 12:21:29.510  1173  4139 I PackageWatchdog: Syncing state, reason: updated health check supported packages [PackageConfig{com.google.android.networkstack, 86400000}]
06-04 12:21:29.510  1173  4139 I PackageWatchdog: Removing 30ms from all packages on all observers
06-04 12:21:29.511  1173  4139 I PackageWatchdog: Updated health check state for package com.google.android.ext.services: PASSED -> PASSED
06-04 12:21:29.511  1173  4139 I PackageWatchdog: Updated health check state for package android: PASSED -> PASSED
06-04 12:21:29.511  1173  4139 I PackageWatchdog: Updated health check state for package com.android.launcher3: PASSED -> PASSED
06-04 12:21:29.511  1173  4139 I PackageWatchdog: Updated health check state for package com.google.android.permissioncontroller: PASSED -> PASSED
06-04 12:21:29.511  1173  4139 I PackageWatchdog: Updated health check state for package com.google.android.networkstack: PASSED -> PASSED
06-04 12:21:29.511  1173  4139 I PackageWatchdog: Updated health check state for package com.android.systemui: PASSED -> PASSED
06-04 12:21:29.511  1173  1198 I PackageWatchdog: Saving observer state to file
06-04 12:21:29.512  1173  4139 I PackageWatchdog: Scheduling next state sync in 172798468ms
06-04 12:21:29.512  1173  1173 I PackageWatchdog: Syncing health check requests for packages: {}
06-04 12:21:29.514  1173  4139 I ExplicitHealthCheckController: Explicit health check requested packages []
06-04 12:21:29.515  1173  4139 I ExplicitHealthCheckController: No more health check requests, unbinding...
06-04 12:21:29.516  1173  3894 I ExplicitHealthCheckController: Explicit health check supported packages [PackageConfig{com.google.android.networkstack, 86400000}]
06-04 12:21:29.520  1173  4139 I ExplicitHealthCheckController: Explicit health check service is unbound
06-04 12:21:29.522  1173  3894 I PackageWatchdog: Updated health check state for package com.google.android.ext.services: PASSED -> PASSED
06-04 12:21:29.522  1173  3894 I PackageWatchdog: Updated health check state for package android: PASSED -> PASSED
06-04 12:21:29.522  1173  3894 I PackageWatchdog: Updated health check state for package com.android.launcher3: PASSED -> PASSED
06-04 12:21:29.522  1173  3894 I PackageWatchdog: Updated health check state for package com.google.android.permissioncontroller: PASSED -> PASSED
06-04 12:21:29.522  1173  3894 I PackageWatchdog: Updated health check state for package com.google.android.networkstack: PASSED -> PASSED
06-04 12:21:29.522  1173  3894 I PackageWatchdog: Updated health check state for package com.android.systemui: PASSED -> PASSED
06-04 12:21:29.522  1173  3894 I ExplicitHealthCheckController: Service not ready to get health check requested packages. Binding...
06-04 12:21:29.527  1173  3894 I ExplicitHealthCheckController: Explicit health check service is bound
06-04 12:21:29.530  1173  1173 I ExplicitHealthCheckController: Explicit health check service is connected ComponentInfo{com.google.android.ext.services/android.ext.services.watchdog.ExplicitHealthCheckServiceImpl}
06-04 12:21:29.530  1173  1173 I ExplicitHealthCheckController: Service initialized, syncing requests
06-04 12:21:29.531  1173  1173 I PackageWatchdog: Syncing health check requests for packages: {}
06-04 12:21:29.532  1173  3894 I ExplicitHealthCheckController: Explicit health check supported packages [PackageConfig{com.google.android.networkstack, 86400000}]
06-04 12:21:29.532  1173  3894 I PackageWatchdog: Updated health check state for package com.google.android.ext.services: PASSED -> PASSED
06-04 12:21:29.533  1173  3894 I PackageWatchdog: Updated health check state for package android: PASSED -> PASSED
06-04 12:21:29.533  1173  3894 I PackageWatchdog: Updated health check state for package com.android.launcher3: PASSED -> PASSED
06-04 12:21:29.533  1173  3894 I PackageWatchdog: Updated health check state for package com.google.android.permissioncontroller: PASSED -> PASSED
06-04 12:21:29.533  1173  3894 I PackageWatchdog: Updated health check state for package com.google.android.networkstack: PASSED -> PASSED
06-04 12:21:29.533  1173  3894 I PackageWatchdog: Updated health check state for package com.android.systemui: PASSED -> PASSED
06-04 12:21:29.534  1173  3642 I ExplicitHealthCheckController: Explicit health check requested packages []
06-04 12:21:29.534  1173  3642 I ExplicitHealthCheckController: No more health check requests, unbinding...
06-04 12:21:29.538  1173  3642 I ExplicitHealthCheckController: Explicit health check service is unbound
06-04 12:21:29.705  1173  3894 I RescueParty: Starting to observe: [android], updated namespace: window_manager
06-04 12:21:29.706  1173  3894 I PackageWatchdog: Updated health check state for package android: INACTIVE -> INACTIVE
06-04 12:21:29.707  1173  1198 I PackageWatchdog: Syncing state, reason: observing new packages
06-04 12:21:29.707  1173  1198 I PackageWatchdog: Removing 195ms from all packages on all observers
06-04 12:21:29.708  1173  1198 I PackageWatchdog: Updated health check state for package com.google.android.ext.services: PASSED -> PASSED
06-04 12:21:29.708  1173  1198 I PackageWatchdog: Updated health check state for package android: PASSED -> PASSED
06-04 12:21:29.708  1173  1198 I PackageWatchdog: Updated health check state for package com.android.launcher3: PASSED -> PASSED
06-04 12:21:29.708  1173  1198 I PackageWatchdog: Updated health check state for package com.google.android.permissioncontroller: PASSED -> PASSED
06-04 12:21:29.708  1173  1198 I PackageWatchdog: Updated health check state for package com.google.android.networkstack: PASSED -> PASSED
06-04 12:21:29.708  1173  1198 I PackageWatchdog: Updated health check state for package com.android.systemui: PASSED -> PASSED
06-04 12:21:29.709  1173  1198 I PackageWatchdog: Scheduling next state sync in 172798273ms
06-04 12:21:29.709  1173  1198 I PackageWatchdog: Syncing state, reason: updated observers
06-04 12:21:29.709  1173  1198 I PackageWatchdog: Not pruning observers, elapsed time: 0ms
06-04 12:21:29.709  1173  1198 I PackageWatchdog: Scheduling next state sync in 172798273ms
06-04 12:21:29.710  1173  1198 I PackageWatchdog: Saving observer state to file
06-04 12:21:29.722  1173  1173 I PackageWatchdog: Syncing health check requests for packages: {}
06-04 12:21:29.723  1173  1173 I ExplicitHealthCheckController: Service not ready to get health check supported packages. Binding...
06-04 12:21:29.727  1173  1173 I ExplicitHealthCheckController: Explicit health check service is bound
06-04 12:21:29.732  1173  1173 I ExplicitHealthCheckController: Explicit health check service is connected ComponentInfo{com.google.android.ext.services/android.ext.services.watchdog.ExplicitHealthCheckServiceImpl}
06-04 12:21:29.733  1173  1173 I ExplicitHealthCheckController: Service initialized, syncing requests
06-04 12:21:29.733  1173  1173 I PackageWatchdog: Syncing health check requests for packages: {}
06-04 12:21:29.738  1173  3642 I ExplicitHealthCheckController: Explicit health check supported packages [PackageConfig{com.google.android.networkstack, 86400000}]
06-04 12:21:29.738  1173  3642 I PackageWatchdog: Updated health check state for package com.google.android.ext.services: PASSED -> PASSED
06-04 12:21:29.739  1173  3642 I PackageWatchdog: Updated health check state for package android: PASSED -> PASSED
06-04 12:21:29.739  1173  3642 I PackageWatchdog: Updated health check state for package com.android.launcher3: PASSED -> PASSED
06-04 12:21:29.739  1173  3642 I PackageWatchdog: Updated health check state for package com.google.android.permissioncontroller: PASSED -> PASSED
06-04 12:21:29.739  1173  3642 I PackageWatchdog: Updated health check state for package com.google.android.networkstack: PASSED -> PASSED
06-04 12:21:29.739  1173  3642 I PackageWatchdog: Updated health check state for package com.android.systemui: PASSED -> PASSED
06-04 12:21:29.741  1173  3642 I ExplicitHealthCheckController: Explicit health check requested packages []
06-04 12:21:29.742  1173  3642 I ExplicitHealthCheckController: No more health check requests, unbinding...
06-04 12:21:29.747  1173  3642 I ExplicitHealthCheckController: Explicit health check service is unbound
06-04 12:22:38.907  1173  1205 E KernelCpuSpeedReader: Failed to read cpu-freq: /sys/devices/system/cpu/cpu4/cpufreq/stats/time_in_state: open failed: ENOENT (No such file or directory)
06-04 12:22:38.909  1173  1205 E KernelCpuSpeedReader: Failed to read cpu-freq: /sys/devices/system/cpu/cpu0/cpufreq/stats/time_in_state: open failed: ENOENT (No such file or directory)
06-04 12:22:45.681  1173  1218 W PackageManager: Downgrade detected: Update version code 332761 is older than current 332764
06-04 12:22:47.171  1173  1250 I PowerManagerService: Waking up from Asleep (uid=1000, reason=WAKE_REASON_POWER_BUTTON, details=android.policy:POWER)...
06-04 12:22:47.175  1173  1213 I DisplayPowerController: Blocking screen on until initial contents have been drawn.
06-04 12:22:47.183  1173  1205 E KernelCpuSpeedReader: Failed to read cpu-freq: /sys/devices/system/cpu/cpu4/cpufreq/stats/time_in_state: open failed: ENOENT (No such file or directory)
06-04 12:22:47.183  1173  1205 E KernelCpuSpeedReader: Failed to read cpu-freq: /sys/devices/system/cpu/cpu0/cpufreq/stats/time_in_state: open failed: ENOENT (No such file or directory)
06-04 12:22:47.230  1173  1192 I DisplayManagerService: Display device changed state: "Wbudowany ekran", ON
06-04 12:22:47.299  1173  1213 I DisplayPowerController: Unblocked screen on after 124 ms
06-04 12:22:47.429  1173  1213 W PowerManagerService: Screen on took 261 ms
06-04 12:22:48.897  1173  1193 I WindowManager: Relayout Window{8f46ed4 u0 SnapshotStartingWindow for taskId=46}: oldVis=8 newVis=0 focusMayChange = true
06-04 12:22:48.973  1173  1199 W BroadcastQueue: Background execution not allowed: receiving Intent { act=android.intent.action.USER_PRESENT flg=0x24200010 } to com.android.chrome/org.chromium.chrome.browser.sharing.click_to_call.ClickToCallMessageHandler$PhoneUnlockedReceiver
06-04 12:22:48.976  1173  1187 W WindowManager: Changing focus fromWindow{f4fa032 u0 NotificationShade} to null displayId=0 Callers=com.android.server.wm.RootWindowContainer.updateFocusedWindowLocked:457 com.android.server.wm.WindowManagerService.updateFocusedWindowLocked:5602 com.android.server.wm.WindowManagerService.relayoutWindow:2395 com.android.server.wm.Session.relayout:213 
06-04 12:22:48.993  1173  1199 W BroadcastQueue: Background execution not allowed: receiving Intent { act=android.intent.action.USER_PRESENT flg=0x24200010 } to com.google.android.gms/.auth.setup.devicesignals.LockScreenReceiver
06-04 12:22:48.994  1173  1199 W BroadcastQueue: Background execution not allowed: receiving Intent { act=android.intent.action.USER_PRESENT flg=0x24200010 } to com.google.android.gms/.chimera.GmsIntentOperationService$PersistentTrustedReceiver
06-04 12:22:49.026  1173  3372 I WindowManager: Relayout Window{5519b51 u0 pl.mindmade.pim/pl.mindmade.pim.main.MainActivity}: oldVis=4 newVis=0 focusMayChange = true
06-04 12:22:49.032  1173  3372 W WindowManager: Changing focus fromnull to Window{5519b51 u0 pl.mindmade.pim/pl.mindmade.pim.main.MainActivity} displayId=0 Callers=com.android.server.wm.RootWindowContainer.updateFocusedWindowLocked:457 com.android.server.wm.WindowManagerService.updateFocusedWindowLocked:5602 com.android.server.wm.WindowManagerService.relayoutWindow:2395 com.android.server.wm.Session.relayout:213 
06-04 12:22:49.151  1173  1173 W NotificationHistory: Attempted to add notif for locked/gone/disabled user 0
06-04 12:22:50.516  1173  3058 I ActivityTaskManager: START u0 {act=android.intent.action.MAIN cat=[android.intent.category.HOME] flg=0x10000000 pkg=com.android.launcher3 cmp=com.android.launcher3/com.android.searchlauncher.SearchLauncher (has extras)} from uid 10151
06-04 12:22:50.520  1173  3058 W WindowManager: Changing focus fromWindow{5519b51 u0 pl.mindmade.pim/pl.mindmade.pim.main.MainActivity} to null displayId=0 Callers=com.android.server.wm.RootWindowContainer.updateFocusedWindowLocked:457 com.android.server.wm.WindowManagerService.updateFocusedWindowLocked:5602 com.android.server.wm.DisplayContent.setFocusedApp:5517 com.android.server.wm.ActivityTaskManagerService.setResumedActivityUncheckLocked:5510 
06-04 12:22:50.594  1173  3372 I WindowManager: Relayout Window{7b1b0ce u0 com.android.launcher3/com.android.searchlauncher.SearchLauncher}: oldVis=8 newVis=0 focusMayChange = true
