06-04 12:28:14.473  1173  1504 I InputDispatcher: setInputWindows displayId=0 Window{43cdcd4 u0 NavigationBar0} Window{f4fa032 u0 NotificationShade} Window{b4d31cf u0 StatusBar} Window{a0666d0 u0 pl.mindmade.pim/pl.mindmade.pim.videocall.VideoCallActivity} SurfaceView - pl.mindmade.pim/pl.mindmade.pim.videocall.VideoCallActivity#0 pl.mindmade.pim/pl.mindmade.pim.main.MainActivity#1 pl.mindmade.pim/pl.mindmade.pim.main.MainActivity#0 Window{1440c16 u0 com.android.systemui.ImageWallpaper} 
06-04 12:28:14.474 10796 10796 I BufferQueueConsumer: [](id:2a2c00000001,api:0,p:-1,c:10796) connect(): controlledByApp=true
06-04 12:28:14.476   706  2064 I BufferQueueConsumer: [](id:2c200000002,api:0,p:-1,c:706) connect(): controlledByApp=false
06-04 12:28:14.477   706  2064 I BufferQueueConsumer: [](id:2c200000003,api:0,p:-1,c:706) connect(): controlledByApp=false
06-04 12:28:14.478   801  1148 I mtkpower_client: perf_lock_acq, hdl:0, dur:1000, num:4, tid:1148
06-04 12:28:14.479   801  1148 I mtkpower_client: ret_hdl:325
06-04 12:28:14.479   801  1148 W mtkcam-dev3: [1-session::checkStream] framework stream dataspace:0x08c20000 streamId:1 type:OUT (w,h) = (3264,2448) format:33 usage:0x3 dataSpace:8c20000 rotation:0 physicalCameraId: bufferSize:b6e200
06-04 12:28:14.480   801  1148 W mtkcam-dev3: [1-session::checkStream] framework stream dataspace:0x08c20000 streamId:2 type:OUT (w,h) = (640,480) format:35 usage:0x3 dataSpace:8c20000 rotation:0 physicalCameraId: bufferSize:0
06-04 12:28:14.480   801  1148 W mtkcam-dev3-utils: [extractE2EHDRInfo] query tag MTK_STREAMING_FEATURE_HDR10 failed, E2E HDR is not applied
06-04 12:28:14.480   564   633 I libPowerHal: [perfLockAcq] idx:6 hdl:325 hint:-1 pid:801 duration:1000 => ret_hdl:325
06-04 12:28:14.481   801  1148 I mtkcam-dev3-utils: stream id len : 0
06-04 12:28:14.481   564   633 I libPowerHal: [PE] scn:6 hdl:325 lock_user:camerahalserver pid:801 tid:1148 dur:1000
06-04 12:28:14.481   801  1148 I mtkcam-dev3-utils: [operator()] [addFrameDuration] format:34 size:640x480 min_duration:33333333, stall_duration:0
06-04 12:28:14.481   801  1148 I mtkcam-dev3-utils: [createImageStreamInfo] BLOB with widthInPixels(11985408), heightInPixels(1), bufferSize(11985408)
06-04 12:28:14.481   801  1148 I mtkcam-dev3-utils: stream id len : 0
06-04 12:28:14.481   801  1148 I mtkcam-dev3-utils: [operator()] [addFrameDuration] format:33 size:3264x2448 min_duration:50000000, stall_duration:33333333
06-04 12:28:14.481   801  1148 I mtkcam-dev3-utils: stream id len : 0
06-04 12:28:14.481   801  1148 I mtkcam-dev3-utils: [operator()] [addFrameDuration] format:35 size:640x480 min_duration:33333333, stall_duration:0
06-04 12:28:14.481   801  1148 I mtkcam-FeatureSettingPolicy: [FeatureSettingPolicy] (0xb400007d631cae10) ctor, openId(1), sensors_count(1), is_dual_cam(0)
06-04 12:28:14.481   801  1148 I mtkcam-PipelineModelSession-Factory: [decidePipelineModelSession] Default
06-04 12:28:14.483   801  1148 I mtkcam-FeatureSettingPolicy: [evaluateZslConfiguration] MTK_CONTROL_CAPTURE_DEFAULT_ZSL_MODE has no effect : mbEnableDefaultZslMode(0)
06-04 12:28:14.484   801   801 W HwBinder:801_3: type=1400 audit(0.0:233): avc: denied { write } for name="concurrency_scenario" dev="sysfs" ino=8881 scontext=u:r:mtk_hal_camera:s0 tcontext=u:object_r:sysfs:s0 tclass=file permissive=0
06-04 12:28:14.484   801  1148 I mtkcam-customer_scenario_mgr: [customer_get_features_table_by_scenario] find features for scenario(1 : MTK_CAMERA_SCENARIO_CAPTURE_NORMAL) in logical map
06-04 12:28:14.484   801  1148 I mtkcam-FeatureSettingPolicy: [evaluateCaptureConfiguration] scenario(MTK_CAMERA_SCENARIO_CAPTURE_NORMAL) support feature:MTK_FEATURE_AIHDR(0x800000), feature combination:MTK_FEATURE_COMBINATION_AIHDR(0x8300f0)
06-04 12:28:14.484   801  1148 I mtkcam-FeatureSettingPolicy: [evaluateCaptureConfiguration] scenario(MTK_CAMERA_SCENARIO_CAPTURE_NORMAL) support feature:TP_FEATURE_HDR(0x100000000), feature combination:MTK_FEATURE_COMBINATION_HDR(0x1000300f0)
06-04 12:28:14.484   801  1148 I mtkcam-FeatureSettingPolicy: [evaluateCaptureConfiguration] scenario(MTK_CAMERA_SCENARIO_CAPTURE_NORMAL) support feature:MTK_FEATURE_AINR(0x2000), feature combination:MTK_FEATURE_COMBINATION_AINR(0x320f0)
06-04 12:28:14.484   801  1148 I mtkcam-FeatureSettingPolicy: [evaluateCaptureConfiguration] scenario(MTK_CAMERA_SCENARIO_CAPTURE_NORMAL) support feature:MTK_FEATURE_MFNR(0x1), feature combination:MTK_FEATURE_COMBINATION_MFNR(0x300f1)
06-04 12:28:14.484   801  1148 I mtkcam-FeatureSettingPolicy: [evaluateCaptureConfiguration] scenario(MTK_CAMERA_SCENARIO_CAPTURE_NORMAL) support feature:MTK_FEATURE_REMOSAIC(0x4), feature combination:MTK_FEATURE_COMBINATION_REMOSAIC(0x300f4)
06-04 12:28:14.484   801  1148 I mtkcam-FeatureSettingPolicy: [evaluateCaptureConfiguration] scenario(MTK_CAMERA_SCENARIO_CAPTURE_NORMAL) support feature:NO_FEATURE_NORMAL(0), feature combination:MTK_FEATURE_COMBINATION_SINGLE(0x300f0)
06-04 12:28:14.484   801  1148 I mtkcam-FeatureSettingPolicy: [getCaptureProvidersByScenarioFeatures] support features:0x1008320f5 uniqueKey:122814481 isPhysical 0
06-04 12:28:14.484   801  1148 I MtkCam/ppl_plugin: [PipelinePlugin] MultiFrame: ctor(0xb400007ce31b6968), hash:122814481
06-04 12:28:14.484   801  1148 I MtkCam/ppl_plugin: [getInstance] MultiFrame: create plugin(0xb400007ce31b6968), hash:122814481, uniqueKey:122814481, mInstances size:1
06-04 12:28:14.484   801  1148 I MtkCam/ppl_plugin: [PipelinePlugin] Raw: ctor(0xb400007ce31b8fe8), hash:122814481
06-04 12:28:14.484   801  1148 I MtkCam/ppl_plugin: [getInstance] Raw: create plugin(0xb400007ce31b8fe8), hash:122814481, uniqueKey:122814481, mInstances size:1
06-04 12:28:14.484   801  1148 I MtkCam/ppl_plugin: [PipelinePlugin] Yuv: ctor(0xb400007ce31b9568), hash:122814481
06-04 12:28:14.484   801  1148 I MtkCam/ppl_plugin: [getInstance] Yuv: create plugin(0xb400007ce31b9568), hash:122814481, uniqueKey:122814481, mInstances size:1
06-04 12:28:14.484   801  1148 I mtkcam-FeatureSettingPolicy: [evaluateCaptureConfiguration] out->CaptureParams:{ .additionalHalP1OutputBufferNum={ .imgo=6 .rrzo=6 .lcso=6 .rsso=0 .scaledYuv=0 } .maxAppRaw16OutputBufferNum=2 .maxAppJpegStreamNum=6 .supportedScenarioFeatures=0x1008320f5 }
06-04 12:28:14.484   801  1148 I mtkcam-customer_scenario_mgr: [customer_get_streaming_scenario] no dedicated scenario, normal scenario
06-04 12:28:14.484   801  1148 I mtkcam-customer_scenario_mgr: [customer_get_streaming_scenario] scenario:51
06-04 12:28:14.484   801  1148 I mtkcam-customer_scenario_mgr: [customer_get_features_table_by_scenario] find features for scenario(51 : MTK_CAMERA_SCENARIO_STREAMING_NORMAL) in logical map
06-04 12:28:14.484   801  1148 I mtkcam-customer_scenario_mgr: [customer_get_streaming_config] streaming scenario config, fixMarginList(0), qCount(0)
06-04 12:28:14.484   801  1148 I mtkcam-FeatureSettingPolicy: [updateStreamConfiguration] scenario(MTK_CAMERA_SCENARIO_STREAMING_NORMAL) for (openId:1, scenario:51, config: #fixedMargin=0, #queue=0 ) support feature:NO_FEATURE_NORMAL(0), feature combination:MTK_FEATURE_COMBINATION_VIDEO_NORMAL(0x400c00181020)
06-04 12:28:14.484   801  1148 I mtkcam-FeatureSettingPolicy: [updateStreamConfiguration] dispStreamId[0x000000000], MdpTargetSize(640x480), stream detail: disp[0x000000000](640x480), rec[0xffffffffffffffff](0x0), extra[0x000000002](640x480), extraSlow[0xffffffffffffffff](0x0);support features:0x400c00181020, rrz ratio(1.000000), force4K(fps/size)=(0/0x0) .AppConfiguration(#sessionParams=1,operation=0,supportAIShutter:0) .AppImageStreamInfo(videoConsumer=0)
06-04 12:28:14.485   801  1148 I mtkcam-SensorSettingPolicy: [parseSensorParamsSetting] candidate [0] (1632x1224)@30  sensorMode:0(PREVIEW)
06-04 12:28:14.485   801  1148 I mtkcam-SensorSettingPolicy: [parseSensorParamsSetting] candidate [1] (3264x2448)@30  sensorMode:2(VIDEO)
06-04 12:28:14.485   801  1148 I mtkcam-SensorSettingPolicy: [parseSensorParamsSetting] candidate [2] (3264x2448)@30  sensorMode:1(CAPTURE)
06-04 12:28:14.485   801  1148 I mtkcam-SensorSettingPolicy: [parseSensorParamsSetting] candidate [3] ( 640x480 )@120 sensorMode:3(SLIM_VIDEO1)
06-04 12:28:14.485   801  1148 I mtkcam-SensorSettingPolicy: [parseSensorParamsSetting] candidate [4] (1632x1224)@30  sensorMode:4(SLIM_VIDEO2)
06-04 12:28:14.485   801  1148 I mtkcam-SensorSettingPolicy: [parseSensorParamsSetting] candidate [5] (   0x0   )@0   sensorMode:5(CUSTOM1)
06-04 12:28:14.485   801  1148 I mtkcam-SensorSettingPolicy: [parseSensorParamsSetting] candidate [6] (   0x0   )@0   sensorMode:6(CUSTOM2)
06-04 12:28:14.485   801  1148 I mtkcam-SensorSettingPolicy: [parseSensorParamsSetting] candidate [7] (   0x0   )@0   sensorMode:7(CUSTOM3)
06-04 12:28:14.485   801  1148 I mtkcam-SensorSettingPolicy: [parseSensorParamsSetting] candidate [8] (   0x0   )@0   sensorMode:8(CUSTOM4)
06-04 12:28:14.485   801  1148 I mtkcam-SensorSettingPolicy: [parseSensorParamsSetting] candidate [9] (   0x0   )@0   sensorMode:9(CUSTOM5)
06-04 12:28:14.485   801  1148 I mtkcam-SensorSettingPolicy: [determineAlternativeMode] alt sensor mode: CUSTOM5 -> CUSTOM5
06-04 12:28:14.485   801  1148 I mtkcam-SensorSettingPolicy: [determineAlternativeMode] alt sensor mode: CUSTOM4 -> CUSTOM4
06-04 12:28:14.485   801  1148 I mtkcam-SensorSettingPolicy: [determineAlternativeMode] alt sensor mode: CUSTOM3 -> CUSTOM3
06-04 12:28:14.485   801  1148 I mtkcam-SensorSettingPolicy: [determineAlternativeMode] alt sensor mode: CUSTOM2 -> CUSTOM2
06-04 12:28:14.485   801  1148 I mtkcam-SensorSettingPolicy: [determineAlternativeMode] alt sensor mode: CUSTOM1 -> CUSTOM1
06-04 12:28:14.485   801  1148 I mtkcam-SensorSettingPolicy: [determineAlternativeMode] alt sensor mode: SLIM_VIDEO2 -> SLIM_VIDEO2
06-04 12:28:14.485   801  1148 I mtkcam-SensorSettingPolicy: [determineAlternativeMode] alt sensor mode: SLIM_VIDEO1 -> SLIM_VIDEO1
06-04 12:28:14.485   801  1148 I mtkcam-SensorSettingPolicy: [determineAlternativeMode] alt sensor mode: CAPTURE -> CAPTURE
06-04 12:28:14.485   801  1148 I mtkcam-SensorSettingPolicy: [determineAlternativeMode] alt sensor mode: VIDEO -> VIDEO
06-04 12:28:14.485   801  1148 I mtkcam-SensorSettingPolicy: [determineAlternativeMode] alt sensor mode: PREVIEW -> PREVIEW
06-04 12:28:14.485   801  1148 I mtkcam-SensorSettingPolicy: [determineScenDefault] skip video related mode since it didn't have full capbility
06-04 12:28:14.485   801  1148 I mtkcam-SensorSettingPolicy: select size(3264x2448)@30  sensorMode:1 hdrSensorMode:0 hdrHalMode:0, hfpsMode:0
06-04 12:28:14.485   801  1148 W mtkcam-P1HwSettingPolicy: [evaluateDeviceRawBitDepth] By default bitdepth:10
06-04 12:28:14.485   801  1148 E NormalPipe: [query] unsupport cmd(0x4000)
06-04 12:28:14.485   801  1148 E NormalPipe:  (query){#670:vendor/mediatek/proprietary/hardware/mtkcam/drv/src/isp/mt6765/iopipe/CamIO/NormalPipeModule.cpp}
06-04 12:28:14.485   801  1148 W MtkCam/HwInfoHelper: [quertMaxRrzoWidth] this platform not support ENPipeQueryCmd_MAX_PREVIEW_SIZE, use default value : 2560
06-04 12:28:14.485   801  1148 I mtkcam-P1HwSettingPolicy: [configP1HwSetting] maxYuvStreamSize is too small(640x480)
06-04 12:28:14.485   801  1148 I mtkcam-P1HwSettingPolicy: [configP1HwSetting] maxYuvStreamSize set rrzo to 1280x960
06-04 12:28:14.485   801  1148 I MtkCam/HwInfoHelper: [getImgoFmt] debug.camera.rawunpak = -1,  useUnpakFmt = 0
06-04 12:28:14.485   801  1148 I MtkCam/HwInfoHelper: [getImgoFmt] vendor.debug.camera.afraw = -1, don't use Af Raw
06-04 12:28:14.485   801  1148 I MtkCam/HwInfoHelper: [getImgoFmt] debug.camera.rawunpak = -1,  useUnpakFmt = 0
06-04 12:28:14.485   801  1148 I MtkCam/HwInfoHelper: [getImgoFmt] vendor.debug.camera.afraw = -1, don't use Af Raw
06-04 12:28:14.485   801  1148 I mtkcam-P1HwSettingPolicy: { .imgoAlloc={ format:0x2201 3264x2448 } .imgoDefaultRequest={ format:0x2201 3264x2448 } .rrzoDefaultRequest={ format:0x2205 1280x960 } .rssoSize=288x512 .pixelMode=1 .usingCamSV=0 }
06-04 12:28:14.486   801  1148 I mtkcam-StreamInfoPluginDecider: [decideStreamInfoPlugin_STT] PluginId:P1STT
06-04 12:28:14.486   801  1148 I mtkcam-PipelineModelSessionDefault: [onConfig_Capture] ZSL mode enable = 0
06-04 12:28:14.486   801  1148 E ImgSensorDrv: [sendCommand]Err( 1194):[sendCommand]Command ID = 16413 is undefined (sendCommand){#1194:vendor/mediatek/proprietary/hardware/mtkcam/drv/src/sensor/mt6765/../common/v1/imgsensor_drv.cpp}
06-04 12:28:14.486   801  1148 E MtkCam/HalSensor: [sendCommand] [sendCommand] sendCommand fail! 16413 (sendCommand){#738:vendor/mediatek/proprietary/hardware/mtkcam/drv/src/sensor/mt6765/../common/v1/HalSensor.control.cpp}
06-04 12:28:14.486   801  1148 I BWC     : cam_id=1 sen_fps=30 sen_size=7990272 pd=0 video=0 vb_ratio=0.000000 vb_time=0.000000 rawi=0 yuv=0 raw_bbp=1.250000 is_smvr=0
06-04 12:28:14.486   801  1148 I BWC     : cam_id=1 table=90000000.000000 ccu=60000000.000000 ccu_r=60000000.000000 capture=299635200.000000 aa=-5120.000000 pd=0.000000 video=0.000000 yuv=0.000000 rawi=0.000000 total=509635200.000000
06-04 12:28:14.486   801  1148 I BWC     : cal_cam_bw hrt bw=509
06-04 12:28:14.486   801  1148 E BWC     : MTK_IOC_SMI_BWC_INFO_GET failed.:Inappropriate ioctl for device
06-04 12:28:14.486   801  1148 E BWC     : fail to open mem_bw_ctrl driver file
06-04 12:28:14.486   801  1148 E BWC     : Failed to switch EMI profile, error: -1
06-04 12:28:14.486   801  1148 E BWC     : MTK_IOC_SMI_BWC_INFO_SET failed.:Inappropriate ioctl for device
06-04 12:28:14.486   801  1148 I BWC     : Profile_Change:[BWCPT_CAMERA_CAPTURE]:ON,current concurrency is 0x10,DDR=,EMI scenario=BWL_SCN_ICFP ON
06-04 12:28:14.486   801  1148 I BWC     : MMDVFS SET 1
06-04 12:28:14.486   801  1148 E BWC     : MTK_IOC_MMDVFS_CMD failed.:Inappropriate ioctl for device
06-04 12:28:14.486   801  1148 I MtkCam/ppl_context: [PipelineContext] <Default/1> (0xb400007ca31e0c00)
06-04 12:28:14.490   801  1148 I mtkcam-PipelineContextBuilder: [configContextLocked_P1Node] 0x100000001 3264x2448 ImgFormat:0x2201(BAYER10) BufPlanes(strides/sizeInBytes):[ 4080/9987840 ] startOffset:0 bufStep:0 t:0 maxBufNum:10 minInitBufNum:0 Hal:Image:P1:Fullraw_main1 AllocImgFormat:0x21(BLOB) AllocBufPlanes(strides/sizeInBytes):[ 9987840/9987840 ] Private{exist?0 id:0}
06-04 12:28:14.490   801  1148 W MtkCam/HwInfoHelper: [queryRawTypeSupport] INormalPipeModule::query(ENPipeQueryCmd_IQ_LEVEL) is unsupported. Maybe it's ISP5 or below.
06-04 12:28:14.491   801  1148 I MtkCam/P1NodeImp: [P1NodeImp] mEnableAIAWB(0)
06-04 12:28:14.491   801  1148 I MtkCam/P1NodeImp: [P1NodeImp] LOGD[0](1) LOGI[1](0) prop(cam:0 pl:1 pi:0 g:0:0 SR:0) -  SYS[1-3:9](3) - MetaLog(p:0/0 m:0/x0) - SmvrLog(0) DumpRaw(0) DataDump(0) DrawLine(0) - StuffBufCtrl[0](8:16) StuffFully[0](0) - DelRelOff(0) - TF(1) - IV(0) - WB(0) - IMGO(-1,-1) - IonVersion(1)
06-04 12:28:14.491   801  1148 I mtkcam-PipelineContextBuilder: [configContextLocked_P2SNode] operation_mode=0 p2_type=1 p2_node_type=1 app_mode=0 fd=640x480 3dnr_mode=0x43 fsc_mode=0x0 eis_mode=0x0 eis_factor=100 stream_size=1280x960 video=0x0 p2TpiMargin(1.000000), p2TpiMargin(1.000000), dsdnHint(1) mSecType(0) timestamp(715583198734), reqFps(30) HDR10(0/0), DispStreamId(0x000000000), PQIdx(1)
06-04 12:28:14.491   801  1148 I MtkCam/P2/CaptureProcessor: [CaptureProcessor](0xb400007d431cc500) ctor
06-04 12:28:14.491   801  1148 I MtkCam/P2/CaptureNode: [P2CaptureNodeImp] : (0xb400007d431cc490) ctor, uniqueKey:122814481, supportedScenarioFeatures:0x1008320f5, bgPreRelease:0, hidlIsp:0 sessionparam:0xb400007d431b7168
06-04 12:28:14.492   801  1148 I MtkCam/ppl_context: [dump] <Default/1>
06-04 12:28:14.492   801  1148 I MtkCam/ppl_context: [dump] .root={ 0x1 }, .edges={(0x1 -> 0x15)(0x1 -> 0x14)(0x15 -> 0x16)(0x14 -> 0x16)(0x15 -> 0x23)(0x14 -> 0x23)}
06-04 12:28:14.492   801  1148 I MtkCam/ppl_context: [dump] <nodeId=0x1 (P1Node) NO-INIT>
06-04 12:28:14.492   801  1148 I MtkCam/ppl_context: [dump]     In: .AppImage={ } .HalImage={ } .AppMeta={ 0x80000000 } .HalMeta={ 0x100000015 }
06-04 12:28:14.492   801  1148 I MtkCam/ppl_context: [dump]    Out: .AppImage={ } .HalImage={ 0x100000001 0x100000002 0x100000003 } .AppMeta={ 0x100000020 } .HalMeta={ 0x100000018 }
06-04 12:28:14.492   801  1148 I MtkCam/ppl_context: [dump] <nodeId=0x14 (P2CaptureNode) NO-INIT>
06-04 12:28:14.492   801  1148 I MtkCam/ppl_context: [dump]     In: .AppImage={ } .HalImage={ 0x100000001 0x100000002 0x100000003 } .AppMeta={ 0x80000000 0x100000020 } .HalMeta={ 0x100000018 }
06-04 12:28:14.492   801  1148 I MtkCam/ppl_context: [dump]    Out: .AppImage={ 0 0x2 } .HalImage={ 0x10000000d 0x10000000e } .AppMeta={ 0x100000024 } .HalMeta={ 0x10000001c }
06-04 12:28:14.492   801  1148 I MtkCam/ppl_context: [dump] <nodeId=0x15 (P2StreamNode) NO-INIT>
06-04 12:28:14.492   801  1148 I MtkCam/ppl_context: [dump]     In: .AppImage={ } .HalImage={ 0x100000001 0x100000002 0x100000003 } .AppMeta={ 0x80000000 0x100000020 } .HalMeta={ 0x100000018 }
06-04 12:28:14.492   801  1148 I MtkCam/ppl_context: [dump]    Out: .AppImage={ 0 0x2 } .HalImage={ 0x10000000d 0x10000000e 0x100000010 } .AppMeta={ 0x100000023 } .HalMeta={ 0x10000001b }
06-04 12:28:14.492   801  1148 I MtkCam/ppl_context: [dump] <nodeId=0x16 (FDNode) NO-INIT>
06-04 12:28:14.492   801  1148 I MtkCam/ppl_context: [dump]     In: .AppImage={ } .HalImage={ 0x100000010 } .AppMeta={ 0x80000000 } .HalMeta={ 0x10000001b }
06-04 12:28:14.492   801  1148 I MtkCam/ppl_context: [dump]    Out: .AppImage={ } .HalImage={ } .AppMeta={ 0x100000025 } .HalMeta={ }
06-04 12:28:14.492   801  1148 I MtkCam/ppl_context: [dump] <nodeId=0x23 (JpegNode) NO-INIT>
06-04 12:28:14.492   801  1148 I MtkCam/ppl_context: [dump]     In: .AppImage={ } .HalImage={ 0x10000000d 0x10000000e } .AppMeta={ 0x80000000 } .HalMeta={ 0x10000001b 0x10000001c }
06-04 12:28:14.492   801  1148 I MtkCam/ppl_context: [dump]    Out: .AppImage={ 0x1 } .HalImage={ } .AppMeta={ 0x100000026 } .HalMeta={ }
06-04 12:28:14.492   801  1148 I MtkCam/ppl_context: [dump] <image streams>
06-04 12:28:14.492   801  1148 I MtkCam/ppl_context: [dump]     [IMAGE-APP-PROVIDER]0  640x480  OUT ImgFormat:0x32315659(YV12) BufPlanes(strides/sizeInBytes):[ 640/307200 320/76800 320/78848 ] startOffset:0 bufStep:0 t:0/r:0 maxBuffers:12 d/s:0x00000000(UNKNOWN) s0:d1:App:YV12:0|HW_TEXTURE AllocImgFormat:0x32315659(YV12) AllocBufPlanes(strides/sizeInBytes):[ 640/307200 320/76800 320/78848 ] Real:0x32315659(YV12) Request:0x22(IMPLEMENTATION_DEFINED) Override:0x32315659(YV12) Hal-Client-usage:0x100(0|HW_TEXTURE) Hal-usage:0x20033(0|SW_READ_OFTEN|SW_WRITE_OFTEN|HW_CAMERA_WRITE) HalStream::(consumer/producer)Usage:0/0x20033 0xb400007d331cf110 phy:-1
06-04 12:28:14.492   801  1148 I MtkCam/ppl_context: [dump]     [IMAGE-APP-PROVIDER]0x1 3264x2448 OUT ImgFormat:0x2300(JPEG) BufPlanes(strides/sizeInBytes):[ 11985408/11988992 ] startOffset:0 bufStep:0 t:0/r:0 maxBuffers:6 d/s:0x08c20000(V0_JFIF|STANDARD_BT601_625|TRANSFER_SMPTE_170M|RANGE_FULL) s1:d1:App:BLOB:0|SW_READ_OFTEN AllocImgFormat:0x21(BLOB) AllocBufPlanes(strides/sizeInBytes):[ 11985408/11988992 ] Real:0x21(BLOB) Request:0x21(BLOB) Override:0x21(BLOB) Hal-Client-usage:0x3(0|SW_READ_OFTEN) Hal-usage:0x20033(0|SW_READ_OFTEN|SW_WRITE_OFTEN|HW_CAMERA_WRITE) HalStream::(consumer/producer)Usage:0/0x20033 0xb400007d331dc690 phy:-1
06-04 12:28:14.493   801  1148 I MtkCam/ppl_context: [dump]     [IMAGE-APP-PROVIDER]0x2  640x480  OUT ImgFormat:0x11(NV21) BufPlanes(strides/sizeInBytes):[ 640/327680 640/167936 ] startOffset:0 bufStep:0 t:0/r:0 maxBuffers:12 d/s:0x08c20000(V0_JFIF|STANDARD_BT601_625|TRANSFER_SMPTE_170M|RANGE_FULL) s2:d1:App:YCrCb_420_SP:0|SW_READ_OFTEN AllocImgFormat:0x11(NV21) AllocBufPlanes(strides/sizeInBytes):[ 640/327680 640/167936 ] Real:0x11(YCrCb_420_SP) Request:0x23(YCbCr_420_888) Override:0x23(YCbCr_420_888) Hal-Client-usage:0x3(0|SW_READ_OFTEN) Hal-usage:0x20033(0|SW_READ_OFTEN|SW_WRITE_OFTEN|HW_CAMERA_WRITE) HalStream::(consumer/producer)Usage:0/0x20033 0xb400007d331c4ad0 phy:-1
06-04 12:28:14.493   801  1148 I MtkCam/ppl_context: [dump]     [IMAGE-HAL-RUNTIME ]0x100000001 3264x2448 ImgFormat:0x2201(BAYER10) BufPlanes(strides/sizeInBytes):[ 4080/9987840 ] startOffset:0 bufStep:0 t:0 maxBufNum:10 minInitBufNum:0 Hal:Image:P1:Fullraw_main1 AllocImgFormat:0x21(BLOB) AllocBufPlanes(strides/sizeInBytes):[ 9987840/9987840 ] Private{exist?0 id:0}
06-04 12:28:14.493   801  1148 I MtkCam/ppl_context: [dump]     [IMAGE-HAL-POOL    ]0x100000002 1280x960  ImgFormat:0x2205(FG_BAYER10) BufPlanes(strides/sizeInBytes):[ 2400/2304000 ] startOffset:0 bufStep:0 t:0 maxBufNum:12 minInitBufNum:0 Hal:Image:P1:Resizeraw_main1 AllocImgFormat:0x2205(FG_BAYER10) AllocBufPlanes(strides/sizeInBytes):[ 2400/2304000 ] Private{exist?0 id:0}
06-04 12:28:14.493   801  1148 I MtkCam/ppl_context: [dump]     [IMAGE-HAL-POOL    ]0x100000003 294912x1    ImgFormat:0x21(BLOB) BufPlanes(strides/sizeInBytes):[ 294912/294912 ] startOffset:0 bufStep:0 t:0 maxBufNum:12 minInitBufNum:1 Hal:Image:STT_main1 AllocImgFormat:0x21(BLOB) AllocBufPlanes(strides/sizeInBytes):[ 294912/294912 ] Private{exist?1 id:2}
06-04 12:28:14.493   801  1148 I MtkCam/ppl_context: [dump]     [IMAGE-HAL-RUNTIME ]0x10000000d 3264x2448 ImgFormat:0x11(NV21) BufPlanes(strides/sizeInBytes):[ 3264/7990272 3264/3995136 ] startOffset:0 bufStep:0 t:0 maxBufNum:6 minInitBufNum:0 Hal:Image:JpegYuv AllocImgFormat:0x11(NV21) AllocBufPlanes(strides/sizeInBytes):[ 3264/7990272 3264/3995136 ] Private{exist?0 id:0}
06-04 12:28:14.493   801  1148 I MtkCam/ppl_context: [dump]     [IMAGE-HAL-RUNTIME ]0x10000000e   -1x-1   ImgFormat:0x14(YUY2) BufPlanes(strides/sizeInBytes):[ 0/0 ] startOffset:0 bufStep:0 t:0 maxBufNum:6 minInitBufNum:0 Hal:Image:ThumbnailYuv AllocImgFormat:0x14(YUY2) AllocBufPlanes(strides/sizeInBytes):[ 0/0 ] Private{exist?0 id:0}
06-04 12:28:14.493   801  1148 I MtkCam/ppl_context: [dump]     [IMAGE-HAL-POOL    ]0x100000010  640x480  ImgFormat:0x14(YUY2) BufPlanes(strides/sizeInBytes):[ 1280/614400 ] startOffset:0 bufStep:0 t:0 maxBufNum:5 minInitBufNum:1 Hal:Image:FD AllocImgFormat:0x14(YUY2) AllocBufPlanes(strides/sizeInBytes):[ 1280/614400 ] Private{exist?0 id:0}
06-04 12:28:14.493   801  1148 I MtkCam/ppl_context: [dump] <meta streams>
06-04 12:28:14.493   801  1148 I MtkCam/ppl_context: [dump]     [META -APP-USER    ]0x80000000 maxBuffers:0 minInitBufNum:0 Meta:App:Control phy:0
06-04 12:28:14.493   801  1148 I MtkCam/ppl_context: [dump]     [META -HAL-USER    ]0x100000015 maxBuffers:10 minInitBufNum:1 Hal:Meta:Control_main1 phy:-1
06-04 12:28:14.493   801  1148 I MtkCam/ppl_context: [dump]     [META -HAL-USER    ]0x100000018 maxBuffers:10 minInitBufNum:1 Hal:Meta:P1:Dynamic_main1 phy:-1
06-04 12:28:14.493   801  1148 I MtkCam/ppl_context: [dump]     [META -HAL-USER    ]0x10000001b maxBuffers:10 minInitBufNum:1 Hal:Meta:P2:Dynamic phy:-1
06-04 12:28:14.493   801  1148 I MtkCam/ppl_context: [dump]     [META -HAL-USER    ]0x10000001c maxBuffers:10 minInitBufNum:1 Hal:Meta:P2C:Dynamic phy:-1
06-04 12:28:14.493   801  1148 I MtkCam/ppl_context: [dump]     [META -APP-USER    ]0x100000020 maxBuffers:10 minInitBufNum:1 App:Meta:DynamicP1_main1 phy:-1
06-04 12:28:14.493   801  1148 I MtkCam/ppl_context: [dump]     [META -APP-USER    ]0x100000023 maxBuffers:10 minInitBufNum:1 App:Meta:DynamicP2 phy:-1
06-04 12:28:14.493   801  1148 I MtkCam/ppl_context: [dump]     [META -APP-USER    ]0x100000024 maxBuffers:10 minInitBufNum:1 App:Meta:DynamicP2Cap phy:-1
06-04 12:28:14.493   801  1148 I MtkCam/ppl_context: [dump]     [META -APP-USER    ]0x100000025 maxBuffers:10 minInitBufNum:1 App:Meta:FD phy:-1
06-04 12:28:14.493   801  1148 I MtkCam/ppl_context: [dump]     [META -APP-USER    ]0x100000026 maxBuffers:10 minInitBufNum:1 App:Meta:Jpeg phy:-1
06-04 12:28:14.493   801  1148 I MtkCam/ppl_context: [dump] <image buffer pool>
06-04 12:28:14.493   801  1148 I mtkcam-fbm_producer: [dump] dump Producer(0xb400007d231b26f0) stream(0x100000002:Hal:Image:P1:Resizeraw_main1) pool(0xb400007d331d0b50)->size(0)
06-04 12:28:14.493   801  1148 I mtkcam-fbm_producer: [dump] Acquired Buffer: 
06-04 12:28:14.493   801  1148 I mtkcam-fbm_pool: [dumpPool] [Hal:Image:P1:Resizeraw_main1]
06-04 12:28:14.493   801  1148 I mtkcam-fbm_pool: [dumpPool] logLevel:0 pIonDevice:0xb400007cc31b8b88 Max:1 Min:0 future:1 inUse:0 available:1
06-04 12:28:14.493   801  1148 I mtkcam-fbm_pool: [dumpPool] Available Buffer: 0xb400007d531bd090; 
06-04 12:28:14.493   801  1148 I mtkcam-fbm_pool: [dumpPool] Inuse Buffer: 
06-04 12:28:14.493   801  1148 I mtkcam-fbm_producer: [dump] dump Producer(0xb400007d231b3770) stream(0x100000003:Hal:Image:STT_main1) pool(0xb400007d331d9590)->size(0)
06-04 12:28:14.493   801  1148 I mtkcam-fbm_producer: [dump] Acquired Buffer: 
06-04 12:28:14.493   801  1148 I mtkcam-fbm_pool: [dumpPool] [Hal:Image:STT_main1]
06-04 12:28:14.493   801  1148 I mtkcam-fbm_pool: [dumpPool] logLevel:0 pIonDevice:0xb400007cc31c4428 Max:6 Min:1 future:1 inUse:0 available:6
06-04 12:28:14.493   801  1148 I mtkcam-fbm_pool: [dumpPool] Available Buffer: 0xb400007d531bc730; 0xb400007d531c2b30; 0xb400007d531ba4d0; 0xb400007d531b8270; 0xb400007d531bc0f0; 0xb400007d531be350; 
06-04 12:28:14.493   801  1148 I mtkcam-fbm_pool: [dumpPool] Inuse Buffer: 
06-04 12:28:14.493   801  1148 I mtkcam-fbm_producer: [dump] dump Producer(0xb400007d231b4530) stream(0x100000010:Hal:Image:FD) pool(0xb400007d331dfe90)->size(0)
06-04 12:28:14.493   801  1148 I mtkcam-fbm_producer: [dump] Acquired Buffer: 
06-04 12:28:14.493   801  1148 I mtkcam-fbm_pool: [dumpPool] [Hal:Image:FD]
06-04 12:28:14.493   801  1148 I mtkcam-fbm_pool: [dumpPool] logLevel:0 pIonDevice:0xb400007cc31ba328 Max:5 Min:1 future:1 inUse:0 available:5
06-04 12:28:14.493   801  1148 I mtkcam-fbm_pool: [dumpPool] Available Buffer: 0xb400007d531bd3b0; 0xb400007d531be990; 0xb400007d531c2810; 0xb400007d531bd9f0; 0xb400007d531c9ed0; 
06-04 12:28:14.494   801  1148 I mtkcam-fbm_pool: [dumpPool] Inuse Buffer: 
06-04 12:28:14.494   801  1148 I MtkCam/ppl_context: [dump] <InFlightList>
06-04 12:28:14.494   801  1148 I MtkCam/ppl_context: [dump] <ReadyList>
06-04 12:28:14.495   801  1148 I MtkCam/ppl_context: [dump] mReadyStreamCounters: 
06-04 12:28:14.495   801  1148 I MtkCam/ppl_context: [dump] mInSelect(0)
06-04 12:28:14.495   801  1148 I MtkCam/ppl_context: [dump]  
06-04 12:28:14.495   801  1148 I MtkCam/ppl_context: [dump] mConfigInitFrameCount=0
06-04 12:28:14.495   801  1148 I MtkCam/ppl_context: [dump] mFrameCountQueued=0
06-04 12:28:14.495   801  1148 I MtkCam/ppl_context: [dump] RequestNo:[-1,-1] (being) queued!
06-04 12:28:14.495   801  1148 I MtkCam/ppl_context: [dump] RequestNo<=-1 (being) flushed! No flush
06-04 12:28:14.497   801  1148 I mtkcam-AppStreamMgr: [1-FrameHandler::setOperationMode] operationMode change: 0xffffffff -> 0
06-04 12:28:14.497   801  1148 I mtkpower_client: perf_lock_rel, hdl:325, tid:1148
06-04 12:28:14.498   801  1148 I mtkcam-dev3: [1-session::tryRunCommandLocked] Run command onConfigureStreamsLocked -
06-04 12:28:14.499 10796 10796 I BufferQueueProducer: [SurfaceTexture-0-10796-1](id:2a2c00000001,api:4,p:706,c:10796) connect(): api=4 producerControlledByApp=true
06-04 12:28:14.500   564   633 I libPowerHal: [perfLockRel] hdl:325, idx:6
06-04 12:28:14.501   706  2064 I BufferQueueProducer: [Camera2-JpegConsumer](id:2c200000002,api:4,p:10796,c:706) connect(): api=4 producerControlledByApp=false
06-04 12:28:14.501   706  2064 I BufferQueueProducer: [Camera2-CallbackConsumer](id:2c200000003,api:4,p:10796,c:706) connect(): api=4 producerControlledByApp=false
06-04 12:28:14.502   801 11044 E cam_capibitiliy: cam_capibitiliy[GetCapibility]ERR(  148):some query cmd(0x20000) is not supported. valid cmd(0x7300327f)
06-04 12:28:14.502   801 11044 E cam_capibitiliy:  (GetCapibility){#148:vendor/mediatek/proprietary/hardware/mtkcam/drv/src/isp/mt6765/imageio/drv/cam/cam_capibility.cpp}
06-04 12:28:14.502   801 11044 E cam_capi: cam_capi[GetCapibility]ERR(  309):user:NormalPipe query fail(module:0)
06-04 12:28:14.502   801 11044 E NormalPipe: [query] some query op fail
06-04 12:28:14.502   801 11044 E NormalPipe:  (query){#293:vendor/mediatek/proprietary/hardware/mtkcam/drv/src/isp/mt6765/iopipe/CamIO/NormalPipeModule.cpp}
06-04 12:28:14.503   564   633 I libPowerHal: [PD] scn:6 hdl:325 lock_user:camerahalserver pid:801 tid:1148 dur:1000
06-04 12:28:14.506   801 11048 I MtkCam/P2/StreamingNode: [init] P2S cam 1: init lock +
06-04 12:28:14.506   801 11048 I MtkCam/P2/StreamingNode: [init] P2S cam 1: init lock -
06-04 12:28:14.506   801 11048 I MtkCam/P2/DispatchProcessor: [onInit]Enable Basic/Streaming (0/1)
06-04 12:28:14.508   801 11048 I MtkCam/StreamingPipe/MDPWrapper: [MDPWrapper][p2s] out port count=2, mUseIONFD=0
06-04 12:28:14.508  1173  1504 I InputDispatcher: setInputWindows displayId=0 Window{43cdcd4 u0 NavigationBar0} Window{f4fa032 u0 NotificationShade} Window{b4d31cf u0 StatusBar} Window{a0666d0 u0 pl.mindmade.pim/pl.mindmade.pim.videocall.VideoCallActivity} SurfaceView - pl.mindmade.pim/pl.mindmade.pim.videocall.VideoCallActivity#0 pl.mindmade.pim/pl.mindmade.pim.main.MainActivity#1 pl.mindmade.pim/pl.mindmade.pim.main.MainActivity#0 Window{1440c16 u0 com.android.systemui.ImageWallpaper} 
06-04 12:28:14.510   801 11048 I MtkCam/StreamingPipe/MDPWrapper: [MDPWrapper][p2s] out port count=2, mUseIONFD=0
06-04 12:28:14.515   801 11047 I MtkCam/fdNodeImp: [config] is FD in secure mode : 0
06-04 12:28:14.516   801 11052 I MtkCam/JpegNode: [waitJpegEncodeReqDone] mReqNewTriggerEncodeCond wait + 
06-04 12:28:14.517   801 11048 I MtkCam/StreamingPipe/MDPWrapper: [MDPWrapper][p2s] out port count=2, mUseIONFD=0
06-04 12:28:14.520   801 11048 I MtkCam/StreamingPipe/MDPWrapper: [MDPWrapper][p2s] out port count=2, mUseIONFD=0
06-04 12:28:14.520   801 11048 I MtkCam/StreamingPipe/MDPWrapper: [MDPWrapper][fpipe.helper] out port count=2, mUseIONFD=0
06-04 12:28:14.521   801 11048 I MtkCam/StreamingPipe/MDPWrapper: [MDPWrapper][VMDPNode] out port count=2, mUseIONFD=0
06-04 12:28:14.521   801 11048 I MtkCam/StreamingPipe/MDPWrapper: [MDPWrapper][VMDPNode] out port count=2, mUseIONFD=0
06-04 12:28:14.521   801 11048 I MtkCam/StreamingPipe/MDPWrapper: [MDPWrapper][XNode] out port count=2, mUseIONFD=0
06-04 12:28:14.521   801 11048 I MtkCam/StreamingPipe/Pipe: [StreamingFeaturePipe]create pipe(0xb400007bc35ee040): SensorIndex=1 sensorNum(1) dualMode(0),UsageMode=2 EisMode=0x0 3DNRMode=67 AISSMode=0 DSDN(mode/m/d/layer/p1ctrl/10bit)=(0/1/2/1/0/0) tsq=0 StreamingSize=1280x960 Out(max/phy/large/fd/video)=(4/0/1/640x480/0x0) In(fps/p1Batch)=(30/1), secType=0 HDR10=(0/0)
06-04 12:28:14.522   801 11048 I MtkCam/StreamingPipe/Pipe: [prepareGeneralPipe]create & init DIPStream ++
06-04 12:28:14.522   801 11048 I DIPStream: [createInstance]createInstance DIPStream_NormalStream
06-04 12:28:14.526   706  1386 W ServiceManager: Permission failure: android.permission.SYSTEM_CAMERA from uid=10170 pid=10796
06-04 12:28:14.528   706  1386 W ServiceManager: Permission failure: android.permission.SYSTEM_CAMERA from uid=10170 pid=10796
06-04 12:28:14.528   801  8641 I mtkcam-PipelineModelSession: [submitRequest] <Default/1> requestNo:0 { repeating:0 control.aeTargetFpsRange:15,15 control.captureIntent:3 control.enableZsl:0 control.processRawEn:0 control.mode:2 control.sceneMode:1 control.videoStabilizationMode:0 edge.mode:1 }
06-04 12:28:14.529   801  8641 I mtkcam-FeatureSettingPolicy: [collectDefaultSensorInfo] keep the first request config as default config
06-04 12:28:14.531   801  8641 I MtkCam/ppl_context: [waitUntilConfigDone] sendFrame: wait for pipeline config done
06-04 12:28:14.532   706  1386 W ServiceManager: Permission failure: android.permission.SYSTEM_CAMERA from uid=10170 pid=10796
06-04 12:28:14.535   801 11044 I MtkCam/P1NodeImp: [check_config] [Cam::1] Cam::1 Param[N:m0,p1,c3,q0,t0,b0,a0,i0,r0,w1,g0,s0,v10001000_B:p1,b0,t1,h0,u0,e1,l1,r0,f0,d0,q0,c0,f0,v0,s0,LL0,SSC0,SE0,ST0,SB0x0,O:1,OI:1] S(1,30,1,0,x0,3264x2448) R(0x2201-4080-9987840,1-1-1,1-0x3) D(b0,t1,h0) E(e1,l1,r0,u0,d0,q0,c0,f0,s0,p0) M(m0x0,p0x1,c0x3,q0,t0,b1,a1,u1,d1,r0,i0,g0,s0,k0,v10001000) Dm(1) Rc(0x0) Sh(0x0) SenCfg(0,0,0) Pool(IMG0x0,RRZ0x0,LCS0x0,RSS0x0,YUV0x0,CRZ10x0,CRZ20x0) MetaInAPP_0:0x80000000 MetaInHAL_1:0x100000015 MetaOutAPP_2:0x100000020 MetaOutHAL_3:0x100000018 ImgOutIMG_4:0x100000001(3264x2448)[0x2201] ImgOutRRZ_6:0x100000002(1280x960)[0x2205] ImgOutLCS_7:0x100000003(384x384)[0x2401] Meta(APP:1=1,HAL:5=5) RR(25) AA(0,0-3264x2448) TS(0) 
06-04 12:28:14.536   801 11046 I MtkCam/P1NodeUtility: [wait] [Cam::1] StageCtrl waiting(0)
06-04 12:28:14.537   801 11044 I LMVHal  : [CreateInstance]user(MtkCam/P1NodeConnectLMV),sensorId(1)
06-04 12:28:14.537   801 11044 I LMVDrv  : [GetInstance]aSensorIdx(1)
06-04 12:28:14.539   801 11044 I mtkcam-IonDevice: [attach] open shared ion device +
06-04 12:28:14.539   801 11044 I mtkcam-IonDevice: [attach] open shared ion device - fd=111
06-04 12:28:14.540   706  1386 W ServiceManager: Permission failure: android.permission.SYSTEM_CAMERA from uid=10170 pid=10796
06-04 12:28:14.541   801 11044 I LCSHal  : [Init]mSensorIdx(1)  init
06-04 12:28:14.542   706  1386 W ServiceManager: Permission failure: android.permission.SYSTEM_CAMERA from uid=10170 pid=10796
06-04 12:28:14.551   706  1386 I chatty  : uid=1047(cameraserver) Binder:706_2 identical 4 lines
06-04 12:28:14.552   706  1386 W ServiceManager: Permission failure: android.permission.SYSTEM_CAMERA from uid=10170 pid=10796
06-04 12:28:14.559  1173  4139 I InputDispatcher: setInputWindows displayId=0 Window{43cdcd4 u0 NavigationBar0} Window{f4fa032 u0 NotificationShade} Window{b4d31cf u0 StatusBar} Window{a0666d0 u0 pl.mindmade.pim/pl.mindmade.pim.videocall.VideoCallActivity} SurfaceView - pl.mindmade.pim/pl.mindmade.pim.videocall.VideoCallActivity#0 pl.mindmade.pim/pl.mindmade.pim.main.MainActivity#1 pl.mindmade.pim/pl.mindmade.pim.main.MainActivity#0 Window{1440c16 u0 com.android.systemui.ImageWallpaper} 
06-04 12:28:14.562   706  1386 W ServiceManager: Permission failure: android.permission.SYSTEM_CAMERA from uid=10170 pid=10796
06-04 12:28:14.566   706  1386 I chatty  : uid=1047(cameraserver) Binder:706_2 identical 1 line
06-04 12:28:14.567   706  1386 W ServiceManager: Permission failure: android.permission.SYSTEM_CAMERA from uid=10170 pid=10796
06-04 12:28:14.569   801 11048 W MDP     : DpIspStream: create thread (normal) 11 ms
06-04 12:28:14.570   706  1386 I Camera2Client: startPreviewL: Camera 1: Preview already active, ignoring restart
06-04 12:28:14.585   801 11044 I Drv/HWsync: Drv/HWsync[sendCommand] mSensorIdxList.size(1)
06-04 12:28:14.585   801 11044 W Drv/HWsync: Drv/HWsync[sendCommand] WARNING: NO FrameTimeDelayFrame from sensor_dev:2, set to 1
06-04 12:28:14.585   801 11044 I Drv/HWsync: Drv/HWsync[calCurrentFps] idx(0) pclk(144000000),period(1932,2482), fps(300)
06-04 12:28:14.585   801 11044 I Drv/HWsync: Drv/HWsync[sendCommand] dev(0x2),scen(1) cFps(300), userFps(300), frmTimeDelay(1), hwsync_idx(0)
06-04 12:28:14.593  1173  4139 I InputDispatcher: setInputWindows displayId=0 Window{43cdcd4 u0 NavigationBar0} Window{f4fa032 u0 NotificationShade} Window{b4d31cf u0 StatusBar} Window{a0666d0 u0 pl.mindmade.pim/pl.mindmade.pim.videocall.VideoCallActivity} SurfaceView - pl.mindmade.pim/pl.mindmade.pim.videocall.VideoCallActivity#0 pl.mindmade.pim/pl.mindmade.pim.main.MainActivity#1 pl.mindmade.pim/pl.mindmade.pim.main.MainActivity#0 Window{1440c16 u0 com.android.systemui.ImageWallpaper} 
06-04 12:28:14.597   801 11044 I CcuMgr  : [createInstance] + User: 3AHal
06-04 12:28:14.597   801 11044 I CcuMgr  : [createInstance] CcuMgr User Cnt: 1
06-04 12:28:14.597   801 11044 I CcuMgr  : [ccuInit] +
06-04 12:28:14.598   801 11044 I CcuMgr  : [ccuInit] -
06-04 12:28:14.611   801 11044 I LMVTuning: [LMVTuning][Cam::1]LMV(1/0xb400007c731c20f0@0xb400007d231b3e50),SGG2(1@0xb400007c731bddb0),isHalBypassControl(1)
06-04 12:28:14.611   801 11044 I MtkCam/P1NodeUtility: [done] [Cam::1] StageCtrl signal(0)
06-04 12:28:14.611   801 11046 I MtkCam/P1NodeUtility: [wait] [Cam::1] StageCtrl wait(0) OK
06-04 12:28:14.612   801 11044 I FlashMgrM: setManualExposureTime(): manualExp(0).
06-04 12:28:14.612   801 11044 I FlashMgrM: setManualSensitivity(): ISO(0)
06-04 12:28:14.612   801 11044 I FlickerHal: setFlickerMode(): mode change(3->0).
06-04 12:28:14.612   801 11044 I af_mgr_v3: [getPdInfoForSttCtrl] SensorMode(1), PDAF_Support(0), bSensorModeSupportPDAF(0), Info for 3A framework to Cfg sttPipe :PDAFStatus(0), PDOSzW(0 PIXELS), PDOSzH(0)
06-04 12:28:14.616   801 11044 I af_mgr_v3: cmd-setSensorMode Dev 2, Mode 1, BINSZ(3264, 2448)
06-04 12:28:14.617   801 11044 I FlickerHal: setSensorMode(): m_sensorDev(2) sensorMode(1) width(1632) height(2448)
06-04 12:28:14.621   801 11093 I af_mgr_v3: [getAFMaxAreaNum] (0)
06-04 12:28:14.621   801 11093 W aaa_hal_sttCtrl: [isAFOEnable] disable AF
06-04 12:28:14.621   801 11097 I af_mgr_v3: #(    0,    0) setCamScenarioMode 0 -> 2
06-04 12:28:14.621   801 11097 I af_mgr_v3: #(    0,    0) setCamScenarioMode NVRAM is not initialized, update m_eCamScenarioMode only, no need update to algo
06-04 12:28:14.621   801 11097 I af_mgr_v3: AF-Start          : + Dev 2
06-04 12:28:14.622   801 11097 I af_mgr_v3: AF-Start          : Dev(0x0002), set CurAFMode to EDOF to enable LaunchCamTrigger
06-04 12:28:14.622   801 11097 I af_mgr_v3: [isAFSupport] IsEnableFVInFixedFocus(0)
06-04 12:28:14.622   801 11097 I af_mgr_v3: AF-Start          : Dev(0x0002), PixId (0)(0:B, 1:GB, 2:GR, 3:R), SensorID (0x885a), ModuleId (0x0000), LensId (0xffff), EnableAF (0), IsAFSupport(0), PD_Support(0)
06-04 12:28:14.622   801 11097 W nvbuf_util.cpp: [getInstance:398] getInstance, bInit(1)
06-04 12:28:14.622   801 11097 W nvbuf_util.cpp: [getBufAndReadNoLock:684] ramId(3), sensorDev(2), p(0x0), bForceRead(0) +
06-04 12:28:14.622   801 11097 I af_mgr_v3: AF-Start          : Dev(0x0002), Scenario Mode(2), NVRAM File Path vendor/mediatek/proprietary/custom/mt6765/hal/lens/dummy_lens/lens_para_Dummy_cap.cpp
06-04 12:28:14.623   801 11097 I af_mgr_v3: AF-Start          : Dev(0x0002), ParamInfo : CamScenarioMode(2), [nvram] ver(1), Sz(225280, 4, 8, 10216, 2592, 4104, 208356),Normal Num(20) Macro Num(20) Normal min step(4) Macro min step(4)
06-04 12:28:14.623   801 11097 I af_mgr_v3: AF-Start          : Dev(0x0002), needCheckSendCallback 0, CallbackInfo.Targets: PDCL 100, FPS 0, ISO 0
06-04 12:28:14.623   801 11097 I af_mgr_v3: AF-Start          : Dev(0x0002), TGSZ: W 3264, H 2448, BINSZ: W 3264, H 2448
06-04 12:28:14.623   801 11097 I af_mgr_v3: AF-Start          : Dev(0x0002), [AFParam] AFS_MODE(1), AFC_MODE(1), VAFC_MODE(2), TBLL(9), [DefAFConfig] AF_EXT_ENABLE(1)
06-04 12:28:14.623   801 11097 I af_mgr_v3: AF-Start          : Dev(0x0002), PDAF flow is not enabled PDAF support type(0->0)
06-04 12:28:14.623   801 11097 I af_mgr_v3: AF-Start          : Dev(0x0002), PD Flow (0), SensorMode(1), PDAF_Support_Type(0), SensorModeSupportPDAF(0), PDPipeCtrl(0), ImgSz(3264, 2448), FullSz(3264, 2448), IsZSD 1, AETargetMode(0)
06-04 12:28:14.623   801 11097 I af_mgr_v3: #(    0,    0) SetCropRegionInfo (x,y,w,h)=(0, 0, 3264, 2448), dzX(100), dzY(100), Fac(100)
06-04 12:28:14.623   801 11097 I af_mgr_v3: UpdateCenterROI 37 38 37 39 18 24 - scale 18 24
06-04 12:28:14.623   801 11097 I af_mgr_v3: ROI-C [X]1338 [Y]930 [W]587 [H]587
06-04 12:28:14.623   801 11097 I AfAlgoC : [initAF] version .4 20241005 20200820 8225007 8362002 8042003, param 18041618
06-04 12:28:14.626   801 11097 I af_mgr_v3: AF-IspMgrAFStatStart: ReadOutTimePerLine(13416), P1DoneTime(32842)
06-04 12:28:14.627   801 11097 I isp_mgr_af_stat: [start] disable AF
06-04 12:28:14.627   801 11044 I FlickerHal: setTGInfo(): m_sensorDev(2) tgInfo(1) width(3264) height(2448)
06-04 12:28:14.627   801 11044 W nvbuf_util.cpp: [getInstance:398] getInstance, bInit(1)
06-04 12:28:14.627   801 11044 W nvbuf_util.cpp: [getBufAndReadNoLock:684] ramId(1), sensorDev(2), p(0xb400007e74df9040), bForceRead(0) +
06-04 12:28:14.627   801 11044 W nvbuf_util.cpp: [getInstance:398] getInstance, bInit(1)
06-04 12:28:14.627   801 11044 W nvbuf_util.cpp: [getBufAndReadNoLock:684] ramId(12), sensorDev(2), p(0xb400007e331c2e40), bForceRead(0) +
06-04 12:28:14.627   801 11044 I CamCalCamCal: ver1210~: 1875: [hejl]sensorID=885a deviceID=2
06-04 12:28:14.627   801 11044 E CamCalCamCal: ver1210~Err:   302: Return ERROR ERR_NO_3A_GAIN
06-04 12:28:14.627   801 11044 I FlashMgrM: setBitMode(): mode(1).
06-04 12:28:14.627   801 11044 I StrobeDrvFlashlight: setCharger(): ready(1).
06-04 12:28:14.627   801 11044 I StrobeDrvFlashlight: setCharger(): time(716141).
06-04 12:28:14.627   801 11044 I FlashHal: setInCharge(): sensorDev(2), inCharge(1).
06-04 12:28:14.627   801 11044 I FlashMgrM: setInCharge(): sensorDev(2), inCharge(1).
06-04 12:28:14.627   801 11044 I FlickerHal: config(): m_sensorDev(2)
06-04 12:28:14.627   801 11044 I FlickerPlatformAdapter: setWindowInfo(): sensorDev(2) sensorId(1) tg(1) tgImg(1632,2448) configImg(1629,2423) offset(0,20) win(542,806) dma(14508)
06-04 12:28:14.627   801 11044 I FlickerHal: setWindowInfo(): m_sensorDev(2) flkHwInfo(1)
06-04 12:28:14.627   801 11044 I aaa_common_custom.cpp: [cust_initSpecialLongExpOnOff] g_bIsSpecialLongExpOn(0) AEEffectiveFrame(0)
06-04 12:28:14.628   801 11097 I isp_mgr_af_stat: [start] SensorDev(2) SensorIdx(1) -
06-04 12:28:14.628   801 11097 I isp_mgr_af_stat: sendAFConfigCtrl : ReadOutTimePerLine(13416), P1ReadOutTime(32842)
06-04 12:28:14.629   801 11097 E af_mgr_v3: WAR-ROI : [X]1338 [Y]930 [W]587 [H]587 -> [X]1338 [Y]930 [W]587 [H]587, [XNUM] 36->0, [YNUM] 36->0 (ConfigHWReg){#6510:vendor/mediatek/proprietary/hardware/mtkcam/aaa/source/mt6765/./af_mgr/af_mgr.cpp}
06-04 12:28:14.629   801 11048 I MtkCam/StreamingPipe/Pipe: [prepareGeneralPipe]create & init DIPStream(0xb400007c831ce4c0) -- secTag(0), #P2EnqueDepth(3), #subFrame(2), #SMVRBatchNum(0)
06-04 12:28:14.629   801 11097 I af_mgr_v3: AF-Start          : -
06-04 12:28:14.629   801 11048 I MtkCam/StreamingPipe/TPI_MGR_Plugin: [createSession]+ sensor(#1:main=1) mask=[0x0000400c00181020] size(raw:1280x960 app:640x480) margin(1.000)
06-04 12:28:14.629   801 11048 I MtkCam/ppl_plugin: [PipelinePlugin] Join: ctor(0xb400007ce31bbd48), hash:1
06-04 12:28:14.629   801 11048 I MtkCam/ppl_plugin: [getInstance] Join: create plugin(0xb400007ce31bbd48), hash:1, uniqueKey:1, mInstances size:1
06-04 12:28:14.629   801 11048 I MtkCam/TPI_S_ASYNC: [S_ASYNC_Plugin] create S_ASYNC plugin
06-04 12:28:14.629   801 11048 I MtkCam/TPI_S_META: [S_META_Plugin] create S_META plugin
06-04 12:28:14.629   801 11048 I MtkCam/TPI_S_Disp: [S_DISP_Plugin] create S_DISP plugin
06-04 12:28:14.629   801 11048 I MtkCam/TPI_S_EISQ: [S_EISQ_Plugin] create S_EISQ plugin
06-04 12:28:14.629   801 11048 I MtkCam/TPI_S_FB: [S_FB_Plugin] create S_FB plugin
06-04 12:28:14.629   801 11048 I MtkCam/TPI_S_Green: [S_GREEN_Plugin] create S_GREEN plugin
06-04 12:28:14.629   801 11048 W StereoSettingProvider: [getStereoSensorIndex] WRN(  208):Cannot get sensor index by logical device ID 0, return 0, 1
06-04 12:28:14.630   801 11048 I MtkCam/StreamingPipe/TPI_MGR_Plugin: [createPluginSession]negotiate[ID:1]+ [0x0000000000080000][MTK ASYNC ASD] match=1 isDualPlugin=0
06-04 12:28:14.630   801 11048 I MtkCam/StreamingPipe/TPI_MGR_Plugin: [createPluginSession]negotiate[ID:1]- name=[MTK ASYNC ASD] match=1 run=0
06-04 12:28:14.630   801 11048 I MtkCam/StreamingPipe/TPI_MGR_Plugin: [createPluginSession]negotiate[ID:2]+ [0x0000000000080000][MTK META only] match=1 isDualPlugin=0
06-04 12:28:14.630   801 11048 I MtkCam/StreamingPipe/TPI_MGR_Plugin: [createPluginSession]negotiate[ID:2]- name=[MTK META only] match=1 run=0
06-04 12:28:14.630   801 11048 I MtkCam/StreamingPipe/TPI_MGR_Plugin: [createPluginSession]negotiate[ID:3]+ [0x0000000000000020][MTK DISP] match=1 isDualPlugin=0
06-04 12:28:14.630   801 11048 I MtkCam/StreamingPipe/TPI_MGR_Plugin: [createPluginSession]negotiate[ID:3]- name=[MTK DISP] match=1 run=0
06-04 12:28:14.630   801 11048 I MtkCam/StreamingPipe/TPI_MGR_Plugin: [createPluginSession]negotiate[ID:4]+ [0x0000000000001000][MTK EISQ] match=1 isDualPlugin=0
06-04 12:28:14.630   801 11048 I MtkCam/TPI_S_EISQ: [getConfigSetting] max out size(640x480)
06-04 12:28:14.630   801 11048 I MtkCam/StreamingPipe/TPI_MGR_Plugin: [createPluginSession]negotiate[ID:4]- name=[MTK EISQ] match=1 run=0
06-04 12:28:14.630   801 11048 I MtkCam/StreamingPipe/TPI_MGR_Plugin: [createPluginSession]negotiate[ID:5]+ [0x0000000000000020][MTK FB] match=1 isDualPlugin=0
06-04 12:28:14.630   801 11048 I MtkCam/TPI_S_FB: [getConfigSetting] max out size(640x480), StreamingSize (1280x960), AllSensorSize is 1, first sensor is 1, Timestamp: 715583198734
06-04 12:28:14.630   801 11048 I MtkCam/StreamingPipe/TPI_MGR_Plugin: [createPluginSession]negotiate[ID:5]- name=[MTK FB] match=1 run=0
06-04 12:28:14.630   801 11048 I MtkCam/StreamingPipe/TPI_MGR_Plugin: [createPluginSession]negotiate[ID:6]+ [0x0000000000000020][MTK GREEN] match=1 isDualPlugin=0
06-04 12:28:14.630   801 11048 I MtkCam/StreamingPipe/TPI_MGR_Plugin: [createPluginSession]negotiate[ID:6]- name=[MTK GREEN] match=1 run=0
06-04 12:28:14.630   801 11048 I MtkCam/StreamingPipe/TPI_MGR_Plugin: [createPluginSession]negotiate[ID:7]+ [0x0000000000008000][MTK TK_3rdPartyPlugin] match=0 isDualPlugin=1
06-04 12:28:14.630   801 11048 I MtkCam/StreamingPipe/TPI_MGR_Plugin: [createPluginSession]negotiate[ID:7]- name=[MTK TK_3rdPartyPlugin] match=0 run=0
06-04 12:28:14.630   801 11048 I MtkCam/StreamingPipe/TPI_MGR_Plugin: [createSession]- ret=1
06-04 12:28:14.630   801 11048 I MtkCam/StreamingPipe/PipeUsage: [config]config usage : mSuppoRtSharedInput(1),supportSlaveNR(0), supportPhysicalNR(0)
06-04 12:28:14.631   801 11048 E MtkCam/StreamingPipe/DcesoHal: [init]missing isp buffer info (init){#72:vendor/mediatek/proprietary/hardware/mtkcam3/feature/core/featurePipe/streaming/DcesoHal.cpp}
06-04 12:28:14.631   801 11048 I MtkCam/StreamingPipe/DreHal: [init]info=0 infoSize=0 debugSize=0 usedSize=0
06-04 12:28:14.631   801 11048 I MtkCam/StreamingPipe/SMVRHal: [init]SMVR enable=0 size=(1280x960) p1=1 p2=1->1 recover=0
06-04 12:28:14.631   801 11048 I MtkCam/StreamingPipe/P2G_MGR: [printBufferPool]BufferPool: fat[1],tun[9]sync[0]dre_tun[0]msftun[0]msfSram[0]omctun[0]dce[8]timg[3]full[6]conf[0]idi[0]omc[0]ds[0x0=>0]dn[0x0=>0]pds[0x0=>0]wei[0x0=>0]dsw[0x0=>0]
06-04 12:28:14.631   801 11048 I MtkCam/StreamingPipe/EISQControl: [init]useQ=0 tsQ=0 pSize=1 qSize=0
06-04 12:28:14.631   801 11048 I MtkCam/StreamingPipe/Pipe: [onInit]+
06-04 12:28:14.631   801 11048 I MtkCam/StreamingPipe/Pipe: [onInit]-
06-04 12:28:14.631   801 11048 I MtkCam/StreamingPipe/Node: [enableDumpMask]fpipe.p2amdp current dumpMask(0xcff) prop(vendor.debug.mask.fpipe.p2amdp)
06-04 12:28:14.632   801 11093 I isp_mgr_af_stat: [isCCUSupport] (0) Dev(2) Idx(1) 
06-04 12:28:14.633   801 11093 I isp_mgr_af_stat: [isCCUSupport] Enable CCU_AF(0)
06-04 12:28:14.633   801 11093 I afo_buf_mgr: [AFOBufMgrImp] IsCCUSupport(0)
06-04 12:28:14.633   801 11093 W afo_buf_mgr: [AFOBufMgrImp] disable AF
06-04 12:28:14.633   801 11093 I afo_buf_mgr: [AFOBufMgrImp] SensorDev(2) -
06-04 12:28:14.633  1173  1214 W SensorService: sensor 00000004 already enabled in connection 0xb400007d9f4e3370 (ignoring)
06-04 12:28:14.633   801 11093 I FLKOBufMgr: FLKOBufMgr(): Expo type = FLK_SENSOR_TYPE_NORMAL
06-04 12:28:14.633   798   798 I Gyroscope: batch: handle:3, flag:0,samplingPeriodNs:10000000 maxBatchReportLatencyNs:0
06-04 12:28:14.633   801 11044 I LCSHal  : [GetSensorInfo]Sensor Static Info, previewW,H = 1632,1224,
06-04 12:28:14.636   801 11048 I MtkCam/P2/P2DumpPlugin: [P2DumpPlugin]mode/start/count(0/0/0) mask: in/out(0x0/0x0)
06-04 12:28:14.637   801 11048 I MtkCam/P2/StreamingProcessor: [needReConfig] P2S cam 1: re-config=0, EISMode(0=>0), EISFactor(100=>100), Size(1280x960=>1280x960)
06-04 12:28:14.637   801 11028 W aaa_hal_sttCtrl: [startStt] SensorDev = 2, m_i4SttPortEnable = 15 
06-04 12:28:14.638   801 11112 I MtkCam/P2/CaptureProcessor: [onInit] P2C cam 1: (0xb400007d431cc500) uniqueKey:122814481
06-04 12:28:14.639   801 11112 I MtkCam/P2/CaptureProcessor: [onInit] P2C cam 1: create captureFeaturePipe, isDualCam:0, sensor count:1
06-04 12:28:14.639   801 11112 I MtkCam/P2/CaptureProcessor: [onInit] P2C cam 1: supportSceneroiFeatures:0x1008320f5 dualMode:0
06-04 12:28:14.639   801 11028 W TuningMgr: TuningMgr[updateEngine] WARNING: [temp log] AF enable(0_0x80000_0x800060)
06-04 12:28:14.639   801 11028 I isp_mgr_af_stat: HW-apply Magic(1) , Config(0)
06-04 12:28:14.639   801 11112 I MtkCam/CapturePipe/RAWNode: [RAWNode](0xb400007d731bdac0) ctor
06-04 12:28:14.639   801 11112 I MtkCam/CapturePipe/MultiFrameNode: [MultiFrameNode](0xb400007d731d9d60) ctor
06-04 12:28:14.639   801 11112 I MtkCam/CapturePipe/YUVNode: [YUVNode](0xb400007d731dbd90) ctor
06-04 12:28:14.640   801 11028 I FlickerHal: start(): m_sensorDev(2)
06-04 12:28:14.640   801 11112 I MtkCam/CapturePipe/RAWNode: [onInit](0xb400007d731bdac0) uniqueKey:122814481
06-04 12:28:14.640   801 11028 I FlickerHal: attach(): isAttach(1), count(1/1). m_sensorDev(2)
06-04 12:28:14.640   801 11112 I MtkCam/CapturePipe/MultiFrameNode: [onInit](0xb400007d731d9d60) uniqueKey:122814481
06-04 12:28:14.640   801 11112 I MtkCam/CapturePipe/YUVNode: [onInit](0xb400007d731dbd90)(9) uniqueKey:122814481
06-04 12:28:14.642   801 11028 I FlickerHal: init_algo(): sensorDev(2) sensorId(34906) sensorMode(2) sensorType(0) initFreq(50) ratio(1) clkFreq(144000000) pixelsInLine(1932) imgH(2423) winH(806) winW(542) mUsers(1) period(2 ms)
06-04 12:28:14.642   801 11028 I FlickerHal: start(): m_decreaseFrameRateType(0)
06-04 12:28:14.642   801 11028 I FlashMgrM: getFlashMode(): mode(2).
06-04 12:28:14.642   801 11028 W TaskMgr : [sendEvent] TaskEvent:PreivewStart
