06-04 12:18:30.092  1173  1200 W ActivityManager: Slow operation: 2105ms so far, now at startProcess: starting to update pids map
06-04 12:18:30.092  1173  1200 W ActivityManager: Slow operation: 2106ms so far, now at startProcess: done updating pids map
06-04 12:18:30.092  1173  1200 W ActivityManager: Slow operation: 2003ms so far, now at startProcess: asking zygote to start proc
06-04 12:18:30.116  1173  1200 W ActivityManager: Slow operation: 2027ms so far, now at startProcess: returned from zygote!
06-04 12:18:30.117  1173  1200 W ActivityManager: Slow operation: 2028ms so far, now at startProcess: done updating battery stats
06-04 12:18:30.118  1173  1200 W ActivityManager: Slow operation: 2029ms so far, now at startProcess: building log message
06-04 12:18:30.118  1173  1200 I ActivityManager: Start proc 7988:com.android.chrome:privileged_process0/u0a137 for service {com.android.chrome/org.chromium.content.app.PrivilegedProcessService0}
06-04 12:18:30.118  1173  1200 W ActivityManager: Slow operation: 2029ms so far, now at startProcess: starting to update pids map
06-04 12:18:30.121  1173  1200 W ActivityManager: Slow operation: 2032ms so far, now at startProcess: done updating pids map
06-04 12:18:30.244  1173  1173 W NotificationHistory: Attempted to add notif for locked/gone/disabled user 0
06-04 12:18:30.255  1173  3148 I ActivityManager: Killing 7322:com.google.android.apps.nbu.files/u0a118 (adj 985): empty #17
06-04 12:18:30.324  1173  4396 I ActivityManager: Killing 7376:com.google.android.googlequicksearchbox/u0a124 (adj 985): empty #17
06-04 12:18:30.382  1173  1189 I RoleManagerService: Granting default roles...
06-04 12:18:30.551  1173  3642 I ActivityTaskManager: START u0 {cmp=pl.mindmade.pim/.main.MainActivity} from uid 10167
06-04 12:18:30.592  1173  1326 W ActivityTaskManager: Tried to set launchTime (0) < mLastActivityLaunchTime (128134)
06-04 12:18:30.598  1173  1326 W WindowManager: Changing focus fromWindow{eb0cd58 u0 pl.mindmade.pim/pl.mindmade.pim.splash.SplashActivity} to null displayId=0 Callers=com.android.server.wm.RootWindowContainer.updateFocusedWindowLocked:457 com.android.server.wm.WindowManagerService.updateFocusedWindowLocked:5602 com.android.server.wm.DisplayContent.setFocusedApp:5517 com.android.server.wm.ActivityTaskManagerService.setResumedActivityUncheckLocked:5510 
06-04 12:18:30.617  1173  1173 W Looper  : Slow dispatch took 122ms main h=android.app.ActivityThread$H c=android.app.-$$Lambda$LoadedApk$ReceiverDispatcher$Args$_BumDX2UKsnxLVrE6UJsJZkotuA@8ca7f25 m=0
06-04 12:18:30.617  1173  1173 I Telecom : DefaultDialerCache: Refreshing default dialer for user 0: now com.google.android.dialer: DDC.oR@AM0
06-04 12:18:30.618  1173  1173 W Looper  : Slow delivery took 236ms main h=android.app.ActivityThread$H c=android.app.-$$Lambda$LoadedApk$ReceiverDispatcher$Args$_BumDX2UKsnxLVrE6UJsJZkotuA@c9398fa m=0
06-04 12:18:30.621  1173  1173 W Looper  : Drained
06-04 12:18:30.819  1173  1189 W Looper  : Slow dispatch took 147ms android.fg h=android.os.Handler c=<recycled PooledLambda@5345937> m=0
06-04 12:18:30.855  1173  1189 W Looper  : Slow delivery took 307ms android.fg h=android.os.Handler c=<recycled PooledLambda@c80664f> m=0
06-04 12:18:31.033  1173  1189 W Looper  : Drained
06-04 12:18:31.493  1173  4396 I WindowManager: Relayout Window{bb8b94e u0 pl.mindmade.pim/pl.mindmade.pim.main.MainActivity}: oldVis=4 newVis=0 focusMayChange = true
06-04 12:18:31.500  1173  4396 W WindowManager: Changing focus fromnull to Window{bb8b94e u0 pl.mindmade.pim/pl.mindmade.pim.main.MainActivity} displayId=0 Callers=com.android.server.wm.RootWindowContainer.updateFocusedWindowLocked:457 com.android.server.wm.WindowManagerService.updateFocusedWindowLocked:5602 com.android.server.wm.WindowManagerService.relayoutWindow:2395 com.android.server.wm.Session.relayout:213 
06-04 12:18:33.997  1173  4396 W WindowManager: Changing focus fromWindow{bb8b94e u0 pl.mindmade.pim/pl.mindmade.pim.main.MainActivity} to Window{538507b u0 pl.mindmade.pim/pl.mindmade.pim.main.MainActivity} displayId=0 Callers=com.android.server.wm.RootWindowContainer.updateFocusedWindowLocked:457 com.android.server.wm.WindowManagerService.updateFocusedWindowLocked:5602 com.android.server.wm.WindowManagerService.addWindow:1733 com.android.server.wm.Session.addToDisplayAsUser:176 
06-04 12:18:35.503  1173  1192 I ActivityManager: Killing 7430:com.google.android.dialer/u0a110 (adj 985): empty #17
06-04 12:18:35.807  1173  4396 W WindowManager: Changing focus fromWindow{538507b u0 pl.mindmade.pim/pl.mindmade.pim.main.MainActivity EXITING} to Window{bb8b94e u0 pl.mindmade.pim/pl.mindmade.pim.main.MainActivity} displayId=0 Callers=com.android.server.wm.RootWindowContainer.updateFocusedWindowLocked:457 com.android.server.wm.WindowManagerService.updateFocusedWindowLocked:5602 com.android.server.wm.WindowState.setupWindowForRemoveOnExit:2358 com.android.server.wm.WindowState.removeIfPossible:2327 
06-04 12:18:36.110  1173  3897 I ActivityManager: Killing 7484:com.mptech.myota:remote/u0a59 (adj 985): empty #17
06-04 12:18:36.405  1173  4396 I ActivityTaskManager: START u0 {act=android.intent.action.MAIN cat=[android.intent.category.HOME] flg=0x10000000 pkg=com.android.launcher3 cmp=com.android.launcher3/com.android.searchlauncher.SearchLauncher (has extras)} from uid 10151
06-04 12:18:36.415  1173  4396 W WindowManager: Changing focus fromWindow{bb8b94e u0 pl.mindmade.pim/pl.mindmade.pim.main.MainActivity} to null displayId=0 Callers=com.android.server.wm.RootWindowContainer.updateFocusedWindowLocked:457 com.android.server.wm.WindowManagerService.updateFocusedWindowLocked:5602 com.android.server.wm.DisplayContent.setFocusedApp:5517 com.android.server.wm.ActivityTaskManagerService.setResumedActivityUncheckLocked:5510 
06-04 12:18:36.438  1173  1187 I WindowManager: Relayout Window{283eef u0 com.android.launcher3/com.android.searchlauncher.SearchLauncher}: oldVis=8 newVis=0 focusMayChange = true
06-04 12:18:36.523  1173  1187 I WindowManager: Relayout Window{7b1b0ce u0 com.android.launcher3/com.android.searchlauncher.SearchLauncher}: oldVis=8 newVis=0 focusMayChange = true
06-04 12:18:36.529  1173  1187 W WindowManager: Changing focus fromnull to Window{7b1b0ce u0 com.android.launcher3/com.android.searchlauncher.SearchLauncher} displayId=0 Callers=com.android.server.wm.RootWindowContainer.updateFocusedWindowLocked:457 com.android.server.wm.WindowManagerService.updateFocusedWindowLocked:5602 com.android.server.wm.WindowManagerService.relayoutWindow:2395 com.android.server.wm.Session.relayout:213 
06-04 12:18:37.526  1173  1504 W WindowManager: Changing focus fromWindow{7b1b0ce u0 com.android.launcher3/com.android.searchlauncher.SearchLauncher} to null displayId=0 Callers=com.android.server.wm.RootWindowContainer.updateFocusedWindowLocked:457 com.android.server.wm.WindowManagerService.updateFocusedWindowLocked:5602 com.android.server.wm.DisplayContent.setFocusedApp:5517 com.android.server.wm.ActivityTaskManagerService.setResumedActivityUncheckLocked:5510 
06-04 12:18:37.540  1173  1193 I WindowManager: Relayout Window{6db7589 u0 SnapshotStartingWindow for taskId=44}: oldVis=8 newVis=0 focusMayChange = true
06-04 12:18:37.634  1173  1192 I ActivityManager: Killing 6750:com.google.android.calendar/u0a131 (adj 985): empty #17
06-04 12:18:37.835  1173  1205 E KernelCpuSpeedReader: Failed to read cpu-freq: /sys/devices/system/cpu/cpu4/cpufreq/stats/time_in_state: open failed: ENOENT (No such file or directory)
06-04 12:18:37.836  1173  1205 E KernelCpuSpeedReader: Failed to read cpu-freq: /sys/devices/system/cpu/cpu0/cpufreq/stats/time_in_state: open failed: ENOENT (No such file or directory)
06-04 12:18:37.856  1173  1269 W NetworkPolicy: shared quota unsupported; generating rule for each iface
06-04 12:18:38.044  1173  1504 I WindowManager: Relayout Window{64e185c u0 com.android.settings/com.android.settings.SubSettings}: oldVis=4 newVis=0 focusMayChange = true
06-04 12:18:38.061  1173  1504 W WindowManager: Changing focus fromnull to Window{64e185c u0 com.android.settings/com.android.settings.SubSettings} displayId=0 Callers=com.android.server.wm.RootWindowContainer.updateFocusedWindowLocked:457 com.android.server.wm.WindowManagerService.updateFocusedWindowLocked:5602 com.android.server.wm.WindowManagerService.relayoutWindow:2395 com.android.server.wm.Session.relayout:213 
06-04 12:18:38.378  1173  1173 I NotificationService: Cannot find enqueued record for key: 0|android|0|com.android.server.wm.AlertWindowNotification - pl.mindmade.pim|1000
06-04 12:18:38.789  1173  3898 W WindowManager: Changing focus fromWindow{64e185c u0 com.android.settings/com.android.settings.SubSettings} to Window{1de3886 u0 com.android.settings/com.android.settings.SubSettings} displayId=0 Callers=com.android.server.wm.RootWindowContainer.updateFocusedWindowLocked:457 com.android.server.wm.WindowManagerService.updateFocusedWindowLocked:5602 com.android.server.wm.WindowManagerService.addWindow:1733 com.android.server.wm.Session.addToDisplayAsUser:176 
06-04 12:18:39.373  1173  3898 I ActivityManager: Force stopping pl.mindmade.pim appid=10167 user=0: from pid 7667
06-04 12:18:39.375  1173  3898 I ActivityManager: Killing 7858:pl.mindmade.pim/u0a167 (adj 50): stop pl.mindmade.pim due to from pid 7667
06-04 12:18:39.420  1173  3898 W WindowManager: Changing focus fromWindow{1de3886 u0 com.android.settings/com.android.settings.SubSettings EXITING} to Window{64e185c u0 com.android.settings/com.android.settings.SubSettings} displayId=0 Callers=com.android.server.wm.RootWindowContainer.updateFocusedWindowLocked:457 com.android.server.wm.WindowManagerService.updateFocusedWindowLocked:5602 com.android.server.wm.WindowState.setupWindowForRemoveOnExit:2358 com.android.server.wm.WindowState.removeIfPossible:2327 
06-04 12:18:39.543  1173  3148 I WindowManager: WIN DEATH: Window{220f3fa u0 pl.mindmade.pim}
06-04 12:18:39.563  1173  1192 W ActivityManager: setHasOverlayUi called on unknown pid: 7858
06-04 12:18:40.546  1173  1189 I ActivityManager: Killing 3647:com.google.android.apps.messaging/u0a143 (adj 985): empty #17
06-04 12:18:43.419  1173  1200 I ActivityManager: Start proc 8165:com.google.android.youtube/u0a130 for service {com.google.android.youtube/androidx.work.impl.background.systemjob.SystemJobService}
06-04 12:18:43.504  1173  3897 I ActivityManager: Killing 7523:com.google.android.partnersetup/u0a116 (adj 985): empty #17
06-04 12:18:43.949  1173  1199 W BroadcastQueue: Permission Denial: broadcasting Intent { act=android.net.conn.CONNECTIVITY_CHANGE flg=0x4200010 (has extras) } from null (pid=-1, uid=-1) requires com.google.android.youtube.DYNAMIC_RECEIVER_NOT_EXPORTED_PERMISSION due to registered receiver BroadcastFilter{173c3ea 10130/u0 ReceiverList{415bfd5 8165 com.google.android.youtube/10130/u0 remote:711dc8c}}
06-04 12:18:44.861  1173  1186 I ActivityManager: Killing 7554:com.google.android.apps.work.oobconfig/u0a122 (adj 985): empty #17
06-04 12:18:50.011  1173  3644 I ActivityManager: Killing 6897:com.google.android.apps.docs/u0a134 (adj 985): empty #17
06-04 12:18:53.920  1173  2062 I ActivityTaskManager: START u0 {act=android.intent.action.MAIN cat=[android.intent.category.LAUNCHER] flg=0x10000000 pkg=pl.mindmade.pim cmp=pl.mindmade.pim/.splash.SplashActivity} from uid 1000
06-04 12:18:53.964  1173  1200 I ActivityManager: Start proc 8298:pl.mindmade.pim/u0a167 for pre-top-activity {pl.mindmade.pim/pl.mindmade.pim.splash.SplashActivity}
06-04 12:18:53.975  1173  1193 W WindowManager: Changing focus fromWindow{64e185c u0 com.android.settings/com.android.settings.SubSettings} to null displayId=0 Callers=com.android.server.wm.RootWindowContainer.updateFocusedWindowLocked:457 com.android.server.wm.WindowManagerService.updateFocusedWindowLocked:5602 com.android.server.wm.WindowManagerService.relayoutWindow:2395 com.android.server.wm.Session.relayout:213 
06-04 12:18:55.019  1173  2480 I WindowManager: Relayout Window{4dce646 u0 pl.mindmade.pim/pl.mindmade.pim.splash.SplashActivity}: oldVis=4 newVis=0 focusMayChange = true
06-04 12:18:55.026  1173  2480 W WindowManager: Changing focus fromnull to Window{4dce646 u0 pl.mindmade.pim/pl.mindmade.pim.splash.SplashActivity} displayId=0 Callers=com.android.server.wm.RootWindowContainer.updateFocusedWindowLocked:457 com.android.server.wm.WindowManagerService.updateFocusedWindowLocked:5602 com.android.server.wm.WindowManagerService.relayoutWindow:2395 com.android.server.wm.Session.relayout:213 
06-04 12:18:56.113  1173  1173 W NotificationHistory: Attempted to add notif for locked/gone/disabled user 0
06-04 12:18:57.731  1173  3644 I ActivityTaskManager: START u0 {cmp=pl.mindmade.pim/.main.MainActivity} from uid 10167
06-04 12:18:57.761  1173  2062 W ActivityTaskManager: Tried to set launchTime (0) < mLastActivityLaunchTime (155568)
06-04 12:18:57.765  1173  2062 W WindowManager: Changing focus fromWindow{4dce646 u0 pl.mindmade.pim/pl.mindmade.pim.splash.SplashActivity} to null displayId=0 Callers=com.android.server.wm.RootWindowContainer.updateFocusedWindowLocked:457 com.android.server.wm.WindowManagerService.updateFocusedWindowLocked:5602 com.android.server.wm.DisplayContent.setFocusedApp:5517 com.android.server.wm.ActivityTaskManagerService.setResumedActivityUncheckLocked:5510 
06-04 12:18:57.809  1173  1269 W NetworkPolicy: shared quota unsupported; generating rule for each iface
06-04 12:18:58.512  1173  3140 I WindowManager: Relayout Window{5519b51 u0 pl.mindmade.pim/pl.mindmade.pim.main.MainActivity}: oldVis=4 newVis=0 focusMayChange = true
06-04 12:18:58.520  1173  3140 W WindowManager: Changing focus fromnull to Window{5519b51 u0 pl.mindmade.pim/pl.mindmade.pim.main.MainActivity} displayId=0 Callers=com.android.server.wm.RootWindowContainer.updateFocusedWindowLocked:457 com.android.server.wm.WindowManagerService.updateFocusedWindowLocked:5602 com.android.server.wm.WindowManagerService.relayoutWindow:2395 com.android.server.wm.Session.relayout:213 
06-04 12:18:58.874  1173  3140 I ActivityManager: PendingStartActivityUids startActivity to updateOomAdj delay:1107ms, uid:10167
06-04 12:18:59.554  1173  1269 W NetworkPolicy: shared quota unsupported; generating rule for each iface
06-04 12:19:01.049  1173  2062 W WindowManager: Changing focus fromWindow{5519b51 u0 pl.mindmade.pim/pl.mindmade.pim.main.MainActivity} to Window{bc3d484 u0 pl.mindmade.pim/pl.mindmade.pim.main.MainActivity} displayId=0 Callers=com.android.server.wm.RootWindowContainer.updateFocusedWindowLocked:457 com.android.server.wm.WindowManagerService.updateFocusedWindowLocked:5602 com.android.server.wm.WindowManagerService.addWindow:1733 com.android.server.wm.Session.addToDisplayAsUser:176 
06-04 12:19:01.649  1173  1269 W NetworkPolicy: shared quota unsupported; generating rule for each iface
06-04 12:19:03.200  1173  4396 W WindowManager: Changing focus fromWindow{bc3d484 u0 pl.mindmade.pim/pl.mindmade.pim.main.MainActivity EXITING} to Window{5519b51 u0 pl.mindmade.pim/pl.mindmade.pim.main.MainActivity} displayId=0 Callers=com.android.server.wm.RootWindowContainer.updateFocusedWindowLocked:457 com.android.server.wm.WindowManagerService.updateFocusedWindowLocked:5602 com.android.server.wm.WindowState.setupWindowForRemoveOnExit:2358 com.android.server.wm.WindowState.removeIfPossible:2327 
06-04 12:19:03.395  1173  1269 W NetworkPolicy: shared quota unsupported; generating rule for each iface
06-04 12:19:05.418  1173  1269 I chatty  : uid=1000(system) NetworkPolicy identical 1 line
06-04 12:19:07.159  1173  1269 W NetworkPolicy: shared quota unsupported; generating rule for each iface
06-04 12:19:09.407  1173  4396 W WindowManager: Changing focus fromWindow{5519b51 u0 pl.mindmade.pim/pl.mindmade.pim.main.MainActivity} to Window{dd76536 u0 pl.mindmade.pim/pl.mindmade.pim.main.MainActivity} displayId=0 Callers=com.android.server.wm.RootWindowContainer.updateFocusedWindowLocked:457 com.android.server.wm.WindowManagerService.updateFocusedWindowLocked:5602 com.android.server.wm.WindowManagerService.addWindow:1733 com.android.server.wm.Session.addToDisplayAsUser:176 
06-04 12:19:12.046  1173  2062 I ActivityTaskManager: START u0 {cmp=pl.mindmade.pim/.videocall.VideoCallActivity (has extras)} from uid 10167
06-04 12:19:12.077  1173  2480 W ActivityTaskManager: Tried to set launchTime (0) < mLastActivityLaunchTime (159277)
06-04 12:19:12.082  1173  2480 W WindowManager: Changing focus fromWindow{dd76536 u0 pl.mindmade.pim/pl.mindmade.pim.main.MainActivity} to null displayId=0 Callers=com.android.server.wm.RootWindowContainer.updateFocusedWindowLocked:457 com.android.server.wm.WindowManagerService.updateFocusedWindowLocked:5602 com.android.server.wm.DisplayContent.setFocusedApp:5517 com.android.server.wm.ActivityTaskManagerService.setResumedActivityUncheckLocked:5510 
06-04 12:19:12.139  1173  1173 W NotificationHistory: Attempted to add notif for locked/gone/disabled user 0
06-04 12:19:12.305  1173  2062 I WindowManager: Relayout Window{f4fa032 u0 NotificationShade}: oldVis=4 newVis=0 focusMayChange = true
06-04 12:19:12.790  1173  2062 I WindowManager: Relayout Window{ff3cb59 u0 pl.mindmade.pim/pl.mindmade.pim.videocall.VideoCallActivity}: oldVis=4 newVis=0 focusMayChange = true
06-04 12:19:12.804  1173  2062 W WindowManager: Changing focus fromnull to Window{ff3cb59 u0 pl.mindmade.pim/pl.mindmade.pim.videocall.VideoCallActivity} displayId=0 Callers=com.android.server.wm.RootWindowContainer.updateFocusedWindowLocked:457 com.android.server.wm.WindowManagerService.updateFocusedWindowLocked:5602 com.android.server.wm.WindowManagerService.relayoutWindow:2395 com.android.server.wm.Session.relayout:213 
06-04 12:19:19.337  1173  1200 I ActivityManager: Start proc 8644:com.android.chrome:sandboxed_process0:org.chromium.content.app.SandboxedProcessService0:1/u0ai1 for  {com.android.chrome/org.chromium.content.app.SandboxedProcessService0:1}
06-04 12:19:19.595  1173  3139 W WindowManager: Changing focus fromWindow{ff3cb59 u0 pl.mindmade.pim/pl.mindmade.pim.videocall.VideoCallActivity} to null displayId=0 Callers=com.android.server.wm.RootWindowContainer.updateFocusedWindowLocked:457 com.android.server.wm.WindowManagerService.updateFocusedWindowLocked:5602 com.android.server.wm.WindowState.removeIfPossible:2344 com.android.server.wm.WindowState.removeIfPossible:2222 
06-04 12:19:19.801  1173  3139 I WindowManager: Relayout Window{5519b51 u0 pl.mindmade.pim/pl.mindmade.pim.main.MainActivity}: oldVis=8 newVis=0 focusMayChange = true
06-04 12:19:19.810  1173  3139 W WindowManager: Changing focus fromnull to Window{5519b51 u0 pl.mindmade.pim/pl.mindmade.pim.main.MainActivity} displayId=0 Callers=com.android.server.wm.RootWindowContainer.updateFocusedWindowLocked:457 com.android.server.wm.WindowManagerService.updateFocusedWindowLocked:5602 com.android.server.wm.WindowManagerService.relayoutWindow:2395 com.android.server.wm.Session.relayout:213 
06-04 12:19:19.843  1173  4396 I ActivityManager: Killing 8644:com.android.chrome:sandboxed_process0:org.chromium.content.app.SandboxedProcessService0:1/u0a137i-8999 (adj 0): isolated not needed
06-04 12:19:19.898  1173  1205 E KernelCpuSpeedReader: Failed to read cpu-freq: /sys/devices/system/cpu/cpu4/cpufreq/stats/time_in_state: open failed: ENOENT (No such file or directory)
06-04 12:19:19.899  1173  1205 E KernelCpuSpeedReader: Failed to read cpu-freq: /sys/devices/system/cpu/cpu0/cpufreq/stats/time_in_state: open failed: ENOENT (No such file or directory)
06-04 12:19:20.050  1173  1200 I ActivityManager: Start proc 8671:com.android.chrome:sandboxed_process0:org.chromium.content.app.SandboxedProcessService0:2/u0ai2 for  {com.android.chrome/org.chromium.content.app.SandboxedProcessService0:2}
06-04 12:19:20.416  1173  3148 I ActivityManager: Killing 8671:com.android.chrome:sandboxed_process0:org.chromium.content.app.SandboxedProcessService0:2/u0a137i-8998 (adj 0): isolated not needed
06-04 12:19:20.441  1173  1205 E KernelCpuSpeedReader: Failed to read cpu-freq: /sys/devices/system/cpu/cpu4/cpufreq/stats/time_in_state: open failed: ENOENT (No such file or directory)
06-04 12:19:20.441  1173  1205 E KernelCpuSpeedReader: Failed to read cpu-freq: /sys/devices/system/cpu/cpu0/cpufreq/stats/time_in_state: open failed: ENOENT (No such file or directory)
06-04 12:19:20.543  1173  1200 I ActivityManager: Start proc 8693:com.android.chrome:sandboxed_process0:org.chromium.content.app.SandboxedProcessService0:3/u0ai3 for  {com.android.chrome/org.chromium.content.app.SandboxedProcessService0:3}
06-04 12:19:20.871  1173  3148 I ActivityManager: Killing 8693:com.android.chrome:sandboxed_process0:org.chromium.content.app.SandboxedProcessService0:3/u0a137i-8997 (adj 0): isolated not needed
06-04 12:19:20.918  1173  1205 E KernelCpuSpeedReader: Failed to read cpu-freq: /sys/devices/system/cpu/cpu4/cpufreq/stats/time_in_state: open failed: ENOENT (No such file or directory)
06-04 12:19:20.919  1173  1205 E KernelCpuSpeedReader: Failed to read cpu-freq: /sys/devices/system/cpu/cpu0/cpufreq/stats/time_in_state: open failed: ENOENT (No such file or directory)
06-04 12:19:27.341  1173  1218 I PackageManager: Integrity check passed for file:///data/app/vmdl435917068.tmp
06-04 12:19:27.357  1173  1218 I PackageManager: Integrity check passed for file:///data/app/vmdl999537630.tmp
06-04 12:19:27.496  1173  1218 W PackageParsing: Unknown element under service: property at /data/app/vmdl435917068.tmp/base.apk Binary XML file line #60
06-04 12:19:27.532  1173  1199 I ActivityManager: Force stopping com.google.android.webview appid=10136 user=-1: installPackageLI
06-04 12:19:27.533  1173  1199 I ActivityManager: Killing 2118:com.google.android.googlequicksearchbox:search/u0a124 (adj 900): stop com.google.android.webview due to installPackageLI
06-04 12:19:27.534  1173  1218 I PackageManager: Update system package com.google.android.webview code path from /data/app/~~P2NYJb1ABlu-N1iKAwDg3Q==/com.google.android.webview-RzZpfSKFdy5YNBA-0P6RMQ== to /data/app/~~RHXiKQpfdyJOGtgZ-PGDew==/com.google.android.webview-mtgUKKLB55luUi24vIYXpw==; Retain data and using new
06-04 12:19:27.534  1173  1218 I PackageManager: Update system package com.google.android.webview resource path from /data/app/~~P2NYJb1ABlu-N1iKAwDg3Q==/com.google.android.webview-RzZpfSKFdy5YNBA-0P6RMQ== to /data/app/~~RHXiKQpfdyJOGtgZ-PGDew==/com.google.android.webview-mtgUKKLB55luUi24vIYXpw==; Retain data and using new
06-04 12:19:27.546  1173  1199 I ActivityManager: Force stopping com.android.chrome appid=10137 user=-1: update lib
06-04 12:19:27.547  1173  1199 I ActivityManager: Killing 7988:com.android.chrome:privileged_process0/u0a137 (adj 925): stop com.android.chrome due to update lib
06-04 12:19:27.552  1173  1199 I ActivityManager: Killing 7775:com.android.chrome/u0a137 (adj 925): stop com.android.chrome due to update lib
06-04 12:19:27.558  1173  1199 E ProcessStats: Executing service ServiceState{8ab7c28 org.chromium.content.app.SandboxedProcessService0 pkg=com.android.chrome proc=fc83d41} without owner
06-04 12:19:27.564  1173  1199 E ProcessStats: Binding service ServiceState{8ab7c28 org.chromium.content.app.SandboxedProcessService0 pkg=com.android.chrome proc=fc83d41} without owner
06-04 12:19:27.566  1173  1199 E ProcessStats: Starting service ServiceState{8ab7c28 org.chromium.content.app.SandboxedProcessService0 pkg=com.android.chrome proc=fc83d41} without owner
06-04 12:19:27.567  1173  1199 E ProcessStats: Binding service ServiceState{8ab7c28 org.chromium.content.app.SandboxedProcessService0 pkg=com.android.chrome proc=fc83d41} without owner
06-04 12:19:27.572  1173  1199 I ActivityManager: Killing 7979:com.android.chrome:sandboxed_process0:org.chromium.content.app.SandboxedProcessService0:0/u0a137i-9000 (adj 0): isolated not needed
06-04 12:19:27.575  1173  1199 I ActivityManager: Force stopping com.google.android.webview appid=10136 user=-1: update lib
06-04 12:19:27.579  1173  3148 W ActivityManager: Unbind failed: could not find connection for android.os.BinderProxy@e5e63ef
06-04 12:19:27.580  1173  1199 I DropBoxManagerService: add tag=system_server_wtf isTagEnabled=true flags=0x2
06-04 12:19:27.620  1173  1199 I chatty  : uid=1000(system) ActivityManager identical 2 lines
06-04 12:19:27.631  1173  1199 I DropBoxManagerService: add tag=system_server_wtf isTagEnabled=true flags=0x2
06-04 12:19:27.649  1173  1205 E KernelCpuSpeedReader: Failed to read cpu-freq: /sys/devices/system/cpu/cpu4/cpufreq/stats/time_in_state: open failed: ENOENT (No such file or directory)
06-04 12:19:27.650  1173  1205 E KernelCpuSpeedReader: Failed to read cpu-freq: /sys/devices/system/cpu/cpu0/cpufreq/stats/time_in_state: open failed: ENOENT (No such file or directory)
06-04 12:19:27.884  1173  1173 W Looper  : Slow dispatch took 305ms main h=com.android.server.job.JobSchedulerService$JobHandler c=null m=1
06-04 12:19:27.884  1173  1173 W Looper  : Slow delivery took 248ms main h=com.android.server.job.JobSchedulerService$JobHandler c=null m=5
06-04 12:19:27.909  1173  3642 I WindowManager: WIN DEATH: Window{283eef u0 com.android.launcher3/com.android.searchlauncher.SearchLauncher}
06-04 12:19:27.911  1173  1192 W ActivityManager: setHasOverlayUi called on unknown pid: 2118
06-04 12:19:29.562  1173  1173 W Looper  : Drained
06-04 12:19:29.610  1173  1199 W BroadcastQueue: Background execution not allowed: receiving Intent { act=android.intent.action.DROPBOX_ENTRY_ADDED flg=0x10 (has extras) } to com.google.android.gms/.stats.service.DropBoxEntryAddedReceiver
06-04 12:19:30.514  1173  1189 I RoleManagerService: Granting default roles...
06-04 12:19:30.542  1173  1218 I ActivityManager: Force stopping com.google.android.webview appid=10136 user=0: pkg removed
06-04 12:19:30.583  1173  1218 I ActivityManager: Force stopping com.google.android.webview appid=10136 user=0: pkg removed
06-04 12:19:30.729  1173  1200 W ActivityManager: Slow operation: 74ms so far, now at startProcess: returned from zygote!
06-04 12:19:30.829  1173  1189 W Looper  : Slow dispatch took 189ms android.fg h=android.os.Handler c=<recycled PooledLambda@91498f6> m=0
06-04 12:19:30.833  1173  1716 W ActivityManager: Slow operation: 178ms so far, now at startProcess: done updating battery stats
06-04 12:19:30.834  1173  1716 W ActivityManager: Slow operation: 179ms so far, now at startProcess: building log message
06-04 12:19:30.834  1173  1716 I ActivityManager: Start proc 8764:com.google.android.googlequicksearchbox:search/u0a124 for service {com.google.android.googlequicksearchbox/com.google.android.apps.gsa.search.core.service.SearchService}
06-04 12:19:30.834  1173  1716 W ActivityManager: Slow operation: 179ms so far, now at startProcess: starting to update pids map
06-04 12:19:30.835  1173  1716 W ActivityManager: Slow operation: 180ms so far, now at startProcess: done updating pids map
06-04 12:19:31.174  1173  1189 W Looper  : Slow delivery took 238ms android.fg h=android.os.Handler c=<recycled PooledLambda@c80664f> m=0
06-04 12:19:31.175  1173  1189 W Looper  : Slow dispatch took 296ms android.fg h=android.os.Handler c=<recycled PooledLambda@c80664f> m=0
06-04 12:19:31.375  1173  1173 W Looper  : Slow dispatch took 757ms main h=android.app.ActivityThread$H c=android.app.-$$Lambda$LoadedApk$ReceiverDispatcher$Args$_BumDX2UKsnxLVrE6UJsJZkotuA@234e057 m=0
06-04 12:19:31.376  1173  1173 W Looper  : Slow delivery took 862ms main h=android.os.Handler c=android.app.-$$Lambda$LoadedApk$ReceiverDispatcher$Args$_BumDX2UKsnxLVrE6UJsJZkotuA@7283744 m=0
06-04 12:19:31.381  1173  1189 W Looper  : Slow dispatch took 205ms android.fg h=android.os.Handler c=<recycled PooledLambda@4774a42> m=0
06-04 12:19:31.459  1173  1173 I Telecom : DefaultDialerCache: Refreshing default dialer for user 0: now com.google.android.dialer: DDC.oR@ANE
06-04 12:19:31.586  1173  1200 I ActivityManager: Start proc 8820:WebViewLoader-armeabi-v7a/1037 [android.webkit.WebViewLibraryLoader$RelroFileCreator] for null
06-04 12:19:31.637  1173  1189 W Looper  : Slow dispatch took 186ms android.fg h=android.os.Handler c=<recycled PooledLambda@95e39cf> m=0
06-04 12:19:31.686  1173  1200 W ActivityManager: Slow operation: 134ms so far, now at startProcess: returned from zygote!
06-04 12:19:31.687  1173  1200 W ActivityManager: Slow operation: 135ms so far, now at startProcess: done updating battery stats
06-04 12:19:31.689  1173  1200 W ActivityManager: Slow operation: 136ms so far, now at startProcess: building log message
06-04 12:19:31.689  1173  1200 I ActivityManager: Start proc 8840:WebViewLoader-arm64-v8a/1037 [android.webkit.WebViewLibraryLoader$RelroFileCreator] for null
06-04 12:19:31.689  1173  1200 W ActivityManager: Slow operation: 137ms so far, now at startProcess: starting to update pids map
06-04 12:19:31.690  1173  1200 W ActivityManager: Slow operation: 137ms so far, now at startProcess: done updating pids map
06-04 12:19:31.693  1173  1173 W Looper  : Slow dispatch took 112ms main h=android.app.ActivityThread$H c=android.app.-$$Lambda$LoadedApk$ReceiverDispatcher$Args$_BumDX2UKsnxLVrE6UJsJZkotuA@6e0a686 m=0
06-04 12:19:31.735  1173  1173 I Telecom : DefaultDialerCache: Refreshing default dialer for user 0: now com.google.android.dialer: DDC.oR@ANI
06-04 12:19:31.790  1173  1189 W Looper  : Slow dispatch took 101ms android.fg h=android.os.Handler c=<recycled PooledLambda@3d55f81> m=0
06-04 12:19:31.834  1173  1200 W ActivityManager: Slow operation: 73ms so far, now at startProcess: returned from zygote!
06-04 12:19:31.835  1173  1200 W ActivityManager: Slow operation: 75ms so far, now at startProcess: done updating battery stats
06-04 12:19:31.836  1173  1200 W ActivityManager: Slow operation: 76ms so far, now at startProcess: building log message
06-04 12:19:31.836  1173  1200 I ActivityManager: Start proc 8867:com.android.keychain/1000 for service {com.android.keychain/com.android.keychain.KeyChainService}
06-04 12:19:31.836  1173  1200 W ActivityManager: Slow operation: 76ms so far, now at startProcess: starting to update pids map
06-04 12:19:31.837  1173  1200 W ActivityManager: Slow operation: 77ms so far, now at startProcess: done updating pids map
06-04 12:19:31.846  1173  4374 I ActivityManager: Process WebViewLoader-armeabi-v7a (pid 8820) has died: psvc PER 
06-04 12:19:31.877  1173  1205 E KernelCpuSpeedReader: Failed to read cpu-freq: /sys/devices/system/cpu/cpu4/cpufreq/stats/time_in_state: open failed: ENOENT (No such file or directory)
06-04 12:19:31.878  1173  1205 E KernelCpuSpeedReader: Failed to read cpu-freq: /sys/devices/system/cpu/cpu0/cpufreq/stats/time_in_state: open failed: ENOENT (No such file or directory)
06-04 12:19:31.911  1173  1173 I Telecom : DefaultDialerCache: Refreshing default dialer for user 0: now com.google.android.dialer: DDC.oR@ANQ
06-04 12:19:31.954  1173  3372 W ActivityManager: Slow operation: 82ms so far, now at startProcess: done creating new process record
06-04 12:19:31.954  1173  3372 W ActivityManager: Slow operation: 82ms so far, now at startProcess: stepping in to startProcess
06-04 12:19:31.956  1173  3372 W ActivityManager: Slow operation: 84ms so far, now at startProcess: done starting proc!
06-04 12:19:31.999  1173  3372 E ActivityManager: Already have existing proc ProcessRecord{d0c0d4c 8840:WebViewLoader-arm64-v8a/1037} when adding ProcessRecord{ccff71a 0:WebViewLoader-arm64-v8a/1037}
06-04 12:19:32.003  1173  1200 I ActivityManager: Start proc 8887:WebViewLoader-armeabi-v7a/1037 [android.webkit.WebViewLibraryLoader$RelroFileCreator] for null
06-04 12:19:32.005  1173  1200 W ActivityManager: Slow operation: 51ms so far, now at startProcess: done updating pids map
06-04 12:19:32.013  1173  1199 I DropBoxManagerService: add tag=system_server_wtf isTagEnabled=true flags=0x2
06-04 12:19:32.059  1173  1200 W ActivityManager: Slow operation: 59ms so far, now at startProcess: returned from zygote!
06-04 12:19:32.060  1173  1200 W ActivityManager: Slow operation: 60ms so far, now at startProcess: done updating battery stats
06-04 12:19:32.061  1173  1200 W ActivityManager: Slow operation: 61ms so far, now at startProcess: building log message
06-04 12:19:32.061  1173  1200 I ActivityManager: Start proc 8911:WebViewLoader-arm64-v8a/1037 [android.webkit.WebViewLibraryLoader$RelroFileCreator] for null
06-04 12:19:32.061  1173  1200 W ActivityManager: Slow operation: 61ms so far, now at startProcess: starting to update pids map
06-04 12:19:32.062  1173  1200 W ActivityManager: Slow operation: 62ms so far, now at startProcess: done updating pids map
06-04 12:19:32.077  1173  1717 I ActivityManager: Process WebViewLoader-arm64-v8a (pid 8840) has died: psvc PER 
06-04 12:19:32.081  1173  1205 E KernelCpuSpeedReader: Failed to read cpu-freq: /sys/devices/system/cpu/cpu4/cpufreq/stats/time_in_state: open failed: ENOENT (No such file or directory)
06-04 12:19:32.082  1173  1205 E KernelCpuSpeedReader: Failed to read cpu-freq: /sys/devices/system/cpu/cpu0/cpufreq/stats/time_in_state: open failed: ENOENT (No such file or directory)
06-04 12:19:32.109  1173  1189 W Looper  : Slow dispatch took 201ms android.fg h=android.os.Handler c=<recycled PooledLambda@4c91fb3> m=0
06-04 12:19:32.116  1173  1173 W Looper  : Drained
06-04 12:19:32.217  1173  1189 W Looper  : Slow dispatch took 108ms android.fg h=android.os.Handler c=<recycled PooledLambda@1d974c3> m=0
06-04 12:19:32.241  1173  1173 W Looper  : Slow dispatch took 125ms main h=android.os.Handler c=android.view.accessibility.-$$Lambda$AccessibilityManager$1$o7fCplskH9NlBwJvkl6NoZ0L_BA@270e1b8 m=0
06-04 12:19:32.252  1173  3896 I ActivityManager: Process WebViewLoader-armeabi-v7a (pid 8887) has died: psvc PER 
06-04 12:19:32.351  1173  1503 I ActivityManager: Process WebViewLoader-arm64-v8a (pid 8911) has died: psvc PER 
06-04 12:19:32.401  1173  1189 I RoleManagerService: Granting default roles...
06-04 12:19:32.403  1173  1189 W Looper  : Drained
06-04 12:19:32.450  1173  3148 W BroadcastQueue: Background execution not allowed: receiving Intent { act=android.intent.action.PACKAGE_REMOVED dat=package:com.google.android.webview flg=0x4000010 (has extras) } to com.android.vending/com.google.android.finsky.packagemonitor.impl.PackageMonitorReceiverImpl$RegisteredReceiver
06-04 12:19:32.467  1173  1199 W BroadcastQueue: Background execution not allowed: receiving Intent { act=android.intent.action.PACKAGE_REMOVED dat=package:com.google.android.webview flg=0x4000010 (has extras) } to com.android.vending/com.google.android.finsky.packagemonitor.backgroundimpl.BackgroundPackageMonitorReceiverImpl$RegisteredReceiver
06-04 12:19:32.468  1173  1199 W BroadcastQueue: Background execution not allowed: receiving Intent { act=android.intent.action.PACKAGE_REMOVED dat=package:com.google.android.webview flg=0x4000010 (has extras) } to com.android.vending/com.google.android.finsky.instantapps.appmanagement.InstantAppRemoveMonitor
06-04 12:19:32.470  1173  1199 W BroadcastQueue: Background execution not allowed: receiving Intent { act=android.intent.action.PACKAGE_REMOVED dat=package:com.google.android.webview flg=0x4000010 (has extras) } to com.google.android.gms/.chimera.GmsIntentOperationService$PersistentTrustedReceiver
06-04 12:19:32.471  1173  1199 W BroadcastQueue: Background execution not allowed: receiving Intent { act=android.intent.action.PACKAGE_REMOVED dat=package:com.google.android.webview flg=0x4000010 (has extras) } to com.google.android.gms/.games.chimera.GamesSystemBroadcastReceiverProxy
06-04 12:19:32.472  1173  1199 W BroadcastQueue: Background execution not allowed: receiving Intent { act=android.intent.action.PACKAGE_REMOVED dat=package:com.google.android.webview flg=0x4000010 (has extras) } to com.google.android.googlequicksearchbox/com.google.android.apps.gsa.googlequicksearchbox.GelStubAppWatcher
06-04 12:19:32.606  1173  1200 I ActivityManager: Start proc 8951:com.android.vending:instant_app_installer/u0a114 for broadcast {com.android.vending/com.google.android.finsky.instantapps.appmanagement.InstantAppRemoveMonitor}
06-04 12:19:33.075  1173  3148 W BroadcastQueue: Background execution not allowed: receiving Intent { act=android.intent.action.PACKAGE_ADDED dat=package:com.google.android.webview flg=0x4000010 (has extras) } to com.google.android.packageinstaller/com.android.packageinstaller.PackageInstalledReceiver
06-04 12:19:33.093  1173  1199 W BroadcastQueue: Background execution not allowed: receiving Intent { act=android.intent.action.PACKAGE_ADDED dat=package:com.google.android.webview flg=0x4000010 (has extras) } to com.android.vending/com.google.android.finsky.packagemonitor.impl.PackageMonitorReceiverImpl$RegisteredReceiver
06-04 12:19:33.093  1173  1199 W BroadcastQueue: Background execution not allowed: receiving Intent { act=android.intent.action.PACKAGE_ADDED dat=package:com.google.android.webview flg=0x4000010 (has extras) } to com.android.vending/com.google.android.finsky.packagemonitor.backgroundimpl.BackgroundPackageMonitorReceiverImpl$RegisteredReceiver
06-04 12:19:33.093  1173  1199 W BroadcastQueue: Background execution not allowed: receiving Intent { act=android.intent.action.PACKAGE_ADDED dat=package:com.google.android.webview flg=0x4000010 (has extras) } to com.google.android.gms/.chimera.GmsIntentOperationService$PersistentTrustedReceiver
06-04 12:19:33.094  1173  1199 W BroadcastQueue: Background execution not allowed: receiving Intent { act=android.intent.action.PACKAGE_ADDED dat=package:com.google.android.webview flg=0x4000010 (has extras) } to com.google.android.gms/.games.chimera.GamesSystemBroadcastReceiverProxy
06-04 12:19:33.094  1173  1199 W BroadcastQueue: Background execution not allowed: receiving Intent { act=android.intent.action.PACKAGE_ADDED dat=package:com.google.android.webview flg=0x4000010 (has extras) } to com.google.android.gms/.gass.chimera.PackageChangeBroadcastReceiver
06-04 12:19:33.094  1173  1199 W BroadcastQueue: Background execution not allowed: receiving Intent { act=android.intent.action.PACKAGE_ADDED dat=package:com.google.android.webview flg=0x4000010 (has extras) } to com.google.android.googlequicksearchbox/com.google.android.apps.gsa.googlequicksearchbox.GelStubAppWatcher
06-04 12:19:33.392  1173  1186 W BroadcastQueue: Background execution not allowed: receiving Intent { act=android.intent.action.PACKAGE_REPLACED dat=package:com.google.android.webview flg=0x4000010 (has extras) } to com.google.android.gms/.chimera.GmsIntentOperationService$PersistentTrustedReceiver
06-04 12:19:33.400  1173  1199 W BroadcastQueue: Background execution not allowed: receiving Intent { act=android.intent.action.PACKAGE_REPLACED dat=package:com.google.android.webview flg=0x4000010 (has extras) } to com.google.android.gms/.gass.chimera.PackageChangeBroadcastReceiver
06-04 12:19:33.401  1173  1199 W BroadcastQueue: Background execution not allowed: receiving Intent { act=android.intent.action.PACKAGE_REPLACED dat=package:com.google.android.webview flg=0x4000010 (has extras) } to com.google.android.googlequicksearchbox/com.google.android.apps.gsa.googlequicksearchbox.GelStubAppWatcher
06-04 12:19:33.401  1173  1199 W BroadcastQueue: Background execution not allowed: receiving Intent { act=android.intent.action.PACKAGE_REPLACED dat=package:com.google.android.webview flg=0x4000010 (has extras) } to com.topjohnwu.magisk/.core.Receiver
06-04 12:19:33.787  1173  1716 W WindowManager: Permission Denial: addWindowTokenWithOptions from pid=8764, uid=10124 requires android.permission.STATUS_BAR_SERVICE
06-04 12:19:33.787  1173  1716 W WindowManager: Permission Denial: addWindowToken() from pid=8764, uid=10124 requires android.permission.MANAGE_APP_TOKENS
06-04 12:19:33.892  1173  1200 I ActivityManager: Start proc 9032:com.google.android.apps.tachyon/u0a141 for service {com.google.android.apps.tachyon/com.google.android.apps.tachyon.clientapi.ClientApiService}
06-04 12:19:34.026  1173  1199 W BroadcastQueue: Background execution not allowed: receiving Intent { act=android.intent.action.DROPBOX_ENTRY_ADDED flg=0x10 (has extras) } to com.google.android.gms/.stats.service.DropBoxEntryAddedReceiver
06-04 12:19:48.929  1173  1186 I ActivityManager: Killing 6669:com.google.android.gm/u0a147 (adj 985): empty #17
06-04 12:19:55.564  1173  1431 I ActivityManager: Killing 7561:com.google.android.configupdater/u0a120 (adj 985): empty #17
06-04 12:20:01.800  1173  1198 I ActivityManager: Killing 7618:com.google.android.deskclock/u0a133 (adj 985): empty #17
06-04 12:20:04.934  1173  1200 I ActivityManager: Start proc 9111:com.android.cellbroadcastreceiver/u0a78 for broadcast {com.android.cellbroadcastreceiver/com.android.cellbroadcastreceiver.CellBroadcastReceiver}
06-04 12:20:05.072  1173  3372 I ActivityManager: Killing 2412:android.process.acore/u0a58 (adj 985): empty #17
06-04 12:20:20.346  1173  1213 I PowerManagerService: Going to sleep due to timeout (uid 1000)...
06-04 12:20:20.351  1173  1213 I PowerManagerService: Sleeping (uid 1000)...
06-04 12:20:20.547  1173  1213 I DisplayPowerController: Blocking screen off
06-04 12:20:20.548  1173  1213 I DisplayPowerController: Unblocked screen off after 1 ms
06-04 12:20:20.574  1173  1205 E KernelCpuSpeedReader: Failed to read cpu-freq: /sys/devices/system/cpu/cpu4/cpufreq/stats/time_in_state: open failed: ENOENT (No such file or directory)
06-04 12:20:20.575  1173  1205 E KernelCpuSpeedReader: Failed to read cpu-freq: /sys/devices/system/cpu/cpu0/cpufreq/stats/time_in_state: open failed: ENOENT (No such file or directory)
06-04 12:20:20.641  1173  1192 I DisplayManagerService: Display device changed state: "Wbudowany ekran", OFF
06-04 12:20:20.650  1173  1192 W WindowManager: Changing focus fromWindow{5519b51 u0 pl.mindmade.pim/pl.mindmade.pim.main.MainActivity} to null displayId=0 Callers=com.android.server.wm.RootWindowContainer.updateFocusedWindowLocked:457 com.android.server.wm.WindowManagerService.updateFocusedWindowLocked:5602 com.android.server.wm.ActivityRecord.commitVisibility:4297 com.android.server.wm.ActivityRecord.setVisibility:4239 
06-04 12:20:21.696  1173  1173 W NotificationHistory: Attempted to add notif for locked/gone/disabled user 0
06-04 12:20:25.540  1173  2062 I WindowManager: Relayout Window{f4fa032 u0 NotificationShade}: oldVis=4 newVis=0 focusMayChange = true
06-04 12:20:25.552  1173  2062 W WindowManager: Changing focus fromnull to Window{f4fa032 u0 NotificationShade} displayId=0 Callers=com.android.server.wm.RootWindowContainer.updateFocusedWindowLocked:457 com.android.server.wm.WindowManagerService.updateFocusedWindowLocked:5602 com.android.server.wm.WindowManagerService.relayoutWindow:2395 com.android.server.wm.Session.relayout:213 
06-04 12:20:25.580  1173  1192 W ActivityTaskManager: Sleep timeout!  Sleeping now.
06-04 12:21:09.344  1173  1431 I ActivityManager: Killing 7730:com.google.android.setupwizard/u0a156 (adj 985): empty #17
06-04 12:21:27.644  1173  1187 I RescueParty: Starting to observe: [android], updated namespace: storage_native_boot
06-04 12:21:27.645  1173  1187 I PackageWatchdog: Updated health check state for package android: INACTIVE -> INACTIVE
06-04 12:21:27.646  1173  1198 I PackageWatchdog: Syncing state, reason: observing new packages
06-04 12:21:27.646  1173  1198 I PackageWatchdog: Not pruning observers, elapsed time: 0ms
06-04 12:21:27.646  1173  1198 I PackageWatchdog: Cancelling state sync, nothing to sync
06-04 12:21:27.646  1173  1198 I PackageWatchdog: Syncing state, reason: updated observers
06-04 12:21:27.646  1173  1198 I PackageWatchdog: Not pruning observers, elapsed time: 0ms
06-04 12:21:27.646  1173  1198 I PackageWatchdog: Scheduling next state sync in 172800000ms
06-04 12:21:27.646  1173  1198 I PackageWatchdog: Saving observer state to file
06-04 12:21:27.655  1173  1173 I PackageWatchdog: Syncing health check requests for packages: {android}
06-04 12:21:27.655  1173  1173 I ExplicitHealthCheckController: Service not ready to get health check supported packages. Binding...
06-04 12:21:27.659  1173  1173 I ExplicitHealthCheckController: Explicit health check service is bound
06-04 12:21:27.672  1173  1173 I ExplicitHealthCheckController: Explicit health check service is connected ComponentInfo{com.google.android.ext.services/android.ext.services.watchdog.ExplicitHealthCheckServiceImpl}
06-04 12:21:27.672  1173  1173 I ExplicitHealthCheckController: Service initialized, syncing requests
06-04 12:21:27.673  1173  1173 I PackageWatchdog: Syncing health check requests for packages: {android}
06-04 12:21:27.679  1173  3894 I ExplicitHealthCheckController: Explicit health check supported packages [PackageConfig{com.google.android.networkstack, 86400000}]
06-04 12:21:27.679  1173  3894 I PackageWatchdog: Updated health check state for package android: INACTIVE -> PASSED
06-04 12:21:27.680  1173  3894 I PackageWatchdog: Syncing state, reason: updated health check supported packages [PackageConfig{com.google.android.networkstack, 86400000}]
06-04 12:21:27.681  1173  3894 I PackageWatchdog: Removing 35ms from all packages on all observers
06-04 12:21:27.681  1173  3894 I PackageWatchdog: Updated health check state for package android: PASSED -> PASSED
06-04 12:21:27.681  1173  3894 I PackageWatchdog: Discarding observer rollback-observer. All packages expired
06-04 12:21:27.681  1173  3894 I PackageWatchdog: Scheduling next state sync in 172799965ms
06-04 12:21:27.682  1173  1173 I PackageWatchdog: Syncing health check requests for packages: {}
06-04 12:21:27.682  1173  1198 I PackageWatchdog: Saving observer state to file
06-04 12:21:27.685  1173  3894 I ExplicitHealthCheckController: Explicit health check supported packages [PackageConfig{com.google.android.networkstack, 86400000}]
06-04 12:21:27.686  1173  4139 I ExplicitHealthCheckController: Explicit health check requested packages []
06-04 12:21:27.686  1173  4139 I ExplicitHealthCheckController: No more health check requests, unbinding...
06-04 12:21:27.690  1173  4139 I ExplicitHealthCheckController: Explicit health check service is unbound
06-04 12:21:27.694  1173  3894 I PackageWatchdog: Updated health check state for package android: PASSED -> PASSED
06-04 12:21:27.695  1173  3894 I ExplicitHealthCheckController: Service not ready to get health check requested packages. Binding...
06-04 12:21:27.700  1173  3894 I ExplicitHealthCheckController: Explicit health check service is bound
06-04 12:21:27.705  1173  1173 I ExplicitHealthCheckController: Explicit health check service is connected ComponentInfo{com.google.android.ext.services/android.ext.services.watchdog.ExplicitHealthCheckServiceImpl}
06-04 12:21:27.706  1173  1173 I ExplicitHealthCheckController: Service initialized, syncing requests
06-04 12:21:27.706  1173  1173 I PackageWatchdog: Syncing health check requests for packages: {}
06-04 12:21:27.708  1173  3894 I ExplicitHealthCheckController: Explicit health check supported packages [PackageConfig{com.google.android.networkstack, 86400000}]
06-04 12:21:27.708  1173  3894 I PackageWatchdog: Updated health check state for package android: PASSED -> PASSED
06-04 12:21:27.710  1173  3894 I ExplicitHealthCheckController: Explicit health check requested packages []
06-04 12:21:27.711  1173  3894 I ExplicitHealthCheckController: No more health check requests, unbinding...
06-04 12:21:27.714  1173  3894 I ExplicitHealthCheckController: Explicit health check service is unbound
06-04 12:21:27.743  1173  3894 I RescueParty: Starting to observe: [android], updated namespace: runtime_native_boot
06-04 12:21:27.743  1173  3894 I PackageWatchdog: Updated health check state for package android: INACTIVE -> INACTIVE
06-04 12:21:27.744  1173  1198 I PackageWatchdog: Syncing state, reason: observing new packages
06-04 12:21:27.744  1173  1198 I PackageWatchdog: Removing 62ms from all packages on all observers
06-04 12:21:27.744  1173  1198 I PackageWatchdog: Updated health check state for package android: PASSED -> PASSED
06-04 12:21:27.744  1173  1198 I PackageWatchdog: Scheduling next state sync in 172799903ms
06-04 12:21:27.744  1173  1173 I PackageWatchdog: Syncing health check requests for packages: {}
06-04 12:21:27.744  1173  1173 I ExplicitHealthCheckController: Service not ready to get health check supported packages. Binding...
06-04 12:21:27.744  1173  1198 I PackageWatchdog: Syncing state, reason: updated observers
06-04 12:21:27.744  1173  1198 I PackageWatchdog: Not pruning observers, elapsed time: 0ms
06-04 12:21:27.744  1173  1198 I PackageWatchdog: Scheduling next state sync in 172800000ms
06-04 12:21:27.744  1173  1198 I PackageWatchdog: Saving observer state to file
06-04 12:21:27.748  1173  1173 I ExplicitHealthCheckController: Explicit health check service is bound
06-04 12:21:27.754  1173  1173 I PackageWatchdog: Syncing health check requests for packages: {}
06-04 12:21:27.754  1173  1173 I ExplicitHealthCheckController: Service not ready to get health check supported packages. Binding...
06-04 12:21:27.754  1173  1173 I ExplicitHealthCheckController: Not binding to service, service already connecting
06-04 12:21:27.754  1173  1173 I ExplicitHealthCheckController: Explicit health check service is connected ComponentInfo{com.google.android.ext.services/android.ext.services.watchdog.ExplicitHealthCheckServiceImpl}
06-04 12:21:27.755  1173  1173 I ExplicitHealthCheckController: Service initialized, syncing requests
06-04 12:21:27.755  1173  1173 I PackageWatchdog: Syncing health check requests for packages: {}
06-04 12:21:27.759  1173  3642 I ExplicitHealthCheckController: Explicit health check supported packages [PackageConfig{com.google.android.networkstack, 86400000}]
06-04 12:21:27.759  1173  3642 I PackageWatchdog: Updated health check state for package android: PASSED -> PASSED
06-04 12:21:27.760  1173  3642 I ExplicitHealthCheckController: Explicit health check requested packages []
